

================================================================
== Vitis HLS Report for 'LSTM_20ul_20ul_2ul_3_Pipeline_VITIS_LOOP_104_2'
================================================================
* Date:           Fri Oct  6 13:58:03 2023

* Version:        2023.1 (Build 3854077 on May  4 2023)
* Project:        matrix_test2
* Solution:       solution1 (Vivado IP Flow Target)
* Product family: zynquplus
* Target device:  xczu7ev-ffvc1156-2-e


================================================================
== Performance Estimates
================================================================
+ Timing: 
    * Summary: 
    +--------+---------+-----------+------------+
    |  Clock |  Target | Estimated | Uncertainty|
    +--------+---------+-----------+------------+
    |ap_clk  |  0.35 us|  20.066 ns|    94.50 ns|
    +--------+---------+-----------+------------+

+ Latency: 
    * Summary: 
    +---------+---------+-----------+-----------+-----+-----+---------+
    |  Latency (cycles) |   Latency (absolute)  |  Interval | Pipeline|
    |   min   |   max   |    min    |    max    | min | max |   Type  |
    +---------+---------+-----------+-----------+-----+-----+---------+
    |       42|       42|  14.700 us|  14.700 us|   42|   42|       no|
    +---------+---------+-----------+-----------+-----+-----+---------+

    + Detail: 
        * Instance: 
        +------------------+-------+---------+---------+----------+----------+-----+-----+---------+
        |                  |       |  Latency (cycles) |  Latency (absolute) |  Interval | Pipeline|
        |     Instance     | Module|   min   |   max   |    min   |    max   | min | max |   Type  |
        +------------------+-------+---------+---------+----------+----------+-----+-----+---------+
        |grp_sigm_fu_5047  |sigm   |        0|        0|      0 ns|      0 ns|    1|    1|      yes|
        |grp_sigm_fu_5053  |sigm   |        0|        0|      0 ns|      0 ns|    1|    1|      yes|
        |grp_sigm_fu_5059  |sigm   |        0|        0|      0 ns|      0 ns|    1|    1|      yes|
        +------------------+-------+---------+---------+----------+----------+-----+-----+---------+

        * Loop: 
        +--------------------+---------+---------+----------+-----------+-----------+------+----------+
        |                    |  Latency (cycles) | Iteration|  Initiation Interval  | Trip |          |
        |      Loop Name     |   min   |   max   |  Latency |  achieved |   target  | Count| Pipelined|
        +--------------------+---------+---------+----------+-----------+-----------+------+----------+
        |- VITIS_LOOP_104_2  |       40|       40|         2|          2|          1|    20|       yes|
        +--------------------+---------+---------+----------+-----------+-----------+------+----------+



================================================================
== Utilization Estimates
================================================================
* Summary: 
+-----------------+---------+------+--------+--------+-----+
|       Name      | BRAM_18K|  DSP |   FF   |   LUT  | URAM|
+-----------------+---------+------+--------+--------+-----+
|DSP              |        -|     -|       -|       -|    -|
|Expression       |        -|     -|       0|     330|    -|
|FIFO             |        -|     -|       -|       -|    -|
|Instance         |        -|     2|       0|    3737|    -|
|Memory           |        -|     -|       -|       -|    -|
|Multiplexer      |        -|     -|       -|    2135|    -|
|Register         |        -|     -|    3209|       -|    -|
+-----------------+---------+------+--------+--------+-----+
|Total            |        0|     2|    3209|    6202|    0|
+-----------------+---------+------+--------+--------+-----+
|Available        |      624|  1728|  460800|  230400|   96|
+-----------------+---------+------+--------+--------+-----+
|Utilization (%)  |        0|    ~0|      ~0|       2|    0|
+-----------------+---------+------+--------+--------+-----+

+ Detail: 
    * Instance: 
    +-----------------------------+----------------------+---------+----+---+------+-----+
    |           Instance          |        Module        | BRAM_18K| DSP| FF|  LUT | URAM|
    +-----------------------------+----------------------+---------+----+---+------+-----+
    |mul_22ns_22ns_44_1_1_U39881  |mul_22ns_22ns_44_1_1  |        0|   2|  0|    22|    0|
    |mux_20_5_22_1_1_U39882       |mux_20_5_22_1_1       |        0|   0|  0|   101|    0|
    |mux_20_5_22_1_1_U39883       |mux_20_5_22_1_1       |        0|   0|  0|   101|    0|
    |grp_sigm_fu_5047             |sigm                  |        0|   0|  0|  1171|    0|
    |grp_sigm_fu_5053             |sigm                  |        0|   0|  0|  1171|    0|
    |grp_sigm_fu_5059             |sigm                  |        0|   0|  0|  1171|    0|
    +-----------------------------+----------------------+---------+----+---+------+-----+
    |Total                        |                      |        0|   2|  0|  3737|    0|
    +-----------------------------+----------------------+---------+----+---+------+-----+

    * DSP: 
    N/A

    * Memory: 
    N/A

    * FIFO: 
    N/A

    * Expression: 
    +---------------------------+----------+----+---+----+------------+------------+
    |       Variable Name       | Operation| DSP| FF| LUT| Bitwidth P0| Bitwidth P1|
    +---------------------------+----------+----+---+----+------------+------------+
    |add_ln104_fu_5912_p2       |         +|   0|  0|  12|           5|           1|
    |add_ln110_1_fu_6702_p2     |         +|   0|  0|  29|          22|          22|
    |add_ln110_2_fu_6666_p2     |         +|   0|  0|  46|          39|          39|
    |add_ln110_fu_6660_p2       |         +|   0|  0|  52|          45|          45|
    |and_ln110_fu_6722_p2       |       and|   0|  0|   2|           1|           1|
    |ap_condition_1609          |       and|   0|  0|   2|           1|           1|
    |ap_condition_2542          |       and|   0|  0|   2|           1|           1|
    |ap_condition_2572          |       and|   0|  0|   2|           1|           1|
    |icmp_ln104_fu_5906_p2      |      icmp|   0|  0|  12|           5|           5|
    |icmp_ln110_fu_6738_p2      |      icmp|   0|  0|  13|           6|           1|
    |icmp_ln29_1_fu_6758_p2     |      icmp|   0|  0|  29|          22|          18|
    |icmp_ln29_fu_6130_p2       |      icmp|   0|  0|  29|          22|          18|
    |or_ln110_fu_6744_p2        |        or|   0|  0|   2|           1|           1|
    |select_ln106_fu_6136_p3    |    select|   0|  0|  17|           1|          18|
    |select_ln110_1_fu_6641_p3  |    select|   0|  0|  35|           1|          39|
    |select_ln110_fu_6750_p3    |    select|   0|  0|  21|           1|           2|
    |select_ln111_fu_6764_p3    |    select|   0|  0|  21|           1|          22|
    |ap_enable_pp0              |       xor|   0|  0|   2|           1|           2|
    |xor_ln110_fu_6716_p2       |       xor|   0|  0|   2|           1|           2|
    +---------------------------+----------+----+---+----+------------+------------+
    |Total                      |          |   0|  0| 330|         177|         239|
    +---------------------------+----------+----+---+----+------------+------------+

    * Multiplexer: 
    +--------------------------------------------------------+-----+-----------+-----+-----------+
    |                          Name                          | LUT | Input Size| Bits| Total Bits|
    +--------------------------------------------------------+-----+-----------+-----+-----------+
    |ap_NS_fsm                                               |   14|          3|    1|          3|
    |ap_done_int                                             |    9|          2|    1|          2|
    |ap_enable_reg_pp0_iter0                                 |    9|          2|    1|          2|
    |ap_enable_reg_pp0_iter1                                 |    9|          2|    1|          2|
    |ap_phi_mux_output_vectors_60_val245_phi_fu_3834_p40     |   14|          3|   22|         66|
    |ap_phi_mux_output_vectors_61_val232_phi_fu_3898_p40     |   14|          3|   22|         66|
    |ap_phi_mux_output_vectors_62_val219_phi_fu_3962_p40     |   14|          3|   22|         66|
    |ap_phi_mux_output_vectors_63_val206_phi_fu_4026_p40     |   14|          3|   22|         66|
    |ap_phi_mux_output_vectors_64_val193_phi_fu_4090_p40     |   14|          3|   22|         66|
    |ap_phi_mux_output_vectors_65_val180_phi_fu_4154_p40     |   14|          3|   22|         66|
    |ap_phi_mux_output_vectors_66_val167_phi_fu_4218_p40     |   14|          3|   22|         66|
    |ap_phi_mux_output_vectors_67_val154_phi_fu_4282_p40     |   14|          3|   22|         66|
    |ap_phi_mux_output_vectors_68_val141_phi_fu_4346_p40     |   14|          3|   22|         66|
    |ap_phi_mux_output_vectors_69_val128_phi_fu_4410_p40     |   14|          3|   22|         66|
    |ap_phi_mux_output_vectors_70_val115_phi_fu_4474_p40     |   14|          3|   22|         66|
    |ap_phi_mux_output_vectors_71_val102_phi_fu_4538_p40     |   14|          3|   22|         66|
    |ap_phi_mux_output_vectors_72_val89_phi_fu_4602_p40      |   14|          3|   22|         66|
    |ap_phi_mux_output_vectors_73_val76_phi_fu_4666_p40      |   14|          3|   22|         66|
    |ap_phi_mux_output_vectors_74_val63_phi_fu_4730_p40      |   14|          3|   22|         66|
    |ap_phi_mux_output_vectors_75_val50_phi_fu_4794_p40      |   14|          3|   22|         66|
    |ap_phi_mux_output_vectors_76_val37_phi_fu_4858_p40      |   14|          3|   22|         66|
    |ap_phi_mux_output_vectors_77_val24_phi_fu_4922_p40      |   14|          3|   22|         66|
    |ap_phi_mux_output_vectors_78_val11_phi_fu_4986_p40      |   14|          3|   22|         66|
    |ap_phi_mux_output_vectors_79_val258_phi_fu_3770_p40     |   14|          3|   22|         66|
    |ap_phi_reg_pp0_iter1_output_vectors_60_val243_reg_2912  |   14|          3|   22|         66|
    |ap_phi_reg_pp0_iter1_output_vectors_61_val230_reg_2957  |   14|          3|   22|         66|
    |ap_phi_reg_pp0_iter1_output_vectors_62_val217_reg_3002  |   14|          3|   22|         66|
    |ap_phi_reg_pp0_iter1_output_vectors_63_val204_reg_3047  |   14|          3|   22|         66|
    |ap_phi_reg_pp0_iter1_output_vectors_64_val191_reg_3092  |   14|          3|   22|         66|
    |ap_phi_reg_pp0_iter1_output_vectors_65_val178_reg_3137  |   14|          3|   22|         66|
    |ap_phi_reg_pp0_iter1_output_vectors_66_val165_reg_3182  |   14|          3|   22|         66|
    |ap_phi_reg_pp0_iter1_output_vectors_67_val152_reg_3227  |   14|          3|   22|         66|
    |ap_phi_reg_pp0_iter1_output_vectors_68_val139_reg_3272  |   14|          3|   22|         66|
    |ap_phi_reg_pp0_iter1_output_vectors_69_val126_reg_3317  |   14|          3|   22|         66|
    |ap_phi_reg_pp0_iter1_output_vectors_70_val113_reg_3362  |   14|          3|   22|         66|
    |ap_phi_reg_pp0_iter1_output_vectors_71_val100_reg_3407  |   14|          3|   22|         66|
    |ap_phi_reg_pp0_iter1_output_vectors_72_val87_reg_3452   |   14|          3|   22|         66|
    |ap_phi_reg_pp0_iter1_output_vectors_73_val74_reg_3497   |   14|          3|   22|         66|
    |ap_phi_reg_pp0_iter1_output_vectors_74_val61_reg_3542   |   14|          3|   22|         66|
    |ap_phi_reg_pp0_iter1_output_vectors_75_val48_reg_3587   |   14|          3|   22|         66|
    |ap_phi_reg_pp0_iter1_output_vectors_76_val35_reg_3632   |   14|          3|   22|         66|
    |ap_phi_reg_pp0_iter1_output_vectors_77_val22_reg_3677   |   14|          3|   22|         66|
    |ap_phi_reg_pp0_iter1_output_vectors_78_val9_reg_3722    |   14|          3|   22|         66|
    |ap_phi_reg_pp0_iter1_output_vectors_79_val256_reg_2867  |   14|          3|   22|         66|
    |ap_phi_reg_pp0_iter1_ref_tmp14_1_reg_2777               |    9|          2|   22|         44|
    |ap_phi_reg_pp0_iter1_ref_tmp27_1_reg_2732               |    9|          2|   22|         44|
    |ap_phi_reg_pp0_iter1_ref_tmp_1_reg_2822                 |    9|          2|   22|         44|
    |cell_state_0_0_fu_924                                   |    9|          2|   22|         44|
    |cell_state_10_0_fu_1044                                 |    9|          2|   22|         44|
    |cell_state_11_0_fu_1056                                 |    9|          2|   22|         44|
    |cell_state_1214_0_fu_1068                               |    9|          2|   22|         44|
    |cell_state_13_0_fu_1080                                 |    9|          2|   22|         44|
    |cell_state_14_0_fu_1092                                 |    9|          2|   22|         44|
    |cell_state_15_0_fu_1104                                 |    9|          2|   22|         44|
    |cell_state_16_0_fu_1116                                 |    9|          2|   22|         44|
    |cell_state_17_0_fu_1128                                 |    9|          2|   22|         44|
    |cell_state_18_0_fu_1140                                 |    9|          2|   22|         44|
    |cell_state_19_0_fu_1148                                 |    9|          2|   22|         44|
    |cell_state_1_0_fu_936                                   |    9|          2|   22|         44|
    |cell_state_2_0_fu_948                                   |    9|          2|   22|         44|
    |cell_state_3_0_fu_960                                   |    9|          2|   22|         44|
    |cell_state_4_0_fu_972                                   |    9|          2|   22|         44|
    |cell_state_5_0_fu_984                                   |    9|          2|   22|         44|
    |cell_state_6_0_fu_996                                   |    9|          2|   22|         44|
    |cell_state_7_0_fu_1008                                  |    9|          2|   22|         44|
    |cell_state_8_0_fu_1020                                  |    9|          2|   22|         44|
    |cell_state_9_0_fu_1032                                  |    9|          2|   22|         44|
    |grp_sigm_fu_5047_x_val                                  |  106|         21|   22|        462|
    |grp_sigm_fu_5053_x_val                                  |  106|         21|   22|        462|
    |grp_sigm_fu_5059_x_val                                  |  106|         21|   22|        462|
    |k_fu_588                                                |    9|          2|    5|         10|
    |mux_case_40129_fu_592                                   |    9|          2|   22|         44|
    |mux_case_41130_fu_596                                   |    9|          2|   22|         44|
    |mux_case_42131_fu_600                                   |    9|          2|   22|         44|
    |mux_case_43132_fu_604                                   |    9|          2|   22|         44|
    |mux_case_44133_fu_608                                   |    9|          2|   22|         44|
    |mux_case_45134_fu_612                                   |    9|          2|   22|         44|
    |mux_case_46135_fu_616                                   |    9|          2|   22|         44|
    |mux_case_47136_fu_620                                   |    9|          2|   22|         44|
    |mux_case_48137_fu_624                                   |    9|          2|   22|         44|
    |mux_case_49138_fu_628                                   |    9|          2|   22|         44|
    |mux_case_50139_fu_632                                   |    9|          2|   22|         44|
    |mux_case_51140_fu_636                                   |    9|          2|   22|         44|
    |mux_case_52141_fu_640                                   |    9|          2|   22|         44|
    |mux_case_53142_fu_644                                   |    9|          2|   22|         44|
    |mux_case_54143_fu_648                                   |    9|          2|   22|         44|
    |mux_case_55144_fu_652                                   |    9|          2|   22|         44|
    |mux_case_56145_fu_656                                   |    9|          2|   22|         44|
    |mux_case_57146_fu_660                                   |    9|          2|   22|         44|
    |mux_case_58147_fu_664                                   |    9|          2|   22|         44|
    |mux_case_59148_fu_668                                   |    9|          2|   22|         44|
    |output_vectors_0_val_fu_888                             |    9|          2|   22|         44|
    |output_vectors_10_val_fu_768                            |    9|          2|   22|         44|
    |output_vectors_11_val_fu_756                            |    9|          2|   22|         44|
    |output_vectors_12_val_fu_744                            |    9|          2|   22|         44|
    |output_vectors_13_val_fu_732                            |    9|          2|   22|         44|
    |output_vectors_14_val_fu_720                            |    9|          2|   22|         44|
    |output_vectors_15_val_fu_708                            |    9|          2|   22|         44|
    |output_vectors_16_val_fu_696                            |    9|          2|   22|         44|
    |output_vectors_17_val_fu_684                            |    9|          2|   22|         44|
    |output_vectors_18_val_fu_672                            |    9|          2|   22|         44|
    |output_vectors_19_val_fu_900                            |    9|          2|   22|         44|
    |output_vectors_1_val_fu_876                             |    9|          2|   22|         44|
    |output_vectors_20_val_fu_892                            |    9|          2|   22|         44|
    |output_vectors_21_val_fu_880                            |    9|          2|   22|         44|
    |output_vectors_22_val_fu_868                            |    9|          2|   22|         44|
    |output_vectors_23_val_fu_856                            |    9|          2|   22|         44|
    |output_vectors_24_val_fu_844                            |    9|          2|   22|         44|
    |output_vectors_25_val_fu_832                            |    9|          2|   22|         44|
    |output_vectors_26_val_fu_820                            |    9|          2|   22|         44|
    |output_vectors_27_val_fu_808                            |    9|          2|   22|         44|
    |output_vectors_28_val_fu_796                            |    9|          2|   22|         44|
    |output_vectors_29_val_fu_784                            |    9|          2|   22|         44|
    |output_vectors_2_val_fu_864                             |    9|          2|   22|         44|
    |output_vectors_30_val_fu_772                            |    9|          2|   22|         44|
    |output_vectors_31_val_fu_760                            |    9|          2|   22|         44|
    |output_vectors_32_val_fu_748                            |    9|          2|   22|         44|
    |output_vectors_33_val_fu_736                            |    9|          2|   22|         44|
    |output_vectors_34_val_fu_724                            |    9|          2|   22|         44|
    |output_vectors_35_val_fu_712                            |    9|          2|   22|         44|
    |output_vectors_36_val_fu_700                            |    9|          2|   22|         44|
    |output_vectors_37_val_fu_688                            |    9|          2|   22|         44|
    |output_vectors_38_val_fu_676                            |    9|          2|   22|         44|
    |output_vectors_39_val_fu_904                            |    9|          2|   22|         44|
    |output_vectors_3_val_fu_852                             |    9|          2|   22|         44|
    |output_vectors_4_val_fu_840                             |    9|          2|   22|         44|
    |output_vectors_5_val_fu_828                             |    9|          2|   22|         44|
    |output_vectors_60                                       |   14|          3|   22|         66|
    |output_vectors_60_val_fu_896                            |    9|          2|   22|         44|
    |output_vectors_61                                       |   14|          3|   22|         66|
    |output_vectors_61_val_fu_884                            |    9|          2|   22|         44|
    |output_vectors_62                                       |   14|          3|   22|         66|
    |output_vectors_62_val_fu_872                            |    9|          2|   22|         44|
    |output_vectors_63                                       |   14|          3|   22|         66|
    |output_vectors_63_val_fu_860                            |    9|          2|   22|         44|
    |output_vectors_64                                       |   14|          3|   22|         66|
    |output_vectors_64_val_fu_848                            |    9|          2|   22|         44|
    |output_vectors_65                                       |   14|          3|   22|         66|
    |output_vectors_65_val_fu_836                            |    9|          2|   22|         44|
    |output_vectors_66                                       |   14|          3|   22|         66|
    |output_vectors_66_val_fu_824                            |    9|          2|   22|         44|
    |output_vectors_67                                       |   14|          3|   22|         66|
    |output_vectors_67_val_fu_812                            |    9|          2|   22|         44|
    |output_vectors_68                                       |   14|          3|   22|         66|
    |output_vectors_68_val_fu_800                            |    9|          2|   22|         44|
    |output_vectors_69                                       |   14|          3|   22|         66|
    |output_vectors_69_val_fu_788                            |    9|          2|   22|         44|
    |output_vectors_6_val_fu_816                             |    9|          2|   22|         44|
    |output_vectors_70                                       |   14|          3|   22|         66|
    |output_vectors_70_val_fu_776                            |    9|          2|   22|         44|
    |output_vectors_71                                       |   14|          3|   22|         66|
    |output_vectors_71_val_fu_764                            |    9|          2|   22|         44|
    |output_vectors_72                                       |   14|          3|   22|         66|
    |output_vectors_72_val_fu_752                            |    9|          2|   22|         44|
    |output_vectors_73                                       |   14|          3|   22|         66|
    |output_vectors_73_val_fu_740                            |    9|          2|   22|         44|
    |output_vectors_74                                       |   14|          3|   22|         66|
    |output_vectors_74_val_fu_728                            |    9|          2|   22|         44|
    |output_vectors_75                                       |   14|          3|   22|         66|
    |output_vectors_75_val_fu_716                            |    9|          2|   22|         44|
    |output_vectors_76                                       |   14|          3|   22|         66|
    |output_vectors_76_val_fu_704                            |    9|          2|   22|         44|
    |output_vectors_77                                       |   14|          3|   22|         66|
    |output_vectors_77_val_fu_692                            |    9|          2|   22|         44|
    |output_vectors_78                                       |   14|          3|   22|         66|
    |output_vectors_78_val_fu_680                            |    9|          2|   22|         44|
    |output_vectors_79                                       |   14|          3|   22|         66|
    |output_vectors_79_val_fu_908                            |    9|          2|   22|         44|
    |output_vectors_7_val_fu_804                             |    9|          2|   22|         44|
    |output_vectors_8_val_fu_792                             |    9|          2|   22|         44|
    |output_vectors_9_val_fu_780                             |    9|          2|   22|         44|
    +--------------------------------------------------------+-----+-----------+-----+-----------+
    |Total                                                   | 2135|        460| 3661|       9897|
    +--------------------------------------------------------+-----+-----------+-----+-----------+

    * Register: 
    +--------------------------------------------------------+----+----+-----+-----------+
    |                          Name                          | FF | LUT| Bits| Const Bits|
    +--------------------------------------------------------+----+----+-----+-----------+
    |add_ln104_reg_8911                                      |   5|   0|    5|          0|
    |ap_CS_fsm                                               |   2|   0|    2|          0|
    |ap_done_reg                                             |   1|   0|    1|          0|
    |ap_enable_reg_pp0_iter0_reg                             |   1|   0|    1|          0|
    |ap_enable_reg_pp0_iter1                                 |   1|   0|    1|          0|
    |ap_phi_reg_pp0_iter1_output_vectors_60_val243_reg_2912  |  22|   0|   22|          0|
    |ap_phi_reg_pp0_iter1_output_vectors_61_val230_reg_2957  |  22|   0|   22|          0|
    |ap_phi_reg_pp0_iter1_output_vectors_62_val217_reg_3002  |  22|   0|   22|          0|
    |ap_phi_reg_pp0_iter1_output_vectors_63_val204_reg_3047  |  22|   0|   22|          0|
    |ap_phi_reg_pp0_iter1_output_vectors_64_val191_reg_3092  |  22|   0|   22|          0|
    |ap_phi_reg_pp0_iter1_output_vectors_65_val178_reg_3137  |  22|   0|   22|          0|
    |ap_phi_reg_pp0_iter1_output_vectors_66_val165_reg_3182  |  22|   0|   22|          0|
    |ap_phi_reg_pp0_iter1_output_vectors_67_val152_reg_3227  |  22|   0|   22|          0|
    |ap_phi_reg_pp0_iter1_output_vectors_68_val139_reg_3272  |  22|   0|   22|          0|
    |ap_phi_reg_pp0_iter1_output_vectors_69_val126_reg_3317  |  22|   0|   22|          0|
    |ap_phi_reg_pp0_iter1_output_vectors_70_val113_reg_3362  |  22|   0|   22|          0|
    |ap_phi_reg_pp0_iter1_output_vectors_71_val100_reg_3407  |  22|   0|   22|          0|
    |ap_phi_reg_pp0_iter1_output_vectors_72_val87_reg_3452   |  22|   0|   22|          0|
    |ap_phi_reg_pp0_iter1_output_vectors_73_val74_reg_3497   |  22|   0|   22|          0|
    |ap_phi_reg_pp0_iter1_output_vectors_74_val61_reg_3542   |  22|   0|   22|          0|
    |ap_phi_reg_pp0_iter1_output_vectors_75_val48_reg_3587   |  22|   0|   22|          0|
    |ap_phi_reg_pp0_iter1_output_vectors_76_val35_reg_3632   |  22|   0|   22|          0|
    |ap_phi_reg_pp0_iter1_output_vectors_77_val22_reg_3677   |  22|   0|   22|          0|
    |ap_phi_reg_pp0_iter1_output_vectors_78_val9_reg_3722    |  22|   0|   22|          0|
    |ap_phi_reg_pp0_iter1_output_vectors_79_val256_reg_2867  |  22|   0|   22|          0|
    |ap_phi_reg_pp0_iter1_ref_tmp14_1_reg_2777               |  22|   0|   22|          0|
    |ap_phi_reg_pp0_iter1_ref_tmp27_1_reg_2732               |  22|   0|   22|          0|
    |ap_phi_reg_pp0_iter1_ref_tmp_1_reg_2822                 |  22|   0|   22|          0|
    |cell_state_0_0_fu_924                                   |  22|   0|   22|          0|
    |cell_state_10_0_fu_1044                                 |  22|   0|   22|          0|
    |cell_state_11_0_fu_1056                                 |  22|   0|   22|          0|
    |cell_state_1214_0_fu_1068                               |  22|   0|   22|          0|
    |cell_state_13_0_fu_1080                                 |  22|   0|   22|          0|
    |cell_state_14_0_fu_1092                                 |  22|   0|   22|          0|
    |cell_state_15_0_fu_1104                                 |  22|   0|   22|          0|
    |cell_state_16_0_fu_1116                                 |  22|   0|   22|          0|
    |cell_state_17_0_fu_1128                                 |  22|   0|   22|          0|
    |cell_state_18_0_fu_1140                                 |  22|   0|   22|          0|
    |cell_state_19_0_fu_1148                                 |  22|   0|   22|          0|
    |cell_state_1_0_fu_936                                   |  22|   0|   22|          0|
    |cell_state_2_0_fu_948                                   |  22|   0|   22|          0|
    |cell_state_3_0_fu_960                                   |  22|   0|   22|          0|
    |cell_state_4_0_fu_972                                   |  22|   0|   22|          0|
    |cell_state_5_0_fu_984                                   |  22|   0|   22|          0|
    |cell_state_6_0_fu_996                                   |  22|   0|   22|          0|
    |cell_state_7_0_fu_1008                                  |  22|   0|   22|          0|
    |cell_state_8_0_fu_1020                                  |  22|   0|   22|          0|
    |cell_state_9_0_fu_1032                                  |  22|   0|   22|          0|
    |hidden_state_0_059_fu_1136                              |  22|   0|   22|          0|
    |hidden_state_10_049_fu_1016                             |  22|   0|   22|          0|
    |hidden_state_11_048_fu_1004                             |  22|   0|   22|          0|
    |hidden_state_12_047_fu_992                              |  22|   0|   22|          0|
    |hidden_state_13_046_fu_980                              |  22|   0|   22|          0|
    |hidden_state_1445_045_fu_968                            |  22|   0|   22|          0|
    |hidden_state_15_044_fu_956                              |  22|   0|   22|          0|
    |hidden_state_16_043_fu_944                              |  22|   0|   22|          0|
    |hidden_state_17_042_fu_932                              |  22|   0|   22|          0|
    |hidden_state_18_041_fu_920                              |  22|   0|   22|          0|
    |hidden_state_19_040_fu_912                              |  22|   0|   22|          0|
    |hidden_state_1_058_fu_1124                              |  22|   0|   22|          0|
    |hidden_state_2_057_fu_1112                              |  22|   0|   22|          0|
    |hidden_state_3_056_fu_1100                              |  22|   0|   22|          0|
    |hidden_state_4_055_fu_1088                              |  22|   0|   22|          0|
    |hidden_state_5_054_fu_1076                              |  22|   0|   22|          0|
    |hidden_state_6_053_fu_1064                              |  22|   0|   22|          0|
    |hidden_state_7_052_fu_1052                              |  22|   0|   22|          0|
    |hidden_state_8_051_fu_1040                              |  22|   0|   22|          0|
    |hidden_state_9_050_fu_1028                              |  22|   0|   22|          0|
    |icmp_ln29_reg_8921                                      |   1|   0|    1|          0|
    |k_2_reg_8443                                            |   5|   0|    5|          0|
    |k_fu_588                                                |   5|   0|    5|          0|
    |mux_case_40129_fu_592                                   |  22|   0|   22|          0|
    |mux_case_41130_fu_596                                   |  22|   0|   22|          0|
    |mux_case_42131_fu_600                                   |  22|   0|   22|          0|
    |mux_case_43132_fu_604                                   |  22|   0|   22|          0|
    |mux_case_44133_fu_608                                   |  22|   0|   22|          0|
    |mux_case_45134_fu_612                                   |  22|   0|   22|          0|
    |mux_case_46135_fu_616                                   |  22|   0|   22|          0|
    |mux_case_47136_fu_620                                   |  22|   0|   22|          0|
    |mux_case_48137_fu_624                                   |  22|   0|   22|          0|
    |mux_case_49138_fu_628                                   |  22|   0|   22|          0|
    |mux_case_50139_fu_632                                   |  22|   0|   22|          0|
    |mux_case_51140_fu_636                                   |  22|   0|   22|          0|
    |mux_case_52141_fu_640                                   |  22|   0|   22|          0|
    |mux_case_53142_fu_644                                   |  22|   0|   22|          0|
    |mux_case_54143_fu_648                                   |  22|   0|   22|          0|
    |mux_case_55144_fu_652                                   |  22|   0|   22|          0|
    |mux_case_56145_fu_656                                   |  22|   0|   22|          0|
    |mux_case_57146_fu_660                                   |  22|   0|   22|          0|
    |mux_case_58147_fu_664                                   |  22|   0|   22|          0|
    |mux_case_59148_fu_668                                   |  22|   0|   22|          0|
    |output_vectors_0_val_fu_888                             |  22|   0|   22|          0|
    |output_vectors_10_val_fu_768                            |  22|   0|   22|          0|
    |output_vectors_11_val_fu_756                            |  22|   0|   22|          0|
    |output_vectors_12_val_fu_744                            |  22|   0|   22|          0|
    |output_vectors_13_val_fu_732                            |  22|   0|   22|          0|
    |output_vectors_14_val_fu_720                            |  22|   0|   22|          0|
    |output_vectors_15_val_fu_708                            |  22|   0|   22|          0|
    |output_vectors_16_val_fu_696                            |  22|   0|   22|          0|
    |output_vectors_17_val_fu_684                            |  22|   0|   22|          0|
    |output_vectors_18_val_fu_672                            |  22|   0|   22|          0|
    |output_vectors_19_val_fu_900                            |  22|   0|   22|          0|
    |output_vectors_1_val_fu_876                             |  22|   0|   22|          0|
    |output_vectors_20_val_fu_892                            |  22|   0|   22|          0|
    |output_vectors_21_val_fu_880                            |  22|   0|   22|          0|
    |output_vectors_22_val_fu_868                            |  22|   0|   22|          0|
    |output_vectors_23_val_fu_856                            |  22|   0|   22|          0|
    |output_vectors_24_val_fu_844                            |  22|   0|   22|          0|
    |output_vectors_25_val_fu_832                            |  22|   0|   22|          0|
    |output_vectors_26_val_fu_820                            |  22|   0|   22|          0|
    |output_vectors_27_val_fu_808                            |  22|   0|   22|          0|
    |output_vectors_28_val_fu_796                            |  22|   0|   22|          0|
    |output_vectors_29_val_fu_784                            |  22|   0|   22|          0|
    |output_vectors_2_val_fu_864                             |  22|   0|   22|          0|
    |output_vectors_30_val_fu_772                            |  22|   0|   22|          0|
    |output_vectors_31_val_fu_760                            |  22|   0|   22|          0|
    |output_vectors_32_val_fu_748                            |  22|   0|   22|          0|
    |output_vectors_33_val_fu_736                            |  22|   0|   22|          0|
    |output_vectors_34_val_fu_724                            |  22|   0|   22|          0|
    |output_vectors_35_val_fu_712                            |  22|   0|   22|          0|
    |output_vectors_36_val_fu_700                            |  22|   0|   22|          0|
    |output_vectors_37_val_fu_688                            |  22|   0|   22|          0|
    |output_vectors_38_val_fu_676                            |  22|   0|   22|          0|
    |output_vectors_39_val_fu_904                            |  22|   0|   22|          0|
    |output_vectors_3_val_fu_852                             |  22|   0|   22|          0|
    |output_vectors_4_val_fu_840                             |  22|   0|   22|          0|
    |output_vectors_5_val_fu_828                             |  22|   0|   22|          0|
    |output_vectors_60_val_fu_896                            |  22|   0|   22|          0|
    |output_vectors_61_val_fu_884                            |  22|   0|   22|          0|
    |output_vectors_62_val_fu_872                            |  22|   0|   22|          0|
    |output_vectors_63_val_fu_860                            |  22|   0|   22|          0|
    |output_vectors_64_val_fu_848                            |  22|   0|   22|          0|
    |output_vectors_65_val_fu_836                            |  22|   0|   22|          0|
    |output_vectors_66_val_fu_824                            |  22|   0|   22|          0|
    |output_vectors_67_val_fu_812                            |  22|   0|   22|          0|
    |output_vectors_68_val_fu_800                            |  22|   0|   22|          0|
    |output_vectors_69_val_fu_788                            |  22|   0|   22|          0|
    |output_vectors_6_val_fu_816                             |  22|   0|   22|          0|
    |output_vectors_70_val_fu_776                            |  22|   0|   22|          0|
    |output_vectors_71_val_fu_764                            |  22|   0|   22|          0|
    |output_vectors_72_val_fu_752                            |  22|   0|   22|          0|
    |output_vectors_73_val_fu_740                            |  22|   0|   22|          0|
    |output_vectors_74_val_fu_728                            |  22|   0|   22|          0|
    |output_vectors_75_val_fu_716                            |  22|   0|   22|          0|
    |output_vectors_76_val_fu_704                            |  22|   0|   22|          0|
    |output_vectors_77_val_fu_692                            |  22|   0|   22|          0|
    |output_vectors_78_val_fu_680                            |  22|   0|   22|          0|
    |output_vectors_79_val_fu_908                            |  22|   0|   22|          0|
    |output_vectors_7_val_fu_804                             |  22|   0|   22|          0|
    |output_vectors_8_val_fu_792                             |  22|   0|   22|          0|
    |output_vectors_9_val_fu_780                             |  22|   0|   22|          0|
    |tmp_89_reg_8916                                         |  22|   0|   22|          0|
    |write_flag12_0_fu_1096                                  |   1|   0|    1|          0|
    |write_flag15_0_fu_1084                                  |   1|   0|    1|          0|
    |write_flag18_0_fu_1072                                  |   1|   0|    1|          0|
    |write_flag21_0_fu_1060                                  |   1|   0|    1|          0|
    |write_flag24_0_fu_1048                                  |   1|   0|    1|          0|
    |write_flag27_0_fu_1036                                  |   1|   0|    1|          0|
    |write_flag30_0_fu_1024                                  |   1|   0|    1|          0|
    |write_flag33_0_fu_1012                                  |   1|   0|    1|          0|
    |write_flag36_0_fu_1000                                  |   1|   0|    1|          0|
    |write_flag39_0_fu_988                                   |   1|   0|    1|          0|
    |write_flag3_0_fu_1132                                   |   1|   0|    1|          0|
    |write_flag43_0_fu_976                                   |   1|   0|    1|          0|
    |write_flag47_0_fu_964                                   |   1|   0|    1|          0|
    |write_flag50_0_fu_952                                   |   1|   0|    1|          0|
    |write_flag53_0_fu_940                                   |   1|   0|    1|          0|
    |write_flag56_0_fu_928                                   |   1|   0|    1|          0|
    |write_flag59_0_fu_916                                   |   1|   0|    1|          0|
    |write_flag6_0_fu_1120                                   |   1|   0|    1|          0|
    |write_flag9_0_fu_1108                                   |   1|   0|    1|          0|
    |write_flag_0_fu_1144                                    |   1|   0|    1|          0|
    +--------------------------------------------------------+----+----+-----+-----------+
    |Total                                                   |3209|   0| 3209|          0|
    +--------------------------------------------------------+----+----+-----+-----------+



================================================================
== Interface
================================================================
* Summary: 
+-------------------------------------+-----+-----+------------+---------------------------------------------------+--------------+
|              RTL Ports              | Dir | Bits|  Protocol  |                   Source Object                   |    C Type    |
+-------------------------------------+-----+-----+------------+---------------------------------------------------+--------------+
|ap_clk                               |   in|    1|  ap_ctrl_hs|  LSTM<20ul, 20ul, 2ul>.3_Pipeline_VITIS_LOOP_104_2|  return value|
|ap_rst                               |   in|    1|  ap_ctrl_hs|  LSTM<20ul, 20ul, 2ul>.3_Pipeline_VITIS_LOOP_104_2|  return value|
|ap_start                             |   in|    1|  ap_ctrl_hs|  LSTM<20ul, 20ul, 2ul>.3_Pipeline_VITIS_LOOP_104_2|  return value|
|ap_done                              |  out|    1|  ap_ctrl_hs|  LSTM<20ul, 20ul, 2ul>.3_Pipeline_VITIS_LOOP_104_2|  return value|
|ap_idle                              |  out|    1|  ap_ctrl_hs|  LSTM<20ul, 20ul, 2ul>.3_Pipeline_VITIS_LOOP_104_2|  return value|
|ap_ready                             |  out|    1|  ap_ctrl_hs|  LSTM<20ul, 20ul, 2ul>.3_Pipeline_VITIS_LOOP_104_2|  return value|
|p_read59                             |   in|   22|     ap_none|                                           p_read59|        scalar|
|p_read58                             |   in|   22|     ap_none|                                           p_read58|        scalar|
|p_read57                             |   in|   22|     ap_none|                                           p_read57|        scalar|
|p_read56                             |   in|   22|     ap_none|                                           p_read56|        scalar|
|p_read55                             |   in|   22|     ap_none|                                           p_read55|        scalar|
|p_read54                             |   in|   22|     ap_none|                                           p_read54|        scalar|
|p_read53                             |   in|   22|     ap_none|                                           p_read53|        scalar|
|p_read52                             |   in|   22|     ap_none|                                           p_read52|        scalar|
|p_read51                             |   in|   22|     ap_none|                                           p_read51|        scalar|
|p_read50                             |   in|   22|     ap_none|                                           p_read50|        scalar|
|p_read49                             |   in|   22|     ap_none|                                           p_read49|        scalar|
|p_read48                             |   in|   22|     ap_none|                                           p_read48|        scalar|
|p_read47                             |   in|   22|     ap_none|                                           p_read47|        scalar|
|p_read46                             |   in|   22|     ap_none|                                           p_read46|        scalar|
|p_read45                             |   in|   22|     ap_none|                                           p_read45|        scalar|
|p_read44                             |   in|   22|     ap_none|                                           p_read44|        scalar|
|p_read43                             |   in|   22|     ap_none|                                           p_read43|        scalar|
|p_read42                             |   in|   22|     ap_none|                                           p_read42|        scalar|
|p_read41                             |   in|   22|     ap_none|                                           p_read41|        scalar|
|p_read40                             |   in|   22|     ap_none|                                           p_read40|        scalar|
|output_vectors_79_val259_phi_reload  |   in|   22|     ap_none|                output_vectors_79_val259_phi_reload|        scalar|
|output_vectors_39_val254_phi_reload  |   in|   22|     ap_none|                output_vectors_39_val254_phi_reload|        scalar|
|output_vectors_19_val250_phi_reload  |   in|   22|     ap_none|                output_vectors_19_val250_phi_reload|        scalar|
|output_vectors_60_val246_phi_reload  |   in|   22|     ap_none|                output_vectors_60_val246_phi_reload|        scalar|
|output_vectors_20_val241_phi_reload  |   in|   22|     ap_none|                output_vectors_20_val241_phi_reload|        scalar|
|output_vectors_0_val237_phi_reload   |   in|   22|     ap_none|                 output_vectors_0_val237_phi_reload|        scalar|
|output_vectors_61_val233_phi_reload  |   in|   22|     ap_none|                output_vectors_61_val233_phi_reload|        scalar|
|output_vectors_21_val228_phi_reload  |   in|   22|     ap_none|                output_vectors_21_val228_phi_reload|        scalar|
|output_vectors_1_val224_phi_reload   |   in|   22|     ap_none|                 output_vectors_1_val224_phi_reload|        scalar|
|output_vectors_62_val220_phi_reload  |   in|   22|     ap_none|                output_vectors_62_val220_phi_reload|        scalar|
|output_vectors_22_val215_phi_reload  |   in|   22|     ap_none|                output_vectors_22_val215_phi_reload|        scalar|
|output_vectors_2_val211_phi_reload   |   in|   22|     ap_none|                 output_vectors_2_val211_phi_reload|        scalar|
|output_vectors_63_val207_phi_reload  |   in|   22|     ap_none|                output_vectors_63_val207_phi_reload|        scalar|
|output_vectors_23_val202_phi_reload  |   in|   22|     ap_none|                output_vectors_23_val202_phi_reload|        scalar|
|output_vectors_3_val198_phi_reload   |   in|   22|     ap_none|                 output_vectors_3_val198_phi_reload|        scalar|
|output_vectors_64_val194_phi_reload  |   in|   22|     ap_none|                output_vectors_64_val194_phi_reload|        scalar|
|output_vectors_24_val189_phi_reload  |   in|   22|     ap_none|                output_vectors_24_val189_phi_reload|        scalar|
|output_vectors_4_val185_phi_reload   |   in|   22|     ap_none|                 output_vectors_4_val185_phi_reload|        scalar|
|output_vectors_65_val181_phi_reload  |   in|   22|     ap_none|                output_vectors_65_val181_phi_reload|        scalar|
|output_vectors_25_val176_phi_reload  |   in|   22|     ap_none|                output_vectors_25_val176_phi_reload|        scalar|
|output_vectors_5_val172_phi_reload   |   in|   22|     ap_none|                 output_vectors_5_val172_phi_reload|        scalar|
|output_vectors_66_val168_phi_reload  |   in|   22|     ap_none|                output_vectors_66_val168_phi_reload|        scalar|
|output_vectors_26_val163_phi_reload  |   in|   22|     ap_none|                output_vectors_26_val163_phi_reload|        scalar|
|output_vectors_6_val159_phi_reload   |   in|   22|     ap_none|                 output_vectors_6_val159_phi_reload|        scalar|
|output_vectors_67_val155_phi_reload  |   in|   22|     ap_none|                output_vectors_67_val155_phi_reload|        scalar|
|output_vectors_27_val150_phi_reload  |   in|   22|     ap_none|                output_vectors_27_val150_phi_reload|        scalar|
|output_vectors_7_val146_phi_reload   |   in|   22|     ap_none|                 output_vectors_7_val146_phi_reload|        scalar|
|output_vectors_68_val142_phi_reload  |   in|   22|     ap_none|                output_vectors_68_val142_phi_reload|        scalar|
|output_vectors_28_val137_phi_reload  |   in|   22|     ap_none|                output_vectors_28_val137_phi_reload|        scalar|
|output_vectors_8_val133_phi_reload   |   in|   22|     ap_none|                 output_vectors_8_val133_phi_reload|        scalar|
|output_vectors_69_val129_phi_reload  |   in|   22|     ap_none|                output_vectors_69_val129_phi_reload|        scalar|
|output_vectors_29_val124_phi_reload  |   in|   22|     ap_none|                output_vectors_29_val124_phi_reload|        scalar|
|output_vectors_9_val120_phi_reload   |   in|   22|     ap_none|                 output_vectors_9_val120_phi_reload|        scalar|
|output_vectors_70_val116_phi_reload  |   in|   22|     ap_none|                output_vectors_70_val116_phi_reload|        scalar|
|output_vectors_30_val111_phi_reload  |   in|   22|     ap_none|                output_vectors_30_val111_phi_reload|        scalar|
|output_vectors_10_val107_phi_reload  |   in|   22|     ap_none|                output_vectors_10_val107_phi_reload|        scalar|
|output_vectors_71_val103_phi_reload  |   in|   22|     ap_none|                output_vectors_71_val103_phi_reload|        scalar|
|output_vectors_31_val98_phi_reload   |   in|   22|     ap_none|                 output_vectors_31_val98_phi_reload|        scalar|
|output_vectors_11_val94_phi_reload   |   in|   22|     ap_none|                 output_vectors_11_val94_phi_reload|        scalar|
|output_vectors_72_val90_phi_reload   |   in|   22|     ap_none|                 output_vectors_72_val90_phi_reload|        scalar|
|output_vectors_32_val85_phi_reload   |   in|   22|     ap_none|                 output_vectors_32_val85_phi_reload|        scalar|
|output_vectors_12_val81_phi_reload   |   in|   22|     ap_none|                 output_vectors_12_val81_phi_reload|        scalar|
|output_vectors_73_val77_phi_reload   |   in|   22|     ap_none|                 output_vectors_73_val77_phi_reload|        scalar|
|output_vectors_33_val72_phi_reload   |   in|   22|     ap_none|                 output_vectors_33_val72_phi_reload|        scalar|
|output_vectors_13_val68_phi_reload   |   in|   22|     ap_none|                 output_vectors_13_val68_phi_reload|        scalar|
|output_vectors_74_val64_phi_reload   |   in|   22|     ap_none|                 output_vectors_74_val64_phi_reload|        scalar|
|output_vectors_34_val59_phi_reload   |   in|   22|     ap_none|                 output_vectors_34_val59_phi_reload|        scalar|
|output_vectors_14_val55_phi_reload   |   in|   22|     ap_none|                 output_vectors_14_val55_phi_reload|        scalar|
|output_vectors_75_val51_phi_reload   |   in|   22|     ap_none|                 output_vectors_75_val51_phi_reload|        scalar|
|output_vectors_35_val46_phi_reload   |   in|   22|     ap_none|                 output_vectors_35_val46_phi_reload|        scalar|
|output_vectors_15_val42_phi_reload   |   in|   22|     ap_none|                 output_vectors_15_val42_phi_reload|        scalar|
|output_vectors_76_val38_phi_reload   |   in|   22|     ap_none|                 output_vectors_76_val38_phi_reload|        scalar|
|output_vectors_36_val33_phi_reload   |   in|   22|     ap_none|                 output_vectors_36_val33_phi_reload|        scalar|
|output_vectors_16_val29_phi_reload   |   in|   22|     ap_none|                 output_vectors_16_val29_phi_reload|        scalar|
|output_vectors_77_val25_phi_reload   |   in|   22|     ap_none|                 output_vectors_77_val25_phi_reload|        scalar|
|output_vectors_37_val20_phi_reload   |   in|   22|     ap_none|                 output_vectors_37_val20_phi_reload|        scalar|
|output_vectors_17_val16_phi_reload   |   in|   22|     ap_none|                 output_vectors_17_val16_phi_reload|        scalar|
|output_vectors_78_val12_phi_reload   |   in|   22|     ap_none|                 output_vectors_78_val12_phi_reload|        scalar|
|output_vectors_38_val7_phi_reload    |   in|   22|     ap_none|                  output_vectors_38_val7_phi_reload|        scalar|
|output_vectors_18_val3_phi_reload    |   in|   22|     ap_none|                  output_vectors_18_val3_phi_reload|        scalar|
|mux_case_5914898_phi_reload          |   in|   22|     ap_none|                        mux_case_5914898_phi_reload|        scalar|
|mux_case_5814793_phi_reload          |   in|   22|     ap_none|                        mux_case_5814793_phi_reload|        scalar|
|mux_case_5714688_phi_reload          |   in|   22|     ap_none|                        mux_case_5714688_phi_reload|        scalar|
|mux_case_5614583_phi_reload          |   in|   22|     ap_none|                        mux_case_5614583_phi_reload|        scalar|
|mux_case_5514478_phi_reload          |   in|   22|     ap_none|                        mux_case_5514478_phi_reload|        scalar|
|mux_case_5414373_phi_reload          |   in|   22|     ap_none|                        mux_case_5414373_phi_reload|        scalar|
|mux_case_5314268_phi_reload          |   in|   22|     ap_none|                        mux_case_5314268_phi_reload|        scalar|
|mux_case_5214163_phi_reload          |   in|   22|     ap_none|                        mux_case_5214163_phi_reload|        scalar|
|mux_case_5114058_phi_reload          |   in|   22|     ap_none|                        mux_case_5114058_phi_reload|        scalar|
|mux_case_5013953_phi_reload          |   in|   22|     ap_none|                        mux_case_5013953_phi_reload|        scalar|
|mux_case_4913848_phi_reload          |   in|   22|     ap_none|                        mux_case_4913848_phi_reload|        scalar|
|mux_case_4813743_phi_reload          |   in|   22|     ap_none|                        mux_case_4813743_phi_reload|        scalar|
|mux_case_4713638_phi_reload          |   in|   22|     ap_none|                        mux_case_4713638_phi_reload|        scalar|
|mux_case_4613533_phi_reload          |   in|   22|     ap_none|                        mux_case_4613533_phi_reload|        scalar|
|mux_case_4513428_phi_reload          |   in|   22|     ap_none|                        mux_case_4513428_phi_reload|        scalar|
|mux_case_4413323_phi_reload          |   in|   22|     ap_none|                        mux_case_4413323_phi_reload|        scalar|
|mux_case_4313218_phi_reload          |   in|   22|     ap_none|                        mux_case_4313218_phi_reload|        scalar|
|mux_case_4213113_phi_reload          |   in|   22|     ap_none|                        mux_case_4213113_phi_reload|        scalar|
|mux_case_411308_phi_reload           |   in|   22|     ap_none|                         mux_case_411308_phi_reload|        scalar|
|mux_case_401293_phi_reload           |   in|   22|     ap_none|                         mux_case_401293_phi_reload|        scalar|
|output_vectors_60                    |  out|   22|      ap_vld|                                  output_vectors_60|       pointer|
|output_vectors_60_ap_vld             |  out|    1|      ap_vld|                                  output_vectors_60|       pointer|
|output_vectors_0                     |  out|   22|      ap_vld|                                   output_vectors_0|       pointer|
|output_vectors_0_ap_vld              |  out|    1|      ap_vld|                                   output_vectors_0|       pointer|
|output_vectors_20                    |  out|   22|      ap_vld|                                  output_vectors_20|       pointer|
|output_vectors_20_ap_vld             |  out|    1|      ap_vld|                                  output_vectors_20|       pointer|
|output_vectors_40                    |  out|   22|      ap_vld|                                  output_vectors_40|       pointer|
|output_vectors_40_ap_vld             |  out|    1|      ap_vld|                                  output_vectors_40|       pointer|
|output_vectors_1                     |  out|   22|      ap_vld|                                   output_vectors_1|       pointer|
|output_vectors_1_ap_vld              |  out|    1|      ap_vld|                                   output_vectors_1|       pointer|
|output_vectors_21                    |  out|   22|      ap_vld|                                  output_vectors_21|       pointer|
|output_vectors_21_ap_vld             |  out|    1|      ap_vld|                                  output_vectors_21|       pointer|
|output_vectors_41                    |  out|   22|      ap_vld|                                  output_vectors_41|       pointer|
|output_vectors_41_ap_vld             |  out|    1|      ap_vld|                                  output_vectors_41|       pointer|
|output_vectors_61                    |  out|   22|      ap_vld|                                  output_vectors_61|       pointer|
|output_vectors_61_ap_vld             |  out|    1|      ap_vld|                                  output_vectors_61|       pointer|
|output_vectors_2                     |  out|   22|      ap_vld|                                   output_vectors_2|       pointer|
|output_vectors_2_ap_vld              |  out|    1|      ap_vld|                                   output_vectors_2|       pointer|
|output_vectors_22                    |  out|   22|      ap_vld|                                  output_vectors_22|       pointer|
|output_vectors_22_ap_vld             |  out|    1|      ap_vld|                                  output_vectors_22|       pointer|
|output_vectors_42                    |  out|   22|      ap_vld|                                  output_vectors_42|       pointer|
|output_vectors_42_ap_vld             |  out|    1|      ap_vld|                                  output_vectors_42|       pointer|
|output_vectors_62                    |  out|   22|      ap_vld|                                  output_vectors_62|       pointer|
|output_vectors_62_ap_vld             |  out|    1|      ap_vld|                                  output_vectors_62|       pointer|
|output_vectors_3                     |  out|   22|      ap_vld|                                   output_vectors_3|       pointer|
|output_vectors_3_ap_vld              |  out|    1|      ap_vld|                                   output_vectors_3|       pointer|
|output_vectors_23                    |  out|   22|      ap_vld|                                  output_vectors_23|       pointer|
|output_vectors_23_ap_vld             |  out|    1|      ap_vld|                                  output_vectors_23|       pointer|
|output_vectors_43                    |  out|   22|      ap_vld|                                  output_vectors_43|       pointer|
|output_vectors_43_ap_vld             |  out|    1|      ap_vld|                                  output_vectors_43|       pointer|
|output_vectors_63                    |  out|   22|      ap_vld|                                  output_vectors_63|       pointer|
|output_vectors_63_ap_vld             |  out|    1|      ap_vld|                                  output_vectors_63|       pointer|
|output_vectors_4                     |  out|   22|      ap_vld|                                   output_vectors_4|       pointer|
|output_vectors_4_ap_vld              |  out|    1|      ap_vld|                                   output_vectors_4|       pointer|
|output_vectors_24                    |  out|   22|      ap_vld|                                  output_vectors_24|       pointer|
|output_vectors_24_ap_vld             |  out|    1|      ap_vld|                                  output_vectors_24|       pointer|
|output_vectors_44                    |  out|   22|      ap_vld|                                  output_vectors_44|       pointer|
|output_vectors_44_ap_vld             |  out|    1|      ap_vld|                                  output_vectors_44|       pointer|
|output_vectors_64                    |  out|   22|      ap_vld|                                  output_vectors_64|       pointer|
|output_vectors_64_ap_vld             |  out|    1|      ap_vld|                                  output_vectors_64|       pointer|
|output_vectors_5                     |  out|   22|      ap_vld|                                   output_vectors_5|       pointer|
|output_vectors_5_ap_vld              |  out|    1|      ap_vld|                                   output_vectors_5|       pointer|
|output_vectors_25                    |  out|   22|      ap_vld|                                  output_vectors_25|       pointer|
|output_vectors_25_ap_vld             |  out|    1|      ap_vld|                                  output_vectors_25|       pointer|
|output_vectors_45                    |  out|   22|      ap_vld|                                  output_vectors_45|       pointer|
|output_vectors_45_ap_vld             |  out|    1|      ap_vld|                                  output_vectors_45|       pointer|
|output_vectors_65                    |  out|   22|      ap_vld|                                  output_vectors_65|       pointer|
|output_vectors_65_ap_vld             |  out|    1|      ap_vld|                                  output_vectors_65|       pointer|
|output_vectors_6                     |  out|   22|      ap_vld|                                   output_vectors_6|       pointer|
|output_vectors_6_ap_vld              |  out|    1|      ap_vld|                                   output_vectors_6|       pointer|
|output_vectors_26                    |  out|   22|      ap_vld|                                  output_vectors_26|       pointer|
|output_vectors_26_ap_vld             |  out|    1|      ap_vld|                                  output_vectors_26|       pointer|
|output_vectors_46                    |  out|   22|      ap_vld|                                  output_vectors_46|       pointer|
|output_vectors_46_ap_vld             |  out|    1|      ap_vld|                                  output_vectors_46|       pointer|
|output_vectors_66                    |  out|   22|      ap_vld|                                  output_vectors_66|       pointer|
|output_vectors_66_ap_vld             |  out|    1|      ap_vld|                                  output_vectors_66|       pointer|
|output_vectors_7                     |  out|   22|      ap_vld|                                   output_vectors_7|       pointer|
|output_vectors_7_ap_vld              |  out|    1|      ap_vld|                                   output_vectors_7|       pointer|
|output_vectors_27                    |  out|   22|      ap_vld|                                  output_vectors_27|       pointer|
|output_vectors_27_ap_vld             |  out|    1|      ap_vld|                                  output_vectors_27|       pointer|
|output_vectors_47                    |  out|   22|      ap_vld|                                  output_vectors_47|       pointer|
|output_vectors_47_ap_vld             |  out|    1|      ap_vld|                                  output_vectors_47|       pointer|
|output_vectors_67                    |  out|   22|      ap_vld|                                  output_vectors_67|       pointer|
|output_vectors_67_ap_vld             |  out|    1|      ap_vld|                                  output_vectors_67|       pointer|
|output_vectors_8                     |  out|   22|      ap_vld|                                   output_vectors_8|       pointer|
|output_vectors_8_ap_vld              |  out|    1|      ap_vld|                                   output_vectors_8|       pointer|
|output_vectors_28                    |  out|   22|      ap_vld|                                  output_vectors_28|       pointer|
|output_vectors_28_ap_vld             |  out|    1|      ap_vld|                                  output_vectors_28|       pointer|
|output_vectors_48                    |  out|   22|      ap_vld|                                  output_vectors_48|       pointer|
|output_vectors_48_ap_vld             |  out|    1|      ap_vld|                                  output_vectors_48|       pointer|
|output_vectors_68                    |  out|   22|      ap_vld|                                  output_vectors_68|       pointer|
|output_vectors_68_ap_vld             |  out|    1|      ap_vld|                                  output_vectors_68|       pointer|
|output_vectors_9                     |  out|   22|      ap_vld|                                   output_vectors_9|       pointer|
|output_vectors_9_ap_vld              |  out|    1|      ap_vld|                                   output_vectors_9|       pointer|
|output_vectors_29                    |  out|   22|      ap_vld|                                  output_vectors_29|       pointer|
|output_vectors_29_ap_vld             |  out|    1|      ap_vld|                                  output_vectors_29|       pointer|
|output_vectors_49                    |  out|   22|      ap_vld|                                  output_vectors_49|       pointer|
|output_vectors_49_ap_vld             |  out|    1|      ap_vld|                                  output_vectors_49|       pointer|
|output_vectors_69                    |  out|   22|      ap_vld|                                  output_vectors_69|       pointer|
|output_vectors_69_ap_vld             |  out|    1|      ap_vld|                                  output_vectors_69|       pointer|
|output_vectors_10                    |  out|   22|      ap_vld|                                  output_vectors_10|       pointer|
|output_vectors_10_ap_vld             |  out|    1|      ap_vld|                                  output_vectors_10|       pointer|
|output_vectors_30                    |  out|   22|      ap_vld|                                  output_vectors_30|       pointer|
|output_vectors_30_ap_vld             |  out|    1|      ap_vld|                                  output_vectors_30|       pointer|
|output_vectors_50                    |  out|   22|      ap_vld|                                  output_vectors_50|       pointer|
|output_vectors_50_ap_vld             |  out|    1|      ap_vld|                                  output_vectors_50|       pointer|
|output_vectors_70                    |  out|   22|      ap_vld|                                  output_vectors_70|       pointer|
|output_vectors_70_ap_vld             |  out|    1|      ap_vld|                                  output_vectors_70|       pointer|
|output_vectors_11                    |  out|   22|      ap_vld|                                  output_vectors_11|       pointer|
|output_vectors_11_ap_vld             |  out|    1|      ap_vld|                                  output_vectors_11|       pointer|
|output_vectors_31                    |  out|   22|      ap_vld|                                  output_vectors_31|       pointer|
|output_vectors_31_ap_vld             |  out|    1|      ap_vld|                                  output_vectors_31|       pointer|
|output_vectors_51                    |  out|   22|      ap_vld|                                  output_vectors_51|       pointer|
|output_vectors_51_ap_vld             |  out|    1|      ap_vld|                                  output_vectors_51|       pointer|
|output_vectors_71                    |  out|   22|      ap_vld|                                  output_vectors_71|       pointer|
|output_vectors_71_ap_vld             |  out|    1|      ap_vld|                                  output_vectors_71|       pointer|
|output_vectors_12                    |  out|   22|      ap_vld|                                  output_vectors_12|       pointer|
|output_vectors_12_ap_vld             |  out|    1|      ap_vld|                                  output_vectors_12|       pointer|
|output_vectors_32                    |  out|   22|      ap_vld|                                  output_vectors_32|       pointer|
|output_vectors_32_ap_vld             |  out|    1|      ap_vld|                                  output_vectors_32|       pointer|
|output_vectors_52                    |  out|   22|      ap_vld|                                  output_vectors_52|       pointer|
|output_vectors_52_ap_vld             |  out|    1|      ap_vld|                                  output_vectors_52|       pointer|
|output_vectors_72                    |  out|   22|      ap_vld|                                  output_vectors_72|       pointer|
|output_vectors_72_ap_vld             |  out|    1|      ap_vld|                                  output_vectors_72|       pointer|
|output_vectors_13                    |  out|   22|      ap_vld|                                  output_vectors_13|       pointer|
|output_vectors_13_ap_vld             |  out|    1|      ap_vld|                                  output_vectors_13|       pointer|
|output_vectors_33                    |  out|   22|      ap_vld|                                  output_vectors_33|       pointer|
|output_vectors_33_ap_vld             |  out|    1|      ap_vld|                                  output_vectors_33|       pointer|
|output_vectors_53                    |  out|   22|      ap_vld|                                  output_vectors_53|       pointer|
|output_vectors_53_ap_vld             |  out|    1|      ap_vld|                                  output_vectors_53|       pointer|
|output_vectors_73                    |  out|   22|      ap_vld|                                  output_vectors_73|       pointer|
|output_vectors_73_ap_vld             |  out|    1|      ap_vld|                                  output_vectors_73|       pointer|
|output_vectors_14                    |  out|   22|      ap_vld|                                  output_vectors_14|       pointer|
|output_vectors_14_ap_vld             |  out|    1|      ap_vld|                                  output_vectors_14|       pointer|
|output_vectors_34                    |  out|   22|      ap_vld|                                  output_vectors_34|       pointer|
|output_vectors_34_ap_vld             |  out|    1|      ap_vld|                                  output_vectors_34|       pointer|
|output_vectors_54                    |  out|   22|      ap_vld|                                  output_vectors_54|       pointer|
|output_vectors_54_ap_vld             |  out|    1|      ap_vld|                                  output_vectors_54|       pointer|
|output_vectors_74                    |  out|   22|      ap_vld|                                  output_vectors_74|       pointer|
|output_vectors_74_ap_vld             |  out|    1|      ap_vld|                                  output_vectors_74|       pointer|
|output_vectors_15                    |  out|   22|      ap_vld|                                  output_vectors_15|       pointer|
|output_vectors_15_ap_vld             |  out|    1|      ap_vld|                                  output_vectors_15|       pointer|
|output_vectors_35                    |  out|   22|      ap_vld|                                  output_vectors_35|       pointer|
|output_vectors_35_ap_vld             |  out|    1|      ap_vld|                                  output_vectors_35|       pointer|
|output_vectors_55                    |  out|   22|      ap_vld|                                  output_vectors_55|       pointer|
|output_vectors_55_ap_vld             |  out|    1|      ap_vld|                                  output_vectors_55|       pointer|
|output_vectors_75                    |  out|   22|      ap_vld|                                  output_vectors_75|       pointer|
|output_vectors_75_ap_vld             |  out|    1|      ap_vld|                                  output_vectors_75|       pointer|
|output_vectors_16                    |  out|   22|      ap_vld|                                  output_vectors_16|       pointer|
|output_vectors_16_ap_vld             |  out|    1|      ap_vld|                                  output_vectors_16|       pointer|
|output_vectors_36                    |  out|   22|      ap_vld|                                  output_vectors_36|       pointer|
|output_vectors_36_ap_vld             |  out|    1|      ap_vld|                                  output_vectors_36|       pointer|
|output_vectors_56                    |  out|   22|      ap_vld|                                  output_vectors_56|       pointer|
|output_vectors_56_ap_vld             |  out|    1|      ap_vld|                                  output_vectors_56|       pointer|
|output_vectors_76                    |  out|   22|      ap_vld|                                  output_vectors_76|       pointer|
|output_vectors_76_ap_vld             |  out|    1|      ap_vld|                                  output_vectors_76|       pointer|
|output_vectors_17                    |  out|   22|      ap_vld|                                  output_vectors_17|       pointer|
|output_vectors_17_ap_vld             |  out|    1|      ap_vld|                                  output_vectors_17|       pointer|
|output_vectors_37                    |  out|   22|      ap_vld|                                  output_vectors_37|       pointer|
|output_vectors_37_ap_vld             |  out|    1|      ap_vld|                                  output_vectors_37|       pointer|
|output_vectors_57                    |  out|   22|      ap_vld|                                  output_vectors_57|       pointer|
|output_vectors_57_ap_vld             |  out|    1|      ap_vld|                                  output_vectors_57|       pointer|
|output_vectors_77                    |  out|   22|      ap_vld|                                  output_vectors_77|       pointer|
|output_vectors_77_ap_vld             |  out|    1|      ap_vld|                                  output_vectors_77|       pointer|
|output_vectors_18                    |  out|   22|      ap_vld|                                  output_vectors_18|       pointer|
|output_vectors_18_ap_vld             |  out|    1|      ap_vld|                                  output_vectors_18|       pointer|
|output_vectors_38                    |  out|   22|      ap_vld|                                  output_vectors_38|       pointer|
|output_vectors_38_ap_vld             |  out|    1|      ap_vld|                                  output_vectors_38|       pointer|
|output_vectors_58                    |  out|   22|      ap_vld|                                  output_vectors_58|       pointer|
|output_vectors_58_ap_vld             |  out|    1|      ap_vld|                                  output_vectors_58|       pointer|
|output_vectors_78                    |  out|   22|      ap_vld|                                  output_vectors_78|       pointer|
|output_vectors_78_ap_vld             |  out|    1|      ap_vld|                                  output_vectors_78|       pointer|
|output_vectors_19                    |  out|   22|      ap_vld|                                  output_vectors_19|       pointer|
|output_vectors_19_ap_vld             |  out|    1|      ap_vld|                                  output_vectors_19|       pointer|
|output_vectors_39                    |  out|   22|      ap_vld|                                  output_vectors_39|       pointer|
|output_vectors_39_ap_vld             |  out|    1|      ap_vld|                                  output_vectors_39|       pointer|
|output_vectors_59                    |  out|   22|      ap_vld|                                  output_vectors_59|       pointer|
|output_vectors_59_ap_vld             |  out|    1|      ap_vld|                                  output_vectors_59|       pointer|
|output_vectors_79                    |  out|   22|      ap_vld|                                  output_vectors_79|       pointer|
|output_vectors_79_ap_vld             |  out|    1|      ap_vld|                                  output_vectors_79|       pointer|
|cell_state_19_0_out                  |  out|   22|      ap_vld|                                cell_state_19_0_out|       pointer|
|cell_state_19_0_out_ap_vld           |  out|    1|      ap_vld|                                cell_state_19_0_out|       pointer|
|write_flag_0_out                     |  out|    1|      ap_vld|                                   write_flag_0_out|       pointer|
|write_flag_0_out_ap_vld              |  out|    1|      ap_vld|                                   write_flag_0_out|       pointer|
|cell_state_18_0_out                  |  out|   22|      ap_vld|                                cell_state_18_0_out|       pointer|
|cell_state_18_0_out_ap_vld           |  out|    1|      ap_vld|                                cell_state_18_0_out|       pointer|
|hidden_state_0_059_out               |  out|   22|      ap_vld|                             hidden_state_0_059_out|       pointer|
|hidden_state_0_059_out_ap_vld        |  out|    1|      ap_vld|                             hidden_state_0_059_out|       pointer|
|write_flag3_0_out                    |  out|    1|      ap_vld|                                  write_flag3_0_out|       pointer|
|write_flag3_0_out_ap_vld             |  out|    1|      ap_vld|                                  write_flag3_0_out|       pointer|
|cell_state_17_0_out                  |  out|   22|      ap_vld|                                cell_state_17_0_out|       pointer|
|cell_state_17_0_out_ap_vld           |  out|    1|      ap_vld|                                cell_state_17_0_out|       pointer|
|hidden_state_1_058_out               |  out|   22|      ap_vld|                             hidden_state_1_058_out|       pointer|
|hidden_state_1_058_out_ap_vld        |  out|    1|      ap_vld|                             hidden_state_1_058_out|       pointer|
|write_flag6_0_out                    |  out|    1|      ap_vld|                                  write_flag6_0_out|       pointer|
|write_flag6_0_out_ap_vld             |  out|    1|      ap_vld|                                  write_flag6_0_out|       pointer|
|cell_state_16_0_out                  |  out|   22|      ap_vld|                                cell_state_16_0_out|       pointer|
|cell_state_16_0_out_ap_vld           |  out|    1|      ap_vld|                                cell_state_16_0_out|       pointer|
|hidden_state_2_057_out               |  out|   22|      ap_vld|                             hidden_state_2_057_out|       pointer|
|hidden_state_2_057_out_ap_vld        |  out|    1|      ap_vld|                             hidden_state_2_057_out|       pointer|
|write_flag9_0_out                    |  out|    1|      ap_vld|                                  write_flag9_0_out|       pointer|
|write_flag9_0_out_ap_vld             |  out|    1|      ap_vld|                                  write_flag9_0_out|       pointer|
|cell_state_15_0_out                  |  out|   22|      ap_vld|                                cell_state_15_0_out|       pointer|
|cell_state_15_0_out_ap_vld           |  out|    1|      ap_vld|                                cell_state_15_0_out|       pointer|
|hidden_state_3_056_out               |  out|   22|      ap_vld|                             hidden_state_3_056_out|       pointer|
|hidden_state_3_056_out_ap_vld        |  out|    1|      ap_vld|                             hidden_state_3_056_out|       pointer|
|write_flag12_0_out                   |  out|    1|      ap_vld|                                 write_flag12_0_out|       pointer|
|write_flag12_0_out_ap_vld            |  out|    1|      ap_vld|                                 write_flag12_0_out|       pointer|
|cell_state_14_0_out                  |  out|   22|      ap_vld|                                cell_state_14_0_out|       pointer|
|cell_state_14_0_out_ap_vld           |  out|    1|      ap_vld|                                cell_state_14_0_out|       pointer|
|hidden_state_4_055_out               |  out|   22|      ap_vld|                             hidden_state_4_055_out|       pointer|
|hidden_state_4_055_out_ap_vld        |  out|    1|      ap_vld|                             hidden_state_4_055_out|       pointer|
|write_flag15_0_out                   |  out|    1|      ap_vld|                                 write_flag15_0_out|       pointer|
|write_flag15_0_out_ap_vld            |  out|    1|      ap_vld|                                 write_flag15_0_out|       pointer|
|cell_state_13_0_out                  |  out|   22|      ap_vld|                                cell_state_13_0_out|       pointer|
|cell_state_13_0_out_ap_vld           |  out|    1|      ap_vld|                                cell_state_13_0_out|       pointer|
|hidden_state_5_054_out               |  out|   22|      ap_vld|                             hidden_state_5_054_out|       pointer|
|hidden_state_5_054_out_ap_vld        |  out|    1|      ap_vld|                             hidden_state_5_054_out|       pointer|
|write_flag18_0_out                   |  out|    1|      ap_vld|                                 write_flag18_0_out|       pointer|
|write_flag18_0_out_ap_vld            |  out|    1|      ap_vld|                                 write_flag18_0_out|       pointer|
|cell_state_1214_0_out                |  out|   22|      ap_vld|                              cell_state_1214_0_out|       pointer|
|cell_state_1214_0_out_ap_vld         |  out|    1|      ap_vld|                              cell_state_1214_0_out|       pointer|
|hidden_state_6_053_out               |  out|   22|      ap_vld|                             hidden_state_6_053_out|       pointer|
|hidden_state_6_053_out_ap_vld        |  out|    1|      ap_vld|                             hidden_state_6_053_out|       pointer|
|write_flag21_0_out                   |  out|    1|      ap_vld|                                 write_flag21_0_out|       pointer|
|write_flag21_0_out_ap_vld            |  out|    1|      ap_vld|                                 write_flag21_0_out|       pointer|
|cell_state_11_0_out                  |  out|   22|      ap_vld|                                cell_state_11_0_out|       pointer|
|cell_state_11_0_out_ap_vld           |  out|    1|      ap_vld|                                cell_state_11_0_out|       pointer|
|hidden_state_7_052_out               |  out|   22|      ap_vld|                             hidden_state_7_052_out|       pointer|
|hidden_state_7_052_out_ap_vld        |  out|    1|      ap_vld|                             hidden_state_7_052_out|       pointer|
|write_flag24_0_out                   |  out|    1|      ap_vld|                                 write_flag24_0_out|       pointer|
|write_flag24_0_out_ap_vld            |  out|    1|      ap_vld|                                 write_flag24_0_out|       pointer|
|cell_state_10_0_out                  |  out|   22|      ap_vld|                                cell_state_10_0_out|       pointer|
|cell_state_10_0_out_ap_vld           |  out|    1|      ap_vld|                                cell_state_10_0_out|       pointer|
|hidden_state_8_051_out               |  out|   22|      ap_vld|                             hidden_state_8_051_out|       pointer|
|hidden_state_8_051_out_ap_vld        |  out|    1|      ap_vld|                             hidden_state_8_051_out|       pointer|
|write_flag27_0_out                   |  out|    1|      ap_vld|                                 write_flag27_0_out|       pointer|
|write_flag27_0_out_ap_vld            |  out|    1|      ap_vld|                                 write_flag27_0_out|       pointer|
|cell_state_9_0_out                   |  out|   22|      ap_vld|                                 cell_state_9_0_out|       pointer|
|cell_state_9_0_out_ap_vld            |  out|    1|      ap_vld|                                 cell_state_9_0_out|       pointer|
|hidden_state_9_050_out               |  out|   22|      ap_vld|                             hidden_state_9_050_out|       pointer|
|hidden_state_9_050_out_ap_vld        |  out|    1|      ap_vld|                             hidden_state_9_050_out|       pointer|
|write_flag30_0_out                   |  out|    1|      ap_vld|                                 write_flag30_0_out|       pointer|
|write_flag30_0_out_ap_vld            |  out|    1|      ap_vld|                                 write_flag30_0_out|       pointer|
|cell_state_8_0_out                   |  out|   22|      ap_vld|                                 cell_state_8_0_out|       pointer|
|cell_state_8_0_out_ap_vld            |  out|    1|      ap_vld|                                 cell_state_8_0_out|       pointer|
|hidden_state_10_049_out              |  out|   22|      ap_vld|                            hidden_state_10_049_out|       pointer|
|hidden_state_10_049_out_ap_vld       |  out|    1|      ap_vld|                            hidden_state_10_049_out|       pointer|
|write_flag33_0_out                   |  out|    1|      ap_vld|                                 write_flag33_0_out|       pointer|
|write_flag33_0_out_ap_vld            |  out|    1|      ap_vld|                                 write_flag33_0_out|       pointer|
|cell_state_7_0_out                   |  out|   22|      ap_vld|                                 cell_state_7_0_out|       pointer|
|cell_state_7_0_out_ap_vld            |  out|    1|      ap_vld|                                 cell_state_7_0_out|       pointer|
|hidden_state_11_048_out              |  out|   22|      ap_vld|                            hidden_state_11_048_out|       pointer|
|hidden_state_11_048_out_ap_vld       |  out|    1|      ap_vld|                            hidden_state_11_048_out|       pointer|
|write_flag36_0_out                   |  out|    1|      ap_vld|                                 write_flag36_0_out|       pointer|
|write_flag36_0_out_ap_vld            |  out|    1|      ap_vld|                                 write_flag36_0_out|       pointer|
|cell_state_6_0_out                   |  out|   22|      ap_vld|                                 cell_state_6_0_out|       pointer|
|cell_state_6_0_out_ap_vld            |  out|    1|      ap_vld|                                 cell_state_6_0_out|       pointer|
|hidden_state_12_047_out              |  out|   22|      ap_vld|                            hidden_state_12_047_out|       pointer|
|hidden_state_12_047_out_ap_vld       |  out|    1|      ap_vld|                            hidden_state_12_047_out|       pointer|
|write_flag39_0_out                   |  out|    1|      ap_vld|                                 write_flag39_0_out|       pointer|
|write_flag39_0_out_ap_vld            |  out|    1|      ap_vld|                                 write_flag39_0_out|       pointer|
|cell_state_5_0_out                   |  out|   22|      ap_vld|                                 cell_state_5_0_out|       pointer|
|cell_state_5_0_out_ap_vld            |  out|    1|      ap_vld|                                 cell_state_5_0_out|       pointer|
|hidden_state_13_046_out              |  out|   22|      ap_vld|                            hidden_state_13_046_out|       pointer|
|hidden_state_13_046_out_ap_vld       |  out|    1|      ap_vld|                            hidden_state_13_046_out|       pointer|
|write_flag43_0_out                   |  out|    1|      ap_vld|                                 write_flag43_0_out|       pointer|
|write_flag43_0_out_ap_vld            |  out|    1|      ap_vld|                                 write_flag43_0_out|       pointer|
|cell_state_4_0_out                   |  out|   22|      ap_vld|                                 cell_state_4_0_out|       pointer|
|cell_state_4_0_out_ap_vld            |  out|    1|      ap_vld|                                 cell_state_4_0_out|       pointer|
|hidden_state_1445_045_out            |  out|   22|      ap_vld|                          hidden_state_1445_045_out|       pointer|
|hidden_state_1445_045_out_ap_vld     |  out|    1|      ap_vld|                          hidden_state_1445_045_out|       pointer|
|write_flag47_0_out                   |  out|    1|      ap_vld|                                 write_flag47_0_out|       pointer|
|write_flag47_0_out_ap_vld            |  out|    1|      ap_vld|                                 write_flag47_0_out|       pointer|
|cell_state_3_0_out                   |  out|   22|      ap_vld|                                 cell_state_3_0_out|       pointer|
|cell_state_3_0_out_ap_vld            |  out|    1|      ap_vld|                                 cell_state_3_0_out|       pointer|
|hidden_state_15_044_out              |  out|   22|      ap_vld|                            hidden_state_15_044_out|       pointer|
|hidden_state_15_044_out_ap_vld       |  out|    1|      ap_vld|                            hidden_state_15_044_out|       pointer|
|write_flag50_0_out                   |  out|    1|      ap_vld|                                 write_flag50_0_out|       pointer|
|write_flag50_0_out_ap_vld            |  out|    1|      ap_vld|                                 write_flag50_0_out|       pointer|
|cell_state_2_0_out                   |  out|   22|      ap_vld|                                 cell_state_2_0_out|       pointer|
|cell_state_2_0_out_ap_vld            |  out|    1|      ap_vld|                                 cell_state_2_0_out|       pointer|
|hidden_state_16_043_out              |  out|   22|      ap_vld|                            hidden_state_16_043_out|       pointer|
|hidden_state_16_043_out_ap_vld       |  out|    1|      ap_vld|                            hidden_state_16_043_out|       pointer|
|write_flag53_0_out                   |  out|    1|      ap_vld|                                 write_flag53_0_out|       pointer|
|write_flag53_0_out_ap_vld            |  out|    1|      ap_vld|                                 write_flag53_0_out|       pointer|
|cell_state_1_0_out                   |  out|   22|      ap_vld|                                 cell_state_1_0_out|       pointer|
|cell_state_1_0_out_ap_vld            |  out|    1|      ap_vld|                                 cell_state_1_0_out|       pointer|
|hidden_state_17_042_out              |  out|   22|      ap_vld|                            hidden_state_17_042_out|       pointer|
|hidden_state_17_042_out_ap_vld       |  out|    1|      ap_vld|                            hidden_state_17_042_out|       pointer|
|write_flag56_0_out                   |  out|    1|      ap_vld|                                 write_flag56_0_out|       pointer|
|write_flag56_0_out_ap_vld            |  out|    1|      ap_vld|                                 write_flag56_0_out|       pointer|
|cell_state_0_0_out                   |  out|   22|      ap_vld|                                 cell_state_0_0_out|       pointer|
|cell_state_0_0_out_ap_vld            |  out|    1|      ap_vld|                                 cell_state_0_0_out|       pointer|
|hidden_state_18_041_out              |  out|   22|      ap_vld|                            hidden_state_18_041_out|       pointer|
|hidden_state_18_041_out_ap_vld       |  out|    1|      ap_vld|                            hidden_state_18_041_out|       pointer|
|write_flag59_0_out                   |  out|    1|      ap_vld|                                 write_flag59_0_out|       pointer|
|write_flag59_0_out_ap_vld            |  out|    1|      ap_vld|                                 write_flag59_0_out|       pointer|
|hidden_state_19_040_out              |  out|   22|      ap_vld|                            hidden_state_19_040_out|       pointer|
|hidden_state_19_040_out_ap_vld       |  out|    1|      ap_vld|                            hidden_state_19_040_out|       pointer|
+-------------------------------------+-----+-----+------------+---------------------------------------------------+--------------+

