

================================================================
== Vitis HLS Report for 'network_top_Pipeline_load_weight2_matrix_inner_loop62'
================================================================
* Date:           Fri Oct  6 13:57:17 2023

* Version:        2023.1 (Build 3854077 on May  4 2023)
* Project:        matrix_test2
* Solution:       solution1 (Vivado IP Flow Target)
* Product family: zynquplus
* Target device:  xczu7ev-ffvc1156-2-e


================================================================
== Performance Estimates
================================================================
+ Timing: 
    * Summary: 
    +--------+---------+----------+------------+
    |  Clock |  Target | Estimated| Uncertainty|
    +--------+---------+----------+------------+
    |ap_clk  |  0.35 us|  1.200 ns|    94.50 ns|
    +--------+---------+----------+------------+

+ Latency: 
    * Summary: 
    +---------+---------+-----------+-----------+-----+-----+---------+
    |  Latency (cycles) |   Latency (absolute)  |  Interval | Pipeline|
    |   min   |   max   |    min    |    max    | min | max |   Type  |
    +---------+---------+-----------+-----------+-----+-----+---------+
    |       82|       82|  28.700 us|  28.700 us|   82|   82|       no|
    +---------+---------+-----------+-----------+-----+-----+---------+

    + Detail: 
        * Instance: 
        N/A

        * Loop: 
        +----------------------------------+---------+---------+----------+-----------+-----------+------+----------+
        |                                  |  Latency (cycles) | Iteration|  Initiation Interval  | Trip |          |
        |             Loop Name            |   min   |   max   |  Latency |  achieved |   target  | Count| Pipelined|
        +----------------------------------+---------+---------+----------+-----------+-----------+------+----------+
        |- load_weight2_matrix_inner_loop  |       80|       80|         1|          1|          1|    80|       yes|
        +----------------------------------+---------+---------+----------+-----------+-----------+------+----------+



================================================================
== Utilization Estimates
================================================================
* Summary: 
+-----------------+---------+------+--------+--------+-----+
|       Name      | BRAM_18K|  DSP |   FF   |   LUT  | URAM|
+-----------------+---------+------+--------+--------+-----+
|DSP              |        -|     -|       -|       -|    -|
|Expression       |        -|     -|       0|      28|    -|
|FIFO             |        -|     -|       -|       -|    -|
|Instance         |        -|     -|       -|       -|    -|
|Memory           |        -|     -|       -|       -|    -|
|Multiplexer      |        -|     -|       -|      27|    -|
|Register         |        -|     -|       9|       -|    -|
+-----------------+---------+------+--------+--------+-----+
|Total            |        0|     0|       9|      55|    0|
+-----------------+---------+------+--------+--------+-----+
|Available        |      624|  1728|  460800|  230400|   96|
+-----------------+---------+------+--------+--------+-----+
|Utilization (%)  |        0|     0|      ~0|      ~0|    0|
+-----------------+---------+------+--------+--------+-----+

+ Detail: 
    * Instance: 
    N/A

    * DSP: 
    N/A

    * Memory: 
    N/A

    * FIFO: 
    N/A

    * Expression: 
    +----------------------+----------+----+---+----+------------+------------+
    |     Variable Name    | Operation| DSP| FF| LUT| Bitwidth P0| Bitwidth P1|
    +----------------------+----------+----+---+----+------------+------------+
    |add_ln199_fu_358_p2   |         +|   0|  0|  14|           7|           1|
    |icmp_ln199_fu_352_p2  |      icmp|   0|  0|  14|           7|           7|
    +----------------------+----------+----+---+----+------------+------------+
    |Total                 |          |   0|  0|  28|          14|           8|
    +----------------------+----------+----+---+----+------------+------------+

    * Multiplexer: 
    +-----------------------+----+-----------+-----+-----------+
    |          Name         | LUT| Input Size| Bits| Total Bits|
    +-----------------------+----+-----------+-----+-----------+
    |ap_done_int            |   9|          2|    1|          2|
    |ap_sig_allocacmp_c_57  |   9|          2|    7|         14|
    |c_fu_340               |   9|          2|    7|         14|
    +-----------------------+----+-----------+-----+-----------+
    |Total                  |  27|          6|   15|         30|
    +-----------------------+----+-----------+-----+-----------+

    * Register: 
    +-------------+---+----+-----+-----------+
    |     Name    | FF| LUT| Bits| Const Bits|
    +-------------+---+----+-----+-----------+
    |ap_CS_fsm    |  1|   0|    1|          0|
    |ap_done_reg  |  1|   0|    1|          0|
    |c_fu_340     |  7|   0|    7|          0|
    +-------------+---+----+-----+-----------+
    |Total        |  9|   0|    9|          0|
    +-------------+---+----+-----+-----------+



================================================================
== Interface
================================================================
* Summary: 
+------------------------------------------------------------------------------------------------+-----+-----+------------+-----------------------------------------------------------------------------------------+--------------+
|                                            RTL Ports                                           | Dir | Bits|  Protocol  |                                      Source Object                                      |    C Type    |
+------------------------------------------------------------------------------------------------+-----+-----+------------+-----------------------------------------------------------------------------------------+--------------+
|ap_clk                                                                                          |   in|    1|  ap_ctrl_hs|                                    network_top_Pipeline_load_weight2_matrix_inner_loop62|  return value|
|ap_rst                                                                                          |   in|    1|  ap_ctrl_hs|                                    network_top_Pipeline_load_weight2_matrix_inner_loop62|  return value|
|ap_start                                                                                        |   in|    1|  ap_ctrl_hs|                                    network_top_Pipeline_load_weight2_matrix_inner_loop62|  return value|
|ap_done                                                                                         |  out|    1|  ap_ctrl_hs|                                    network_top_Pipeline_load_weight2_matrix_inner_loop62|  return value|
|ap_idle                                                                                         |  out|    1|  ap_ctrl_hs|                                    network_top_Pipeline_load_weight2_matrix_inner_loop62|  return value|
|ap_ready                                                                                        |  out|    1|  ap_ctrl_hs|                                    network_top_Pipeline_load_weight2_matrix_inner_loop62|  return value|
|p_ZZ11network_topP13params_structP9ap_ufixedILi22ELi5EL9ap_q_mode0EL9ap_o_mode0EL_14484         |  out|   18|      ap_vld|  p_ZZ11network_topP13params_structP9ap_ufixedILi22ELi5EL9ap_q_mode0EL9ap_o_mode0EL_14484|       pointer|
|p_ZZ11network_topP13params_structP9ap_ufixedILi22ELi5EL9ap_q_mode0EL9ap_o_mode0EL_14484_ap_vld  |  out|    1|      ap_vld|  p_ZZ11network_topP13params_structP9ap_ufixedILi22ELi5EL9ap_q_mode0EL9ap_o_mode0EL_14484|       pointer|
|p_ZZ11network_topP13params_structP9ap_ufixedILi22ELi5EL9ap_q_mode0EL9ap_o_mode0EL_14485         |  out|   18|      ap_vld|  p_ZZ11network_topP13params_structP9ap_ufixedILi22ELi5EL9ap_q_mode0EL9ap_o_mode0EL_14485|       pointer|
|p_ZZ11network_topP13params_structP9ap_ufixedILi22ELi5EL9ap_q_mode0EL9ap_o_mode0EL_14485_ap_vld  |  out|    1|      ap_vld|  p_ZZ11network_topP13params_structP9ap_ufixedILi22ELi5EL9ap_q_mode0EL9ap_o_mode0EL_14485|       pointer|
|p_ZZ11network_topP13params_structP9ap_ufixedILi22ELi5EL9ap_q_mode0EL9ap_o_mode0EL_14486         |  out|   18|      ap_vld|  p_ZZ11network_topP13params_structP9ap_ufixedILi22ELi5EL9ap_q_mode0EL9ap_o_mode0EL_14486|       pointer|
|p_ZZ11network_topP13params_structP9ap_ufixedILi22ELi5EL9ap_q_mode0EL9ap_o_mode0EL_14486_ap_vld  |  out|    1|      ap_vld|  p_ZZ11network_topP13params_structP9ap_ufixedILi22ELi5EL9ap_q_mode0EL9ap_o_mode0EL_14486|       pointer|
|p_ZZ11network_topP13params_structP9ap_ufixedILi22ELi5EL9ap_q_mode0EL9ap_o_mode0EL_14487         |  out|   18|      ap_vld|  p_ZZ11network_topP13params_structP9ap_ufixedILi22ELi5EL9ap_q_mode0EL9ap_o_mode0EL_14487|       pointer|
|p_ZZ11network_topP13params_structP9ap_ufixedILi22ELi5EL9ap_q_mode0EL9ap_o_mode0EL_14487_ap_vld  |  out|    1|      ap_vld|  p_ZZ11network_topP13params_structP9ap_ufixedILi22ELi5EL9ap_q_mode0EL9ap_o_mode0EL_14487|       pointer|
|p_ZZ11network_topP13params_structP9ap_ufixedILi22ELi5EL9ap_q_mode0EL9ap_o_mode0EL_14488         |  out|   18|      ap_vld|  p_ZZ11network_topP13params_structP9ap_ufixedILi22ELi5EL9ap_q_mode0EL9ap_o_mode0EL_14488|       pointer|
|p_ZZ11network_topP13params_structP9ap_ufixedILi22ELi5EL9ap_q_mode0EL9ap_o_mode0EL_14488_ap_vld  |  out|    1|      ap_vld|  p_ZZ11network_topP13params_structP9ap_ufixedILi22ELi5EL9ap_q_mode0EL9ap_o_mode0EL_14488|       pointer|
|p_ZZ11network_topP13params_structP9ap_ufixedILi22ELi5EL9ap_q_mode0EL9ap_o_mode0EL_14489         |  out|   18|      ap_vld|  p_ZZ11network_topP13params_structP9ap_ufixedILi22ELi5EL9ap_q_mode0EL9ap_o_mode0EL_14489|       pointer|
|p_ZZ11network_topP13params_structP9ap_ufixedILi22ELi5EL9ap_q_mode0EL9ap_o_mode0EL_14489_ap_vld  |  out|    1|      ap_vld|  p_ZZ11network_topP13params_structP9ap_ufixedILi22ELi5EL9ap_q_mode0EL9ap_o_mode0EL_14489|       pointer|
|p_ZZ11network_topP13params_structP9ap_ufixedILi22ELi5EL9ap_q_mode0EL9ap_o_mode0EL_14490         |  out|   18|      ap_vld|  p_ZZ11network_topP13params_structP9ap_ufixedILi22ELi5EL9ap_q_mode0EL9ap_o_mode0EL_14490|       pointer|
|p_ZZ11network_topP13params_structP9ap_ufixedILi22ELi5EL9ap_q_mode0EL9ap_o_mode0EL_14490_ap_vld  |  out|    1|      ap_vld|  p_ZZ11network_topP13params_structP9ap_ufixedILi22ELi5EL9ap_q_mode0EL9ap_o_mode0EL_14490|       pointer|
|p_ZZ11network_topP13params_structP9ap_ufixedILi22ELi5EL9ap_q_mode0EL9ap_o_mode0EL_14491         |  out|   18|      ap_vld|  p_ZZ11network_topP13params_structP9ap_ufixedILi22ELi5EL9ap_q_mode0EL9ap_o_mode0EL_14491|       pointer|
|p_ZZ11network_topP13params_structP9ap_ufixedILi22ELi5EL9ap_q_mode0EL9ap_o_mode0EL_14491_ap_vld  |  out|    1|      ap_vld|  p_ZZ11network_topP13params_structP9ap_ufixedILi22ELi5EL9ap_q_mode0EL9ap_o_mode0EL_14491|       pointer|
|p_ZZ11network_topP13params_structP9ap_ufixedILi22ELi5EL9ap_q_mode0EL9ap_o_mode0EL_14492         |  out|   18|      ap_vld|  p_ZZ11network_topP13params_structP9ap_ufixedILi22ELi5EL9ap_q_mode0EL9ap_o_mode0EL_14492|       pointer|
|p_ZZ11network_topP13params_structP9ap_ufixedILi22ELi5EL9ap_q_mode0EL9ap_o_mode0EL_14492_ap_vld  |  out|    1|      ap_vld|  p_ZZ11network_topP13params_structP9ap_ufixedILi22ELi5EL9ap_q_mode0EL9ap_o_mode0EL_14492|       pointer|
|p_ZZ11network_topP13params_structP9ap_ufixedILi22ELi5EL9ap_q_mode0EL9ap_o_mode0EL_14493         |  out|   18|      ap_vld|  p_ZZ11network_topP13params_structP9ap_ufixedILi22ELi5EL9ap_q_mode0EL9ap_o_mode0EL_14493|       pointer|
|p_ZZ11network_topP13params_structP9ap_ufixedILi22ELi5EL9ap_q_mode0EL9ap_o_mode0EL_14493_ap_vld  |  out|    1|      ap_vld|  p_ZZ11network_topP13params_structP9ap_ufixedILi22ELi5EL9ap_q_mode0EL9ap_o_mode0EL_14493|       pointer|
|network_top_params_struct_ap_ufixed_ap_ufixed_ap_int_ap_int_32_weights2_295                     |  out|   18|      ap_vld|              network_top_params_struct_ap_ufixed_ap_ufixed_ap_int_ap_int_32_weights2_295|       pointer|
|network_top_params_struct_ap_ufixed_ap_ufixed_ap_int_ap_int_32_weights2_295_ap_vld              |  out|    1|      ap_vld|              network_top_params_struct_ap_ufixed_ap_ufixed_ap_int_ap_int_32_weights2_295|       pointer|
|network_top_params_struct_ap_ufixed_ap_ufixed_ap_int_ap_int_32_weights2_294                     |  out|   18|      ap_vld|              network_top_params_struct_ap_ufixed_ap_ufixed_ap_int_ap_int_32_weights2_294|       pointer|
|network_top_params_struct_ap_ufixed_ap_ufixed_ap_int_ap_int_32_weights2_294_ap_vld              |  out|    1|      ap_vld|              network_top_params_struct_ap_ufixed_ap_ufixed_ap_int_ap_int_32_weights2_294|       pointer|
|network_top_params_struct_ap_ufixed_ap_ufixed_ap_int_ap_int_32_weights2_293                     |  out|   18|      ap_vld|              network_top_params_struct_ap_ufixed_ap_ufixed_ap_int_ap_int_32_weights2_293|       pointer|
|network_top_params_struct_ap_ufixed_ap_ufixed_ap_int_ap_int_32_weights2_293_ap_vld              |  out|    1|      ap_vld|              network_top_params_struct_ap_ufixed_ap_ufixed_ap_int_ap_int_32_weights2_293|       pointer|
|network_top_params_struct_ap_ufixed_ap_ufixed_ap_int_ap_int_32_weights2_292                     |  out|   18|      ap_vld|              network_top_params_struct_ap_ufixed_ap_ufixed_ap_int_ap_int_32_weights2_292|       pointer|
|network_top_params_struct_ap_ufixed_ap_ufixed_ap_int_ap_int_32_weights2_292_ap_vld              |  out|    1|      ap_vld|              network_top_params_struct_ap_ufixed_ap_ufixed_ap_int_ap_int_32_weights2_292|       pointer|
|network_top_params_struct_ap_ufixed_ap_ufixed_ap_int_ap_int_32_weights2_291                     |  out|   18|      ap_vld|              network_top_params_struct_ap_ufixed_ap_ufixed_ap_int_ap_int_32_weights2_291|       pointer|
|network_top_params_struct_ap_ufixed_ap_ufixed_ap_int_ap_int_32_weights2_291_ap_vld              |  out|    1|      ap_vld|              network_top_params_struct_ap_ufixed_ap_ufixed_ap_int_ap_int_32_weights2_291|       pointer|
|network_top_params_struct_ap_ufixed_ap_ufixed_ap_int_ap_int_32_weights2_290                     |  out|   18|      ap_vld|              network_top_params_struct_ap_ufixed_ap_ufixed_ap_int_ap_int_32_weights2_290|       pointer|
|network_top_params_struct_ap_ufixed_ap_ufixed_ap_int_ap_int_32_weights2_290_ap_vld              |  out|    1|      ap_vld|              network_top_params_struct_ap_ufixed_ap_ufixed_ap_int_ap_int_32_weights2_290|       pointer|
|network_top_params_struct_ap_ufixed_ap_ufixed_ap_int_ap_int_32_weights2_289                     |  out|   18|      ap_vld|              network_top_params_struct_ap_ufixed_ap_ufixed_ap_int_ap_int_32_weights2_289|       pointer|
|network_top_params_struct_ap_ufixed_ap_ufixed_ap_int_ap_int_32_weights2_289_ap_vld              |  out|    1|      ap_vld|              network_top_params_struct_ap_ufixed_ap_ufixed_ap_int_ap_int_32_weights2_289|       pointer|
|network_top_params_struct_ap_ufixed_ap_ufixed_ap_int_ap_int_32_weights2_288                     |  out|   18|      ap_vld|              network_top_params_struct_ap_ufixed_ap_ufixed_ap_int_ap_int_32_weights2_288|       pointer|
|network_top_params_struct_ap_ufixed_ap_ufixed_ap_int_ap_int_32_weights2_288_ap_vld              |  out|    1|      ap_vld|              network_top_params_struct_ap_ufixed_ap_ufixed_ap_int_ap_int_32_weights2_288|       pointer|
|network_top_params_struct_ap_ufixed_ap_ufixed_ap_int_ap_int_32_weights2_287                     |  out|   18|      ap_vld|              network_top_params_struct_ap_ufixed_ap_ufixed_ap_int_ap_int_32_weights2_287|       pointer|
|network_top_params_struct_ap_ufixed_ap_ufixed_ap_int_ap_int_32_weights2_287_ap_vld              |  out|    1|      ap_vld|              network_top_params_struct_ap_ufixed_ap_ufixed_ap_int_ap_int_32_weights2_287|       pointer|
|network_top_params_struct_ap_ufixed_ap_ufixed_ap_int_ap_int_32_weights2_286                     |  out|   18|      ap_vld|              network_top_params_struct_ap_ufixed_ap_ufixed_ap_int_ap_int_32_weights2_286|       pointer|
|network_top_params_struct_ap_ufixed_ap_ufixed_ap_int_ap_int_32_weights2_286_ap_vld              |  out|    1|      ap_vld|              network_top_params_struct_ap_ufixed_ap_ufixed_ap_int_ap_int_32_weights2_286|       pointer|
|network_top_params_struct_ap_ufixed_ap_ufixed_ap_int_ap_int_32_weights2_284                     |  out|   18|      ap_vld|              network_top_params_struct_ap_ufixed_ap_ufixed_ap_int_ap_int_32_weights2_284|       pointer|
|network_top_params_struct_ap_ufixed_ap_ufixed_ap_int_ap_int_32_weights2_284_ap_vld              |  out|    1|      ap_vld|              network_top_params_struct_ap_ufixed_ap_ufixed_ap_int_ap_int_32_weights2_284|       pointer|
|network_top_params_struct_ap_ufixed_ap_ufixed_ap_int_ap_int_32_weights2_283                     |  out|   18|      ap_vld|              network_top_params_struct_ap_ufixed_ap_ufixed_ap_int_ap_int_32_weights2_283|       pointer|
|network_top_params_struct_ap_ufixed_ap_ufixed_ap_int_ap_int_32_weights2_283_ap_vld              |  out|    1|      ap_vld|              network_top_params_struct_ap_ufixed_ap_ufixed_ap_int_ap_int_32_weights2_283|       pointer|
|network_top_params_struct_ap_ufixed_ap_ufixed_ap_int_ap_int_32_weights2_282                     |  out|   18|      ap_vld|              network_top_params_struct_ap_ufixed_ap_ufixed_ap_int_ap_int_32_weights2_282|       pointer|
|network_top_params_struct_ap_ufixed_ap_ufixed_ap_int_ap_int_32_weights2_282_ap_vld              |  out|    1|      ap_vld|              network_top_params_struct_ap_ufixed_ap_ufixed_ap_int_ap_int_32_weights2_282|       pointer|
|network_top_params_struct_ap_ufixed_ap_ufixed_ap_int_ap_int_32_weights2_281                     |  out|   18|      ap_vld|              network_top_params_struct_ap_ufixed_ap_ufixed_ap_int_ap_int_32_weights2_281|       pointer|
|network_top_params_struct_ap_ufixed_ap_ufixed_ap_int_ap_int_32_weights2_281_ap_vld              |  out|    1|      ap_vld|              network_top_params_struct_ap_ufixed_ap_ufixed_ap_int_ap_int_32_weights2_281|       pointer|
|network_top_params_struct_ap_ufixed_ap_ufixed_ap_int_ap_int_32_weights2_280                     |  out|   18|      ap_vld|              network_top_params_struct_ap_ufixed_ap_ufixed_ap_int_ap_int_32_weights2_280|       pointer|
|network_top_params_struct_ap_ufixed_ap_ufixed_ap_int_ap_int_32_weights2_280_ap_vld              |  out|    1|      ap_vld|              network_top_params_struct_ap_ufixed_ap_ufixed_ap_int_ap_int_32_weights2_280|       pointer|
|network_top_params_struct_ap_ufixed_ap_ufixed_ap_int_ap_int_32_weights2_279                     |  out|   18|      ap_vld|              network_top_params_struct_ap_ufixed_ap_ufixed_ap_int_ap_int_32_weights2_279|       pointer|
|network_top_params_struct_ap_ufixed_ap_ufixed_ap_int_ap_int_32_weights2_279_ap_vld              |  out|    1|      ap_vld|              network_top_params_struct_ap_ufixed_ap_ufixed_ap_int_ap_int_32_weights2_279|       pointer|
|network_top_params_struct_ap_ufixed_ap_ufixed_ap_int_ap_int_32_weights2_278                     |  out|   18|      ap_vld|              network_top_params_struct_ap_ufixed_ap_ufixed_ap_int_ap_int_32_weights2_278|       pointer|
|network_top_params_struct_ap_ufixed_ap_ufixed_ap_int_ap_int_32_weights2_278_ap_vld              |  out|    1|      ap_vld|              network_top_params_struct_ap_ufixed_ap_ufixed_ap_int_ap_int_32_weights2_278|       pointer|
|network_top_params_struct_ap_ufixed_ap_ufixed_ap_int_ap_int_32_weights2_277                     |  out|   18|      ap_vld|              network_top_params_struct_ap_ufixed_ap_ufixed_ap_int_ap_int_32_weights2_277|       pointer|
|network_top_params_struct_ap_ufixed_ap_ufixed_ap_int_ap_int_32_weights2_277_ap_vld              |  out|    1|      ap_vld|              network_top_params_struct_ap_ufixed_ap_ufixed_ap_int_ap_int_32_weights2_277|       pointer|
|network_top_params_struct_ap_ufixed_ap_ufixed_ap_int_ap_int_32_weights2_276                     |  out|   18|      ap_vld|              network_top_params_struct_ap_ufixed_ap_ufixed_ap_int_ap_int_32_weights2_276|       pointer|
|network_top_params_struct_ap_ufixed_ap_ufixed_ap_int_ap_int_32_weights2_276_ap_vld              |  out|    1|      ap_vld|              network_top_params_struct_ap_ufixed_ap_ufixed_ap_int_ap_int_32_weights2_276|       pointer|
|network_top_params_struct_ap_ufixed_ap_ufixed_ap_int_ap_int_32_weights2_275                     |  out|   18|      ap_vld|              network_top_params_struct_ap_ufixed_ap_ufixed_ap_int_ap_int_32_weights2_275|       pointer|
|network_top_params_struct_ap_ufixed_ap_ufixed_ap_int_ap_int_32_weights2_275_ap_vld              |  out|    1|      ap_vld|              network_top_params_struct_ap_ufixed_ap_ufixed_ap_int_ap_int_32_weights2_275|       pointer|
|network_top_params_struct_ap_ufixed_ap_ufixed_ap_int_ap_int_32_weights2_273                     |  out|   18|      ap_vld|              network_top_params_struct_ap_ufixed_ap_ufixed_ap_int_ap_int_32_weights2_273|       pointer|
|network_top_params_struct_ap_ufixed_ap_ufixed_ap_int_ap_int_32_weights2_273_ap_vld              |  out|    1|      ap_vld|              network_top_params_struct_ap_ufixed_ap_ufixed_ap_int_ap_int_32_weights2_273|       pointer|
|network_top_params_struct_ap_ufixed_ap_ufixed_ap_int_ap_int_32_weights2_272                     |  out|   18|      ap_vld|              network_top_params_struct_ap_ufixed_ap_ufixed_ap_int_ap_int_32_weights2_272|       pointer|
|network_top_params_struct_ap_ufixed_ap_ufixed_ap_int_ap_int_32_weights2_272_ap_vld              |  out|    1|      ap_vld|              network_top_params_struct_ap_ufixed_ap_ufixed_ap_int_ap_int_32_weights2_272|       pointer|
|network_top_params_struct_ap_ufixed_ap_ufixed_ap_int_ap_int_32_weights2_271                     |  out|   18|      ap_vld|              network_top_params_struct_ap_ufixed_ap_ufixed_ap_int_ap_int_32_weights2_271|       pointer|
|network_top_params_struct_ap_ufixed_ap_ufixed_ap_int_ap_int_32_weights2_271_ap_vld              |  out|    1|      ap_vld|              network_top_params_struct_ap_ufixed_ap_ufixed_ap_int_ap_int_32_weights2_271|       pointer|
|network_top_params_struct_ap_ufixed_ap_ufixed_ap_int_ap_int_32_weights2_270                     |  out|   18|      ap_vld|              network_top_params_struct_ap_ufixed_ap_ufixed_ap_int_ap_int_32_weights2_270|       pointer|
|network_top_params_struct_ap_ufixed_ap_ufixed_ap_int_ap_int_32_weights2_270_ap_vld              |  out|    1|      ap_vld|              network_top_params_struct_ap_ufixed_ap_ufixed_ap_int_ap_int_32_weights2_270|       pointer|
|network_top_params_struct_ap_ufixed_ap_ufixed_ap_int_ap_int_32_weights2_269                     |  out|   18|      ap_vld|              network_top_params_struct_ap_ufixed_ap_ufixed_ap_int_ap_int_32_weights2_269|       pointer|
|network_top_params_struct_ap_ufixed_ap_ufixed_ap_int_ap_int_32_weights2_269_ap_vld              |  out|    1|      ap_vld|              network_top_params_struct_ap_ufixed_ap_ufixed_ap_int_ap_int_32_weights2_269|       pointer|
|network_top_params_struct_ap_ufixed_ap_ufixed_ap_int_ap_int_32_weights2_268                     |  out|   18|      ap_vld|              network_top_params_struct_ap_ufixed_ap_ufixed_ap_int_ap_int_32_weights2_268|       pointer|
|network_top_params_struct_ap_ufixed_ap_ufixed_ap_int_ap_int_32_weights2_268_ap_vld              |  out|    1|      ap_vld|              network_top_params_struct_ap_ufixed_ap_ufixed_ap_int_ap_int_32_weights2_268|       pointer|
|network_top_params_struct_ap_ufixed_ap_ufixed_ap_int_ap_int_32_weights2_267                     |  out|   18|      ap_vld|              network_top_params_struct_ap_ufixed_ap_ufixed_ap_int_ap_int_32_weights2_267|       pointer|
|network_top_params_struct_ap_ufixed_ap_ufixed_ap_int_ap_int_32_weights2_267_ap_vld              |  out|    1|      ap_vld|              network_top_params_struct_ap_ufixed_ap_ufixed_ap_int_ap_int_32_weights2_267|       pointer|
|network_top_params_struct_ap_ufixed_ap_ufixed_ap_int_ap_int_32_weights2_266                     |  out|   18|      ap_vld|              network_top_params_struct_ap_ufixed_ap_ufixed_ap_int_ap_int_32_weights2_266|       pointer|
|network_top_params_struct_ap_ufixed_ap_ufixed_ap_int_ap_int_32_weights2_266_ap_vld              |  out|    1|      ap_vld|              network_top_params_struct_ap_ufixed_ap_ufixed_ap_int_ap_int_32_weights2_266|       pointer|
|network_top_params_struct_ap_ufixed_ap_ufixed_ap_int_ap_int_32_weights2_265                     |  out|   18|      ap_vld|              network_top_params_struct_ap_ufixed_ap_ufixed_ap_int_ap_int_32_weights2_265|       pointer|
|network_top_params_struct_ap_ufixed_ap_ufixed_ap_int_ap_int_32_weights2_265_ap_vld              |  out|    1|      ap_vld|              network_top_params_struct_ap_ufixed_ap_ufixed_ap_int_ap_int_32_weights2_265|       pointer|
|network_top_params_struct_ap_ufixed_ap_ufixed_ap_int_ap_int_32_weights2_264                     |  out|   18|      ap_vld|              network_top_params_struct_ap_ufixed_ap_ufixed_ap_int_ap_int_32_weights2_264|       pointer|
|network_top_params_struct_ap_ufixed_ap_ufixed_ap_int_ap_int_32_weights2_264_ap_vld              |  out|    1|      ap_vld|              network_top_params_struct_ap_ufixed_ap_ufixed_ap_int_ap_int_32_weights2_264|       pointer|
|network_top_params_struct_ap_ufixed_ap_ufixed_ap_int_ap_int_32_weights2_262                     |  out|   18|      ap_vld|              network_top_params_struct_ap_ufixed_ap_ufixed_ap_int_ap_int_32_weights2_262|       pointer|
|network_top_params_struct_ap_ufixed_ap_ufixed_ap_int_ap_int_32_weights2_262_ap_vld              |  out|    1|      ap_vld|              network_top_params_struct_ap_ufixed_ap_ufixed_ap_int_ap_int_32_weights2_262|       pointer|
|network_top_params_struct_ap_ufixed_ap_ufixed_ap_int_ap_int_32_weights2_261                     |  out|   18|      ap_vld|              network_top_params_struct_ap_ufixed_ap_ufixed_ap_int_ap_int_32_weights2_261|       pointer|
|network_top_params_struct_ap_ufixed_ap_ufixed_ap_int_ap_int_32_weights2_261_ap_vld              |  out|    1|      ap_vld|              network_top_params_struct_ap_ufixed_ap_ufixed_ap_int_ap_int_32_weights2_261|       pointer|
|network_top_params_struct_ap_ufixed_ap_ufixed_ap_int_ap_int_32_weights2_260                     |  out|   18|      ap_vld|              network_top_params_struct_ap_ufixed_ap_ufixed_ap_int_ap_int_32_weights2_260|       pointer|
|network_top_params_struct_ap_ufixed_ap_ufixed_ap_int_ap_int_32_weights2_260_ap_vld              |  out|    1|      ap_vld|              network_top_params_struct_ap_ufixed_ap_ufixed_ap_int_ap_int_32_weights2_260|       pointer|
|network_top_params_struct_ap_ufixed_ap_ufixed_ap_int_ap_int_32_weights2_259                     |  out|   18|      ap_vld|              network_top_params_struct_ap_ufixed_ap_ufixed_ap_int_ap_int_32_weights2_259|       pointer|
|network_top_params_struct_ap_ufixed_ap_ufixed_ap_int_ap_int_32_weights2_259_ap_vld              |  out|    1|      ap_vld|              network_top_params_struct_ap_ufixed_ap_ufixed_ap_int_ap_int_32_weights2_259|       pointer|
|network_top_params_struct_ap_ufixed_ap_ufixed_ap_int_ap_int_32_weights2_258                     |  out|   18|      ap_vld|              network_top_params_struct_ap_ufixed_ap_ufixed_ap_int_ap_int_32_weights2_258|       pointer|
|network_top_params_struct_ap_ufixed_ap_ufixed_ap_int_ap_int_32_weights2_258_ap_vld              |  out|    1|      ap_vld|              network_top_params_struct_ap_ufixed_ap_ufixed_ap_int_ap_int_32_weights2_258|       pointer|
|network_top_params_struct_ap_ufixed_ap_ufixed_ap_int_ap_int_32_weights2_257                     |  out|   18|      ap_vld|              network_top_params_struct_ap_ufixed_ap_ufixed_ap_int_ap_int_32_weights2_257|       pointer|
|network_top_params_struct_ap_ufixed_ap_ufixed_ap_int_ap_int_32_weights2_257_ap_vld              |  out|    1|      ap_vld|              network_top_params_struct_ap_ufixed_ap_ufixed_ap_int_ap_int_32_weights2_257|       pointer|
|network_top_params_struct_ap_ufixed_ap_ufixed_ap_int_ap_int_32_weights2_256                     |  out|   18|      ap_vld|              network_top_params_struct_ap_ufixed_ap_ufixed_ap_int_ap_int_32_weights2_256|       pointer|
|network_top_params_struct_ap_ufixed_ap_ufixed_ap_int_ap_int_32_weights2_256_ap_vld              |  out|    1|      ap_vld|              network_top_params_struct_ap_ufixed_ap_ufixed_ap_int_ap_int_32_weights2_256|       pointer|
|network_top_params_struct_ap_ufixed_ap_ufixed_ap_int_ap_int_32_weights2_255                     |  out|   18|      ap_vld|              network_top_params_struct_ap_ufixed_ap_ufixed_ap_int_ap_int_32_weights2_255|       pointer|
|network_top_params_struct_ap_ufixed_ap_ufixed_ap_int_ap_int_32_weights2_255_ap_vld              |  out|    1|      ap_vld|              network_top_params_struct_ap_ufixed_ap_ufixed_ap_int_ap_int_32_weights2_255|       pointer|
|network_top_params_struct_ap_ufixed_ap_ufixed_ap_int_ap_int_32_weights2_254                     |  out|   18|      ap_vld|              network_top_params_struct_ap_ufixed_ap_ufixed_ap_int_ap_int_32_weights2_254|       pointer|
|network_top_params_struct_ap_ufixed_ap_ufixed_ap_int_ap_int_32_weights2_254_ap_vld              |  out|    1|      ap_vld|              network_top_params_struct_ap_ufixed_ap_ufixed_ap_int_ap_int_32_weights2_254|       pointer|
|network_top_params_struct_ap_ufixed_ap_ufixed_ap_int_ap_int_32_weights2_253                     |  out|   18|      ap_vld|              network_top_params_struct_ap_ufixed_ap_ufixed_ap_int_ap_int_32_weights2_253|       pointer|
|network_top_params_struct_ap_ufixed_ap_ufixed_ap_int_ap_int_32_weights2_253_ap_vld              |  out|    1|      ap_vld|              network_top_params_struct_ap_ufixed_ap_ufixed_ap_int_ap_int_32_weights2_253|       pointer|
|network_top_params_struct_ap_ufixed_ap_ufixed_ap_int_ap_int_32_weights2_251                     |  out|   18|      ap_vld|              network_top_params_struct_ap_ufixed_ap_ufixed_ap_int_ap_int_32_weights2_251|       pointer|
|network_top_params_struct_ap_ufixed_ap_ufixed_ap_int_ap_int_32_weights2_251_ap_vld              |  out|    1|      ap_vld|              network_top_params_struct_ap_ufixed_ap_ufixed_ap_int_ap_int_32_weights2_251|       pointer|
|network_top_params_struct_ap_ufixed_ap_ufixed_ap_int_ap_int_32_weights2_250                     |  out|   18|      ap_vld|              network_top_params_struct_ap_ufixed_ap_ufixed_ap_int_ap_int_32_weights2_250|       pointer|
|network_top_params_struct_ap_ufixed_ap_ufixed_ap_int_ap_int_32_weights2_250_ap_vld              |  out|    1|      ap_vld|              network_top_params_struct_ap_ufixed_ap_ufixed_ap_int_ap_int_32_weights2_250|       pointer|
|network_top_params_struct_ap_ufixed_ap_ufixed_ap_int_ap_int_32_weights2_249                     |  out|   18|      ap_vld|              network_top_params_struct_ap_ufixed_ap_ufixed_ap_int_ap_int_32_weights2_249|       pointer|
|network_top_params_struct_ap_ufixed_ap_ufixed_ap_int_ap_int_32_weights2_249_ap_vld              |  out|    1|      ap_vld|              network_top_params_struct_ap_ufixed_ap_ufixed_ap_int_ap_int_32_weights2_249|       pointer|
|network_top_params_struct_ap_ufixed_ap_ufixed_ap_int_ap_int_32_weights2_248                     |  out|   18|      ap_vld|              network_top_params_struct_ap_ufixed_ap_ufixed_ap_int_ap_int_32_weights2_248|       pointer|
|network_top_params_struct_ap_ufixed_ap_ufixed_ap_int_ap_int_32_weights2_248_ap_vld              |  out|    1|      ap_vld|              network_top_params_struct_ap_ufixed_ap_ufixed_ap_int_ap_int_32_weights2_248|       pointer|
|network_top_params_struct_ap_ufixed_ap_ufixed_ap_int_ap_int_32_weights2_247                     |  out|   18|      ap_vld|              network_top_params_struct_ap_ufixed_ap_ufixed_ap_int_ap_int_32_weights2_247|       pointer|
|network_top_params_struct_ap_ufixed_ap_ufixed_ap_int_ap_int_32_weights2_247_ap_vld              |  out|    1|      ap_vld|              network_top_params_struct_ap_ufixed_ap_ufixed_ap_int_ap_int_32_weights2_247|       pointer|
|network_top_params_struct_ap_ufixed_ap_ufixed_ap_int_ap_int_32_weights2_246                     |  out|   18|      ap_vld|              network_top_params_struct_ap_ufixed_ap_ufixed_ap_int_ap_int_32_weights2_246|       pointer|
|network_top_params_struct_ap_ufixed_ap_ufixed_ap_int_ap_int_32_weights2_246_ap_vld              |  out|    1|      ap_vld|              network_top_params_struct_ap_ufixed_ap_ufixed_ap_int_ap_int_32_weights2_246|       pointer|
|network_top_params_struct_ap_ufixed_ap_ufixed_ap_int_ap_int_32_weights2_245                     |  out|   18|      ap_vld|              network_top_params_struct_ap_ufixed_ap_ufixed_ap_int_ap_int_32_weights2_245|       pointer|
|network_top_params_struct_ap_ufixed_ap_ufixed_ap_int_ap_int_32_weights2_245_ap_vld              |  out|    1|      ap_vld|              network_top_params_struct_ap_ufixed_ap_ufixed_ap_int_ap_int_32_weights2_245|       pointer|
|network_top_params_struct_ap_ufixed_ap_ufixed_ap_int_ap_int_32_weights2_244                     |  out|   18|      ap_vld|              network_top_params_struct_ap_ufixed_ap_ufixed_ap_int_ap_int_32_weights2_244|       pointer|
|network_top_params_struct_ap_ufixed_ap_ufixed_ap_int_ap_int_32_weights2_244_ap_vld              |  out|    1|      ap_vld|              network_top_params_struct_ap_ufixed_ap_ufixed_ap_int_ap_int_32_weights2_244|       pointer|
|network_top_params_struct_ap_ufixed_ap_ufixed_ap_int_ap_int_32_weights2_243                     |  out|   18|      ap_vld|              network_top_params_struct_ap_ufixed_ap_ufixed_ap_int_ap_int_32_weights2_243|       pointer|
|network_top_params_struct_ap_ufixed_ap_ufixed_ap_int_ap_int_32_weights2_243_ap_vld              |  out|    1|      ap_vld|              network_top_params_struct_ap_ufixed_ap_ufixed_ap_int_ap_int_32_weights2_243|       pointer|
|network_top_params_struct_ap_ufixed_ap_ufixed_ap_int_ap_int_32_weights2_242                     |  out|   18|      ap_vld|              network_top_params_struct_ap_ufixed_ap_ufixed_ap_int_ap_int_32_weights2_242|       pointer|
|network_top_params_struct_ap_ufixed_ap_ufixed_ap_int_ap_int_32_weights2_242_ap_vld              |  out|    1|      ap_vld|              network_top_params_struct_ap_ufixed_ap_ufixed_ap_int_ap_int_32_weights2_242|       pointer|
|network_top_params_struct_ap_ufixed_ap_ufixed_ap_int_ap_int_32_weights2                         |  out|   18|      ap_vld|                  network_top_params_struct_ap_ufixed_ap_ufixed_ap_int_ap_int_32_weights2|       pointer|
|network_top_params_struct_ap_ufixed_ap_ufixed_ap_int_ap_int_32_weights2_ap_vld                  |  out|    1|      ap_vld|                  network_top_params_struct_ap_ufixed_ap_ufixed_ap_int_ap_int_32_weights2|       pointer|
|network_top_params_struct_ap_ufixed_ap_ufixed_ap_int_ap_int_32_weights2_1                       |  out|   18|      ap_vld|                network_top_params_struct_ap_ufixed_ap_ufixed_ap_int_ap_int_32_weights2_1|       pointer|
|network_top_params_struct_ap_ufixed_ap_ufixed_ap_int_ap_int_32_weights2_1_ap_vld                |  out|    1|      ap_vld|                network_top_params_struct_ap_ufixed_ap_ufixed_ap_int_ap_int_32_weights2_1|       pointer|
|network_top_params_struct_ap_ufixed_ap_ufixed_ap_int_ap_int_32_weights2_2                       |  out|   18|      ap_vld|                network_top_params_struct_ap_ufixed_ap_ufixed_ap_int_ap_int_32_weights2_2|       pointer|
|network_top_params_struct_ap_ufixed_ap_ufixed_ap_int_ap_int_32_weights2_2_ap_vld                |  out|    1|      ap_vld|                network_top_params_struct_ap_ufixed_ap_ufixed_ap_int_ap_int_32_weights2_2|       pointer|
|network_top_params_struct_ap_ufixed_ap_ufixed_ap_int_ap_int_32_weights2_3                       |  out|   18|      ap_vld|                network_top_params_struct_ap_ufixed_ap_ufixed_ap_int_ap_int_32_weights2_3|       pointer|
|network_top_params_struct_ap_ufixed_ap_ufixed_ap_int_ap_int_32_weights2_3_ap_vld                |  out|    1|      ap_vld|                network_top_params_struct_ap_ufixed_ap_ufixed_ap_int_ap_int_32_weights2_3|       pointer|
|network_top_params_struct_ap_ufixed_ap_ufixed_ap_int_ap_int_32_weights2_4                       |  out|   18|      ap_vld|                network_top_params_struct_ap_ufixed_ap_ufixed_ap_int_ap_int_32_weights2_4|       pointer|
|network_top_params_struct_ap_ufixed_ap_ufixed_ap_int_ap_int_32_weights2_4_ap_vld                |  out|    1|      ap_vld|                network_top_params_struct_ap_ufixed_ap_ufixed_ap_int_ap_int_32_weights2_4|       pointer|
|network_top_params_struct_ap_ufixed_ap_ufixed_ap_int_ap_int_32_weights2_5                       |  out|   18|      ap_vld|                network_top_params_struct_ap_ufixed_ap_ufixed_ap_int_ap_int_32_weights2_5|       pointer|
|network_top_params_struct_ap_ufixed_ap_ufixed_ap_int_ap_int_32_weights2_5_ap_vld                |  out|    1|      ap_vld|                network_top_params_struct_ap_ufixed_ap_ufixed_ap_int_ap_int_32_weights2_5|       pointer|
|network_top_params_struct_ap_ufixed_ap_ufixed_ap_int_ap_int_32_weights2_6                       |  out|   18|      ap_vld|                network_top_params_struct_ap_ufixed_ap_ufixed_ap_int_ap_int_32_weights2_6|       pointer|
|network_top_params_struct_ap_ufixed_ap_ufixed_ap_int_ap_int_32_weights2_6_ap_vld                |  out|    1|      ap_vld|                network_top_params_struct_ap_ufixed_ap_ufixed_ap_int_ap_int_32_weights2_6|       pointer|
|network_top_params_struct_ap_ufixed_ap_ufixed_ap_int_ap_int_32_weights2_7                       |  out|   18|      ap_vld|                network_top_params_struct_ap_ufixed_ap_ufixed_ap_int_ap_int_32_weights2_7|       pointer|
|network_top_params_struct_ap_ufixed_ap_ufixed_ap_int_ap_int_32_weights2_7_ap_vld                |  out|    1|      ap_vld|                network_top_params_struct_ap_ufixed_ap_ufixed_ap_int_ap_int_32_weights2_7|       pointer|
|network_top_params_struct_ap_ufixed_ap_ufixed_ap_int_ap_int_32_weights2_8                       |  out|   18|      ap_vld|                network_top_params_struct_ap_ufixed_ap_ufixed_ap_int_ap_int_32_weights2_8|       pointer|
|network_top_params_struct_ap_ufixed_ap_ufixed_ap_int_ap_int_32_weights2_8_ap_vld                |  out|    1|      ap_vld|                network_top_params_struct_ap_ufixed_ap_ufixed_ap_int_ap_int_32_weights2_8|       pointer|
|network_top_params_struct_ap_ufixed_ap_ufixed_ap_int_ap_int_32_weights2_9                       |  out|   18|      ap_vld|                network_top_params_struct_ap_ufixed_ap_ufixed_ap_int_ap_int_32_weights2_9|       pointer|
|network_top_params_struct_ap_ufixed_ap_ufixed_ap_int_ap_int_32_weights2_9_ap_vld                |  out|    1|      ap_vld|                network_top_params_struct_ap_ufixed_ap_ufixed_ap_int_ap_int_32_weights2_9|       pointer|
|network_top_params_struct_ap_ufixed_ap_ufixed_ap_int_ap_int_32_weights2_11                      |  out|   18|      ap_vld|               network_top_params_struct_ap_ufixed_ap_ufixed_ap_int_ap_int_32_weights2_11|       pointer|
|network_top_params_struct_ap_ufixed_ap_ufixed_ap_int_ap_int_32_weights2_11_ap_vld               |  out|    1|      ap_vld|               network_top_params_struct_ap_ufixed_ap_ufixed_ap_int_ap_int_32_weights2_11|       pointer|
|network_top_params_struct_ap_ufixed_ap_ufixed_ap_int_ap_int_32_weights2_12                      |  out|   18|      ap_vld|               network_top_params_struct_ap_ufixed_ap_ufixed_ap_int_ap_int_32_weights2_12|       pointer|
|network_top_params_struct_ap_ufixed_ap_ufixed_ap_int_ap_int_32_weights2_12_ap_vld               |  out|    1|      ap_vld|               network_top_params_struct_ap_ufixed_ap_ufixed_ap_int_ap_int_32_weights2_12|       pointer|
|network_top_params_struct_ap_ufixed_ap_ufixed_ap_int_ap_int_32_weights2_13                      |  out|   18|      ap_vld|               network_top_params_struct_ap_ufixed_ap_ufixed_ap_int_ap_int_32_weights2_13|       pointer|
|network_top_params_struct_ap_ufixed_ap_ufixed_ap_int_ap_int_32_weights2_13_ap_vld               |  out|    1|      ap_vld|               network_top_params_struct_ap_ufixed_ap_ufixed_ap_int_ap_int_32_weights2_13|       pointer|
|network_top_params_struct_ap_ufixed_ap_ufixed_ap_int_ap_int_32_weights2_14                      |  out|   18|      ap_vld|               network_top_params_struct_ap_ufixed_ap_ufixed_ap_int_ap_int_32_weights2_14|       pointer|
|network_top_params_struct_ap_ufixed_ap_ufixed_ap_int_ap_int_32_weights2_14_ap_vld               |  out|    1|      ap_vld|               network_top_params_struct_ap_ufixed_ap_ufixed_ap_int_ap_int_32_weights2_14|       pointer|
|network_top_params_struct_ap_ufixed_ap_ufixed_ap_int_ap_int_32_weights2_15                      |  out|   18|      ap_vld|               network_top_params_struct_ap_ufixed_ap_ufixed_ap_int_ap_int_32_weights2_15|       pointer|
|network_top_params_struct_ap_ufixed_ap_ufixed_ap_int_ap_int_32_weights2_15_ap_vld               |  out|    1|      ap_vld|               network_top_params_struct_ap_ufixed_ap_ufixed_ap_int_ap_int_32_weights2_15|       pointer|
|network_top_params_struct_ap_ufixed_ap_ufixed_ap_int_ap_int_32_weights2_16                      |  out|   18|      ap_vld|               network_top_params_struct_ap_ufixed_ap_ufixed_ap_int_ap_int_32_weights2_16|       pointer|
|network_top_params_struct_ap_ufixed_ap_ufixed_ap_int_ap_int_32_weights2_16_ap_vld               |  out|    1|      ap_vld|               network_top_params_struct_ap_ufixed_ap_ufixed_ap_int_ap_int_32_weights2_16|       pointer|
|network_top_params_struct_ap_ufixed_ap_ufixed_ap_int_ap_int_32_weights2_17                      |  out|   18|      ap_vld|               network_top_params_struct_ap_ufixed_ap_ufixed_ap_int_ap_int_32_weights2_17|       pointer|
|network_top_params_struct_ap_ufixed_ap_ufixed_ap_int_ap_int_32_weights2_17_ap_vld               |  out|    1|      ap_vld|               network_top_params_struct_ap_ufixed_ap_ufixed_ap_int_ap_int_32_weights2_17|       pointer|
|network_top_params_struct_ap_ufixed_ap_ufixed_ap_int_ap_int_32_weights2_18                      |  out|   18|      ap_vld|               network_top_params_struct_ap_ufixed_ap_ufixed_ap_int_ap_int_32_weights2_18|       pointer|
|network_top_params_struct_ap_ufixed_ap_ufixed_ap_int_ap_int_32_weights2_18_ap_vld               |  out|    1|      ap_vld|               network_top_params_struct_ap_ufixed_ap_ufixed_ap_int_ap_int_32_weights2_18|       pointer|
|network_top_params_struct_ap_ufixed_ap_ufixed_ap_int_ap_int_32_weights2_19                      |  out|   18|      ap_vld|               network_top_params_struct_ap_ufixed_ap_ufixed_ap_int_ap_int_32_weights2_19|       pointer|
|network_top_params_struct_ap_ufixed_ap_ufixed_ap_int_ap_int_32_weights2_19_ap_vld               |  out|    1|      ap_vld|               network_top_params_struct_ap_ufixed_ap_ufixed_ap_int_ap_int_32_weights2_19|       pointer|
|network_top_params_struct_ap_ufixed_ap_ufixed_ap_int_ap_int_32_weights2_20                      |  out|   18|      ap_vld|               network_top_params_struct_ap_ufixed_ap_ufixed_ap_int_ap_int_32_weights2_20|       pointer|
|network_top_params_struct_ap_ufixed_ap_ufixed_ap_int_ap_int_32_weights2_20_ap_vld               |  out|    1|      ap_vld|               network_top_params_struct_ap_ufixed_ap_ufixed_ap_int_ap_int_32_weights2_20|       pointer|
+------------------------------------------------------------------------------------------------+-----+-----+------------+-----------------------------------------------------------------------------------------+--------------+

