

================================================================
== Vitis HLS Report for 'network_top_Pipeline_load_weight2_matrix_inner_loop78'
================================================================
* Date:           Fri Oct  6 13:57:20 2023

* Version:        2023.1 (Build 3854077 on May  4 2023)
* Project:        matrix_test2
* Solution:       solution1 (Vivado IP Flow Target)
* Product family: zynquplus
* Target device:  xczu7ev-ffvc1156-2-e


================================================================
== Performance Estimates
================================================================
+ Timing: 
    * Summary: 
    +--------+---------+----------+------------+
    |  Clock |  Target | Estimated| Uncertainty|
    +--------+---------+----------+------------+
    |ap_clk  |  0.35 us|  1.200 ns|    94.50 ns|
    +--------+---------+----------+------------+

+ Latency: 
    * Summary: 
    +---------+---------+-----------+-----------+-----+-----+---------+
    |  Latency (cycles) |   Latency (absolute)  |  Interval | Pipeline|
    |   min   |   max   |    min    |    max    | min | max |   Type  |
    +---------+---------+-----------+-----------+-----+-----+---------+
    |       82|       82|  28.700 us|  28.700 us|   82|   82|       no|
    +---------+---------+-----------+-----------+-----+-----+---------+

    + Detail: 
        * Instance: 
        N/A

        * Loop: 
        +----------------------------------+---------+---------+----------+-----------+-----------+------+----------+
        |                                  |  Latency (cycles) | Iteration|  Initiation Interval  | Trip |          |
        |             Loop Name            |   min   |   max   |  Latency |  achieved |   target  | Count| Pipelined|
        +----------------------------------+---------+---------+----------+-----------+-----------+------+----------+
        |- load_weight2_matrix_inner_loop  |       80|       80|         1|          1|          1|    80|       yes|
        +----------------------------------+---------+---------+----------+-----------+-----------+------+----------+



================================================================
== Utilization Estimates
================================================================
* Summary: 
+-----------------+---------+------+--------+--------+-----+
|       Name      | BRAM_18K|  DSP |   FF   |   LUT  | URAM|
+-----------------+---------+------+--------+--------+-----+
|DSP              |        -|     -|       -|       -|    -|
|Expression       |        -|     -|       0|      28|    -|
|FIFO             |        -|     -|       -|       -|    -|
|Instance         |        -|     -|       -|       -|    -|
|Memory           |        -|     -|       -|       -|    -|
|Multiplexer      |        -|     -|       -|      27|    -|
|Register         |        -|     -|       9|       -|    -|
+-----------------+---------+------+--------+--------+-----+
|Total            |        0|     0|       9|      55|    0|
+-----------------+---------+------+--------+--------+-----+
|Available        |      624|  1728|  460800|  230400|   96|
+-----------------+---------+------+--------+--------+-----+
|Utilization (%)  |        0|     0|      ~0|      ~0|    0|
+-----------------+---------+------+--------+--------+-----+

+ Detail: 
    * Instance: 
    N/A

    * DSP: 
    N/A

    * Memory: 
    N/A

    * FIFO: 
    N/A

    * Expression: 
    +----------------------+----------+----+---+----+------------+------------+
    |     Variable Name    | Operation| DSP| FF| LUT| Bitwidth P0| Bitwidth P1|
    +----------------------+----------+----+---+----+------------+------------+
    |add_ln199_fu_358_p2   |         +|   0|  0|  14|           7|           1|
    |icmp_ln199_fu_352_p2  |      icmp|   0|  0|  14|           7|           7|
    +----------------------+----------+----+---+----+------------+------------+
    |Total                 |          |   0|  0|  28|          14|           8|
    +----------------------+----------+----+---+----+------------+------------+

    * Multiplexer: 
    +-----------------------+----+-----------+-----+-----------+
    |          Name         | LUT| Input Size| Bits| Total Bits|
    +-----------------------+----+-----------+-----+-----------+
    |ap_done_int            |   9|          2|    1|          2|
    |ap_sig_allocacmp_c_41  |   9|          2|    7|         14|
    |c_fu_340               |   9|          2|    7|         14|
    +-----------------------+----+-----------+-----+-----------+
    |Total                  |  27|          6|   15|         30|
    +-----------------------+----+-----------+-----+-----------+

    * Register: 
    +-------------+---+----+-----+-----------+
    |     Name    | FF| LUT| Bits| Const Bits|
    +-------------+---+----+-----+-----------+
    |ap_CS_fsm    |  1|   0|    1|          0|
    |ap_done_reg  |  1|   0|    1|          0|
    |c_fu_340     |  7|   0|    7|          0|
    +-------------+---+----+-----+-----------+
    |Total        |  9|   0|    9|          0|
    +-------------+---+----+-----+-----------+



================================================================
== Interface
================================================================
* Summary: 
+------------------------------------------------------------------------------------------------+-----+-----+------------+-----------------------------------------------------------------------------------------+--------------+
|                                            RTL Ports                                           | Dir | Bits|  Protocol  |                                      Source Object                                      |    C Type    |
+------------------------------------------------------------------------------------------------+-----+-----+------------+-----------------------------------------------------------------------------------------+--------------+
|ap_clk                                                                                          |   in|    1|  ap_ctrl_hs|                                    network_top_Pipeline_load_weight2_matrix_inner_loop78|  return value|
|ap_rst                                                                                          |   in|    1|  ap_ctrl_hs|                                    network_top_Pipeline_load_weight2_matrix_inner_loop78|  return value|
|ap_start                                                                                        |   in|    1|  ap_ctrl_hs|                                    network_top_Pipeline_load_weight2_matrix_inner_loop78|  return value|
|ap_done                                                                                         |  out|    1|  ap_ctrl_hs|                                    network_top_Pipeline_load_weight2_matrix_inner_loop78|  return value|
|ap_idle                                                                                         |  out|    1|  ap_ctrl_hs|                                    network_top_Pipeline_load_weight2_matrix_inner_loop78|  return value|
|ap_ready                                                                                        |  out|    1|  ap_ctrl_hs|                                    network_top_Pipeline_load_weight2_matrix_inner_loop78|  return value|
|p_ZZ11network_topP13params_structP9ap_ufixedILi22ELi5EL9ap_q_mode0EL9ap_o_mode0EL_15815         |  out|   18|      ap_vld|  p_ZZ11network_topP13params_structP9ap_ufixedILi22ELi5EL9ap_q_mode0EL9ap_o_mode0EL_15815|       pointer|
|p_ZZ11network_topP13params_structP9ap_ufixedILi22ELi5EL9ap_q_mode0EL9ap_o_mode0EL_15815_ap_vld  |  out|    1|      ap_vld|  p_ZZ11network_topP13params_structP9ap_ufixedILi22ELi5EL9ap_q_mode0EL9ap_o_mode0EL_15815|       pointer|
|p_ZZ11network_topP13params_structP9ap_ufixedILi22ELi5EL9ap_q_mode0EL9ap_o_mode0EL_15816         |  out|   18|      ap_vld|  p_ZZ11network_topP13params_structP9ap_ufixedILi22ELi5EL9ap_q_mode0EL9ap_o_mode0EL_15816|       pointer|
|p_ZZ11network_topP13params_structP9ap_ufixedILi22ELi5EL9ap_q_mode0EL9ap_o_mode0EL_15816_ap_vld  |  out|    1|      ap_vld|  p_ZZ11network_topP13params_structP9ap_ufixedILi22ELi5EL9ap_q_mode0EL9ap_o_mode0EL_15816|       pointer|
|p_ZZ11network_topP13params_structP9ap_ufixedILi22ELi5EL9ap_q_mode0EL9ap_o_mode0EL_15828         |  out|   18|      ap_vld|  p_ZZ11network_topP13params_structP9ap_ufixedILi22ELi5EL9ap_q_mode0EL9ap_o_mode0EL_15828|       pointer|
|p_ZZ11network_topP13params_structP9ap_ufixedILi22ELi5EL9ap_q_mode0EL9ap_o_mode0EL_15828_ap_vld  |  out|    1|      ap_vld|  p_ZZ11network_topP13params_structP9ap_ufixedILi22ELi5EL9ap_q_mode0EL9ap_o_mode0EL_15828|       pointer|
|p_ZZ11network_topP13params_structP9ap_ufixedILi22ELi5EL9ap_q_mode0EL9ap_o_mode0EL_15840         |  out|   18|      ap_vld|  p_ZZ11network_topP13params_structP9ap_ufixedILi22ELi5EL9ap_q_mode0EL9ap_o_mode0EL_15840|       pointer|
|p_ZZ11network_topP13params_structP9ap_ufixedILi22ELi5EL9ap_q_mode0EL9ap_o_mode0EL_15840_ap_vld  |  out|    1|      ap_vld|  p_ZZ11network_topP13params_structP9ap_ufixedILi22ELi5EL9ap_q_mode0EL9ap_o_mode0EL_15840|       pointer|
|p_ZZ11network_topP13params_structP9ap_ufixedILi22ELi5EL9ap_q_mode0EL9ap_o_mode0EL_15852         |  out|   18|      ap_vld|  p_ZZ11network_topP13params_structP9ap_ufixedILi22ELi5EL9ap_q_mode0EL9ap_o_mode0EL_15852|       pointer|
|p_ZZ11network_topP13params_structP9ap_ufixedILi22ELi5EL9ap_q_mode0EL9ap_o_mode0EL_15852_ap_vld  |  out|    1|      ap_vld|  p_ZZ11network_topP13params_structP9ap_ufixedILi22ELi5EL9ap_q_mode0EL9ap_o_mode0EL_15852|       pointer|
|p_ZZ11network_topP13params_structP9ap_ufixedILi22ELi5EL9ap_q_mode0EL9ap_o_mode0EL_15864         |  out|   18|      ap_vld|  p_ZZ11network_topP13params_structP9ap_ufixedILi22ELi5EL9ap_q_mode0EL9ap_o_mode0EL_15864|       pointer|
|p_ZZ11network_topP13params_structP9ap_ufixedILi22ELi5EL9ap_q_mode0EL9ap_o_mode0EL_15864_ap_vld  |  out|    1|      ap_vld|  p_ZZ11network_topP13params_structP9ap_ufixedILi22ELi5EL9ap_q_mode0EL9ap_o_mode0EL_15864|       pointer|
|p_ZZ11network_topP13params_structP9ap_ufixedILi22ELi5EL9ap_q_mode0EL9ap_o_mode0EL_15876         |  out|   18|      ap_vld|  p_ZZ11network_topP13params_structP9ap_ufixedILi22ELi5EL9ap_q_mode0EL9ap_o_mode0EL_15876|       pointer|
|p_ZZ11network_topP13params_structP9ap_ufixedILi22ELi5EL9ap_q_mode0EL9ap_o_mode0EL_15876_ap_vld  |  out|    1|      ap_vld|  p_ZZ11network_topP13params_structP9ap_ufixedILi22ELi5EL9ap_q_mode0EL9ap_o_mode0EL_15876|       pointer|
|p_ZZ11network_topP13params_structP9ap_ufixedILi22ELi5EL9ap_q_mode0EL9ap_o_mode0EL_15888         |  out|   18|      ap_vld|  p_ZZ11network_topP13params_structP9ap_ufixedILi22ELi5EL9ap_q_mode0EL9ap_o_mode0EL_15888|       pointer|
|p_ZZ11network_topP13params_structP9ap_ufixedILi22ELi5EL9ap_q_mode0EL9ap_o_mode0EL_15888_ap_vld  |  out|    1|      ap_vld|  p_ZZ11network_topP13params_structP9ap_ufixedILi22ELi5EL9ap_q_mode0EL9ap_o_mode0EL_15888|       pointer|
|p_ZZ11network_topP13params_structP9ap_ufixedILi22ELi5EL9ap_q_mode0EL9ap_o_mode0EL_15900         |  out|   18|      ap_vld|  p_ZZ11network_topP13params_structP9ap_ufixedILi22ELi5EL9ap_q_mode0EL9ap_o_mode0EL_15900|       pointer|
|p_ZZ11network_topP13params_structP9ap_ufixedILi22ELi5EL9ap_q_mode0EL9ap_o_mode0EL_15900_ap_vld  |  out|    1|      ap_vld|  p_ZZ11network_topP13params_structP9ap_ufixedILi22ELi5EL9ap_q_mode0EL9ap_o_mode0EL_15900|       pointer|
|p_ZZ11network_topP13params_structP9ap_ufixedILi22ELi5EL9ap_q_mode0EL9ap_o_mode0EL_15901         |  out|   18|      ap_vld|  p_ZZ11network_topP13params_structP9ap_ufixedILi22ELi5EL9ap_q_mode0EL9ap_o_mode0EL_15901|       pointer|
|p_ZZ11network_topP13params_structP9ap_ufixedILi22ELi5EL9ap_q_mode0EL9ap_o_mode0EL_15901_ap_vld  |  out|    1|      ap_vld|  p_ZZ11network_topP13params_structP9ap_ufixedILi22ELi5EL9ap_q_mode0EL9ap_o_mode0EL_15901|       pointer|
|p_ZZ11network_topP13params_structP9ap_ufixedILi22ELi5EL9ap_q_mode0EL9ap_o_mode0EL_15817         |  out|   18|      ap_vld|  p_ZZ11network_topP13params_structP9ap_ufixedILi22ELi5EL9ap_q_mode0EL9ap_o_mode0EL_15817|       pointer|
|p_ZZ11network_topP13params_structP9ap_ufixedILi22ELi5EL9ap_q_mode0EL9ap_o_mode0EL_15817_ap_vld  |  out|    1|      ap_vld|  p_ZZ11network_topP13params_structP9ap_ufixedILi22ELi5EL9ap_q_mode0EL9ap_o_mode0EL_15817|       pointer|
|p_ZZ11network_topP13params_structP9ap_ufixedILi22ELi5EL9ap_q_mode0EL9ap_o_mode0EL_15818         |  out|   18|      ap_vld|  p_ZZ11network_topP13params_structP9ap_ufixedILi22ELi5EL9ap_q_mode0EL9ap_o_mode0EL_15818|       pointer|
|p_ZZ11network_topP13params_structP9ap_ufixedILi22ELi5EL9ap_q_mode0EL9ap_o_mode0EL_15818_ap_vld  |  out|    1|      ap_vld|  p_ZZ11network_topP13params_structP9ap_ufixedILi22ELi5EL9ap_q_mode0EL9ap_o_mode0EL_15818|       pointer|
|p_ZZ11network_topP13params_structP9ap_ufixedILi22ELi5EL9ap_q_mode0EL9ap_o_mode0EL_15819         |  out|   18|      ap_vld|  p_ZZ11network_topP13params_structP9ap_ufixedILi22ELi5EL9ap_q_mode0EL9ap_o_mode0EL_15819|       pointer|
|p_ZZ11network_topP13params_structP9ap_ufixedILi22ELi5EL9ap_q_mode0EL9ap_o_mode0EL_15819_ap_vld  |  out|    1|      ap_vld|  p_ZZ11network_topP13params_structP9ap_ufixedILi22ELi5EL9ap_q_mode0EL9ap_o_mode0EL_15819|       pointer|
|p_ZZ11network_topP13params_structP9ap_ufixedILi22ELi5EL9ap_q_mode0EL9ap_o_mode0EL_15820         |  out|   18|      ap_vld|  p_ZZ11network_topP13params_structP9ap_ufixedILi22ELi5EL9ap_q_mode0EL9ap_o_mode0EL_15820|       pointer|
|p_ZZ11network_topP13params_structP9ap_ufixedILi22ELi5EL9ap_q_mode0EL9ap_o_mode0EL_15820_ap_vld  |  out|    1|      ap_vld|  p_ZZ11network_topP13params_structP9ap_ufixedILi22ELi5EL9ap_q_mode0EL9ap_o_mode0EL_15820|       pointer|
|p_ZZ11network_topP13params_structP9ap_ufixedILi22ELi5EL9ap_q_mode0EL9ap_o_mode0EL_15821         |  out|   18|      ap_vld|  p_ZZ11network_topP13params_structP9ap_ufixedILi22ELi5EL9ap_q_mode0EL9ap_o_mode0EL_15821|       pointer|
|p_ZZ11network_topP13params_structP9ap_ufixedILi22ELi5EL9ap_q_mode0EL9ap_o_mode0EL_15821_ap_vld  |  out|    1|      ap_vld|  p_ZZ11network_topP13params_structP9ap_ufixedILi22ELi5EL9ap_q_mode0EL9ap_o_mode0EL_15821|       pointer|
|p_ZZ11network_topP13params_structP9ap_ufixedILi22ELi5EL9ap_q_mode0EL9ap_o_mode0EL_15822         |  out|   18|      ap_vld|  p_ZZ11network_topP13params_structP9ap_ufixedILi22ELi5EL9ap_q_mode0EL9ap_o_mode0EL_15822|       pointer|
|p_ZZ11network_topP13params_structP9ap_ufixedILi22ELi5EL9ap_q_mode0EL9ap_o_mode0EL_15822_ap_vld  |  out|    1|      ap_vld|  p_ZZ11network_topP13params_structP9ap_ufixedILi22ELi5EL9ap_q_mode0EL9ap_o_mode0EL_15822|       pointer|
|p_ZZ11network_topP13params_structP9ap_ufixedILi22ELi5EL9ap_q_mode0EL9ap_o_mode0EL_15823         |  out|   18|      ap_vld|  p_ZZ11network_topP13params_structP9ap_ufixedILi22ELi5EL9ap_q_mode0EL9ap_o_mode0EL_15823|       pointer|
|p_ZZ11network_topP13params_structP9ap_ufixedILi22ELi5EL9ap_q_mode0EL9ap_o_mode0EL_15823_ap_vld  |  out|    1|      ap_vld|  p_ZZ11network_topP13params_structP9ap_ufixedILi22ELi5EL9ap_q_mode0EL9ap_o_mode0EL_15823|       pointer|
|p_ZZ11network_topP13params_structP9ap_ufixedILi22ELi5EL9ap_q_mode0EL9ap_o_mode0EL_15824         |  out|   18|      ap_vld|  p_ZZ11network_topP13params_structP9ap_ufixedILi22ELi5EL9ap_q_mode0EL9ap_o_mode0EL_15824|       pointer|
|p_ZZ11network_topP13params_structP9ap_ufixedILi22ELi5EL9ap_q_mode0EL9ap_o_mode0EL_15824_ap_vld  |  out|    1|      ap_vld|  p_ZZ11network_topP13params_structP9ap_ufixedILi22ELi5EL9ap_q_mode0EL9ap_o_mode0EL_15824|       pointer|
|p_ZZ11network_topP13params_structP9ap_ufixedILi22ELi5EL9ap_q_mode0EL9ap_o_mode0EL_15826         |  out|   18|      ap_vld|  p_ZZ11network_topP13params_structP9ap_ufixedILi22ELi5EL9ap_q_mode0EL9ap_o_mode0EL_15826|       pointer|
|p_ZZ11network_topP13params_structP9ap_ufixedILi22ELi5EL9ap_q_mode0EL9ap_o_mode0EL_15826_ap_vld  |  out|    1|      ap_vld|  p_ZZ11network_topP13params_structP9ap_ufixedILi22ELi5EL9ap_q_mode0EL9ap_o_mode0EL_15826|       pointer|
|p_ZZ11network_topP13params_structP9ap_ufixedILi22ELi5EL9ap_q_mode0EL9ap_o_mode0EL_15827         |  out|   18|      ap_vld|  p_ZZ11network_topP13params_structP9ap_ufixedILi22ELi5EL9ap_q_mode0EL9ap_o_mode0EL_15827|       pointer|
|p_ZZ11network_topP13params_structP9ap_ufixedILi22ELi5EL9ap_q_mode0EL9ap_o_mode0EL_15827_ap_vld  |  out|    1|      ap_vld|  p_ZZ11network_topP13params_structP9ap_ufixedILi22ELi5EL9ap_q_mode0EL9ap_o_mode0EL_15827|       pointer|
|p_ZZ11network_topP13params_structP9ap_ufixedILi22ELi5EL9ap_q_mode0EL9ap_o_mode0EL_15829         |  out|   18|      ap_vld|  p_ZZ11network_topP13params_structP9ap_ufixedILi22ELi5EL9ap_q_mode0EL9ap_o_mode0EL_15829|       pointer|
|p_ZZ11network_topP13params_structP9ap_ufixedILi22ELi5EL9ap_q_mode0EL9ap_o_mode0EL_15829_ap_vld  |  out|    1|      ap_vld|  p_ZZ11network_topP13params_structP9ap_ufixedILi22ELi5EL9ap_q_mode0EL9ap_o_mode0EL_15829|       pointer|
|p_ZZ11network_topP13params_structP9ap_ufixedILi22ELi5EL9ap_q_mode0EL9ap_o_mode0EL_15830         |  out|   18|      ap_vld|  p_ZZ11network_topP13params_structP9ap_ufixedILi22ELi5EL9ap_q_mode0EL9ap_o_mode0EL_15830|       pointer|
|p_ZZ11network_topP13params_structP9ap_ufixedILi22ELi5EL9ap_q_mode0EL9ap_o_mode0EL_15830_ap_vld  |  out|    1|      ap_vld|  p_ZZ11network_topP13params_structP9ap_ufixedILi22ELi5EL9ap_q_mode0EL9ap_o_mode0EL_15830|       pointer|
|p_ZZ11network_topP13params_structP9ap_ufixedILi22ELi5EL9ap_q_mode0EL9ap_o_mode0EL_15831         |  out|   18|      ap_vld|  p_ZZ11network_topP13params_structP9ap_ufixedILi22ELi5EL9ap_q_mode0EL9ap_o_mode0EL_15831|       pointer|
|p_ZZ11network_topP13params_structP9ap_ufixedILi22ELi5EL9ap_q_mode0EL9ap_o_mode0EL_15831_ap_vld  |  out|    1|      ap_vld|  p_ZZ11network_topP13params_structP9ap_ufixedILi22ELi5EL9ap_q_mode0EL9ap_o_mode0EL_15831|       pointer|
|p_ZZ11network_topP13params_structP9ap_ufixedILi22ELi5EL9ap_q_mode0EL9ap_o_mode0EL_15832         |  out|   18|      ap_vld|  p_ZZ11network_topP13params_structP9ap_ufixedILi22ELi5EL9ap_q_mode0EL9ap_o_mode0EL_15832|       pointer|
|p_ZZ11network_topP13params_structP9ap_ufixedILi22ELi5EL9ap_q_mode0EL9ap_o_mode0EL_15832_ap_vld  |  out|    1|      ap_vld|  p_ZZ11network_topP13params_structP9ap_ufixedILi22ELi5EL9ap_q_mode0EL9ap_o_mode0EL_15832|       pointer|
|p_ZZ11network_topP13params_structP9ap_ufixedILi22ELi5EL9ap_q_mode0EL9ap_o_mode0EL_15833         |  out|   18|      ap_vld|  p_ZZ11network_topP13params_structP9ap_ufixedILi22ELi5EL9ap_q_mode0EL9ap_o_mode0EL_15833|       pointer|
|p_ZZ11network_topP13params_structP9ap_ufixedILi22ELi5EL9ap_q_mode0EL9ap_o_mode0EL_15833_ap_vld  |  out|    1|      ap_vld|  p_ZZ11network_topP13params_structP9ap_ufixedILi22ELi5EL9ap_q_mode0EL9ap_o_mode0EL_15833|       pointer|
|p_ZZ11network_topP13params_structP9ap_ufixedILi22ELi5EL9ap_q_mode0EL9ap_o_mode0EL_15834         |  out|   18|      ap_vld|  p_ZZ11network_topP13params_structP9ap_ufixedILi22ELi5EL9ap_q_mode0EL9ap_o_mode0EL_15834|       pointer|
|p_ZZ11network_topP13params_structP9ap_ufixedILi22ELi5EL9ap_q_mode0EL9ap_o_mode0EL_15834_ap_vld  |  out|    1|      ap_vld|  p_ZZ11network_topP13params_structP9ap_ufixedILi22ELi5EL9ap_q_mode0EL9ap_o_mode0EL_15834|       pointer|
|p_ZZ11network_topP13params_structP9ap_ufixedILi22ELi5EL9ap_q_mode0EL9ap_o_mode0EL_15835         |  out|   18|      ap_vld|  p_ZZ11network_topP13params_structP9ap_ufixedILi22ELi5EL9ap_q_mode0EL9ap_o_mode0EL_15835|       pointer|
|p_ZZ11network_topP13params_structP9ap_ufixedILi22ELi5EL9ap_q_mode0EL9ap_o_mode0EL_15835_ap_vld  |  out|    1|      ap_vld|  p_ZZ11network_topP13params_structP9ap_ufixedILi22ELi5EL9ap_q_mode0EL9ap_o_mode0EL_15835|       pointer|
|p_ZZ11network_topP13params_structP9ap_ufixedILi22ELi5EL9ap_q_mode0EL9ap_o_mode0EL_15837         |  out|   18|      ap_vld|  p_ZZ11network_topP13params_structP9ap_ufixedILi22ELi5EL9ap_q_mode0EL9ap_o_mode0EL_15837|       pointer|
|p_ZZ11network_topP13params_structP9ap_ufixedILi22ELi5EL9ap_q_mode0EL9ap_o_mode0EL_15837_ap_vld  |  out|    1|      ap_vld|  p_ZZ11network_topP13params_structP9ap_ufixedILi22ELi5EL9ap_q_mode0EL9ap_o_mode0EL_15837|       pointer|
|p_ZZ11network_topP13params_structP9ap_ufixedILi22ELi5EL9ap_q_mode0EL9ap_o_mode0EL_15838         |  out|   18|      ap_vld|  p_ZZ11network_topP13params_structP9ap_ufixedILi22ELi5EL9ap_q_mode0EL9ap_o_mode0EL_15838|       pointer|
|p_ZZ11network_topP13params_structP9ap_ufixedILi22ELi5EL9ap_q_mode0EL9ap_o_mode0EL_15838_ap_vld  |  out|    1|      ap_vld|  p_ZZ11network_topP13params_structP9ap_ufixedILi22ELi5EL9ap_q_mode0EL9ap_o_mode0EL_15838|       pointer|
|p_ZZ11network_topP13params_structP9ap_ufixedILi22ELi5EL9ap_q_mode0EL9ap_o_mode0EL_15839         |  out|   18|      ap_vld|  p_ZZ11network_topP13params_structP9ap_ufixedILi22ELi5EL9ap_q_mode0EL9ap_o_mode0EL_15839|       pointer|
|p_ZZ11network_topP13params_structP9ap_ufixedILi22ELi5EL9ap_q_mode0EL9ap_o_mode0EL_15839_ap_vld  |  out|    1|      ap_vld|  p_ZZ11network_topP13params_structP9ap_ufixedILi22ELi5EL9ap_q_mode0EL9ap_o_mode0EL_15839|       pointer|
|p_ZZ11network_topP13params_structP9ap_ufixedILi22ELi5EL9ap_q_mode0EL9ap_o_mode0EL_15841         |  out|   18|      ap_vld|  p_ZZ11network_topP13params_structP9ap_ufixedILi22ELi5EL9ap_q_mode0EL9ap_o_mode0EL_15841|       pointer|
|p_ZZ11network_topP13params_structP9ap_ufixedILi22ELi5EL9ap_q_mode0EL9ap_o_mode0EL_15841_ap_vld  |  out|    1|      ap_vld|  p_ZZ11network_topP13params_structP9ap_ufixedILi22ELi5EL9ap_q_mode0EL9ap_o_mode0EL_15841|       pointer|
|p_ZZ11network_topP13params_structP9ap_ufixedILi22ELi5EL9ap_q_mode0EL9ap_o_mode0EL_15842         |  out|   18|      ap_vld|  p_ZZ11network_topP13params_structP9ap_ufixedILi22ELi5EL9ap_q_mode0EL9ap_o_mode0EL_15842|       pointer|
|p_ZZ11network_topP13params_structP9ap_ufixedILi22ELi5EL9ap_q_mode0EL9ap_o_mode0EL_15842_ap_vld  |  out|    1|      ap_vld|  p_ZZ11network_topP13params_structP9ap_ufixedILi22ELi5EL9ap_q_mode0EL9ap_o_mode0EL_15842|       pointer|
|p_ZZ11network_topP13params_structP9ap_ufixedILi22ELi5EL9ap_q_mode0EL9ap_o_mode0EL_15843         |  out|   18|      ap_vld|  p_ZZ11network_topP13params_structP9ap_ufixedILi22ELi5EL9ap_q_mode0EL9ap_o_mode0EL_15843|       pointer|
|p_ZZ11network_topP13params_structP9ap_ufixedILi22ELi5EL9ap_q_mode0EL9ap_o_mode0EL_15843_ap_vld  |  out|    1|      ap_vld|  p_ZZ11network_topP13params_structP9ap_ufixedILi22ELi5EL9ap_q_mode0EL9ap_o_mode0EL_15843|       pointer|
|p_ZZ11network_topP13params_structP9ap_ufixedILi22ELi5EL9ap_q_mode0EL9ap_o_mode0EL_15844         |  out|   18|      ap_vld|  p_ZZ11network_topP13params_structP9ap_ufixedILi22ELi5EL9ap_q_mode0EL9ap_o_mode0EL_15844|       pointer|
|p_ZZ11network_topP13params_structP9ap_ufixedILi22ELi5EL9ap_q_mode0EL9ap_o_mode0EL_15844_ap_vld  |  out|    1|      ap_vld|  p_ZZ11network_topP13params_structP9ap_ufixedILi22ELi5EL9ap_q_mode0EL9ap_o_mode0EL_15844|       pointer|
|p_ZZ11network_topP13params_structP9ap_ufixedILi22ELi5EL9ap_q_mode0EL9ap_o_mode0EL_15845         |  out|   18|      ap_vld|  p_ZZ11network_topP13params_structP9ap_ufixedILi22ELi5EL9ap_q_mode0EL9ap_o_mode0EL_15845|       pointer|
|p_ZZ11network_topP13params_structP9ap_ufixedILi22ELi5EL9ap_q_mode0EL9ap_o_mode0EL_15845_ap_vld  |  out|    1|      ap_vld|  p_ZZ11network_topP13params_structP9ap_ufixedILi22ELi5EL9ap_q_mode0EL9ap_o_mode0EL_15845|       pointer|
|p_ZZ11network_topP13params_structP9ap_ufixedILi22ELi5EL9ap_q_mode0EL9ap_o_mode0EL_15846         |  out|   18|      ap_vld|  p_ZZ11network_topP13params_structP9ap_ufixedILi22ELi5EL9ap_q_mode0EL9ap_o_mode0EL_15846|       pointer|
|p_ZZ11network_topP13params_structP9ap_ufixedILi22ELi5EL9ap_q_mode0EL9ap_o_mode0EL_15846_ap_vld  |  out|    1|      ap_vld|  p_ZZ11network_topP13params_structP9ap_ufixedILi22ELi5EL9ap_q_mode0EL9ap_o_mode0EL_15846|       pointer|
|p_ZZ11network_topP13params_structP9ap_ufixedILi22ELi5EL9ap_q_mode0EL9ap_o_mode0EL_15848         |  out|   18|      ap_vld|  p_ZZ11network_topP13params_structP9ap_ufixedILi22ELi5EL9ap_q_mode0EL9ap_o_mode0EL_15848|       pointer|
|p_ZZ11network_topP13params_structP9ap_ufixedILi22ELi5EL9ap_q_mode0EL9ap_o_mode0EL_15848_ap_vld  |  out|    1|      ap_vld|  p_ZZ11network_topP13params_structP9ap_ufixedILi22ELi5EL9ap_q_mode0EL9ap_o_mode0EL_15848|       pointer|
|p_ZZ11network_topP13params_structP9ap_ufixedILi22ELi5EL9ap_q_mode0EL9ap_o_mode0EL_15849         |  out|   18|      ap_vld|  p_ZZ11network_topP13params_structP9ap_ufixedILi22ELi5EL9ap_q_mode0EL9ap_o_mode0EL_15849|       pointer|
|p_ZZ11network_topP13params_structP9ap_ufixedILi22ELi5EL9ap_q_mode0EL9ap_o_mode0EL_15849_ap_vld  |  out|    1|      ap_vld|  p_ZZ11network_topP13params_structP9ap_ufixedILi22ELi5EL9ap_q_mode0EL9ap_o_mode0EL_15849|       pointer|
|p_ZZ11network_topP13params_structP9ap_ufixedILi22ELi5EL9ap_q_mode0EL9ap_o_mode0EL_15850         |  out|   18|      ap_vld|  p_ZZ11network_topP13params_structP9ap_ufixedILi22ELi5EL9ap_q_mode0EL9ap_o_mode0EL_15850|       pointer|
|p_ZZ11network_topP13params_structP9ap_ufixedILi22ELi5EL9ap_q_mode0EL9ap_o_mode0EL_15850_ap_vld  |  out|    1|      ap_vld|  p_ZZ11network_topP13params_structP9ap_ufixedILi22ELi5EL9ap_q_mode0EL9ap_o_mode0EL_15850|       pointer|
|p_ZZ11network_topP13params_structP9ap_ufixedILi22ELi5EL9ap_q_mode0EL9ap_o_mode0EL_15851         |  out|   18|      ap_vld|  p_ZZ11network_topP13params_structP9ap_ufixedILi22ELi5EL9ap_q_mode0EL9ap_o_mode0EL_15851|       pointer|
|p_ZZ11network_topP13params_structP9ap_ufixedILi22ELi5EL9ap_q_mode0EL9ap_o_mode0EL_15851_ap_vld  |  out|    1|      ap_vld|  p_ZZ11network_topP13params_structP9ap_ufixedILi22ELi5EL9ap_q_mode0EL9ap_o_mode0EL_15851|       pointer|
|p_ZZ11network_topP13params_structP9ap_ufixedILi22ELi5EL9ap_q_mode0EL9ap_o_mode0EL_15853         |  out|   18|      ap_vld|  p_ZZ11network_topP13params_structP9ap_ufixedILi22ELi5EL9ap_q_mode0EL9ap_o_mode0EL_15853|       pointer|
|p_ZZ11network_topP13params_structP9ap_ufixedILi22ELi5EL9ap_q_mode0EL9ap_o_mode0EL_15853_ap_vld  |  out|    1|      ap_vld|  p_ZZ11network_topP13params_structP9ap_ufixedILi22ELi5EL9ap_q_mode0EL9ap_o_mode0EL_15853|       pointer|
|p_ZZ11network_topP13params_structP9ap_ufixedILi22ELi5EL9ap_q_mode0EL9ap_o_mode0EL_15854         |  out|   18|      ap_vld|  p_ZZ11network_topP13params_structP9ap_ufixedILi22ELi5EL9ap_q_mode0EL9ap_o_mode0EL_15854|       pointer|
|p_ZZ11network_topP13params_structP9ap_ufixedILi22ELi5EL9ap_q_mode0EL9ap_o_mode0EL_15854_ap_vld  |  out|    1|      ap_vld|  p_ZZ11network_topP13params_structP9ap_ufixedILi22ELi5EL9ap_q_mode0EL9ap_o_mode0EL_15854|       pointer|
|p_ZZ11network_topP13params_structP9ap_ufixedILi22ELi5EL9ap_q_mode0EL9ap_o_mode0EL_15855         |  out|   18|      ap_vld|  p_ZZ11network_topP13params_structP9ap_ufixedILi22ELi5EL9ap_q_mode0EL9ap_o_mode0EL_15855|       pointer|
|p_ZZ11network_topP13params_structP9ap_ufixedILi22ELi5EL9ap_q_mode0EL9ap_o_mode0EL_15855_ap_vld  |  out|    1|      ap_vld|  p_ZZ11network_topP13params_structP9ap_ufixedILi22ELi5EL9ap_q_mode0EL9ap_o_mode0EL_15855|       pointer|
|p_ZZ11network_topP13params_structP9ap_ufixedILi22ELi5EL9ap_q_mode0EL9ap_o_mode0EL_15856         |  out|   18|      ap_vld|  p_ZZ11network_topP13params_structP9ap_ufixedILi22ELi5EL9ap_q_mode0EL9ap_o_mode0EL_15856|       pointer|
|p_ZZ11network_topP13params_structP9ap_ufixedILi22ELi5EL9ap_q_mode0EL9ap_o_mode0EL_15856_ap_vld  |  out|    1|      ap_vld|  p_ZZ11network_topP13params_structP9ap_ufixedILi22ELi5EL9ap_q_mode0EL9ap_o_mode0EL_15856|       pointer|
|p_ZZ11network_topP13params_structP9ap_ufixedILi22ELi5EL9ap_q_mode0EL9ap_o_mode0EL_15857         |  out|   18|      ap_vld|  p_ZZ11network_topP13params_structP9ap_ufixedILi22ELi5EL9ap_q_mode0EL9ap_o_mode0EL_15857|       pointer|
|p_ZZ11network_topP13params_structP9ap_ufixedILi22ELi5EL9ap_q_mode0EL9ap_o_mode0EL_15857_ap_vld  |  out|    1|      ap_vld|  p_ZZ11network_topP13params_structP9ap_ufixedILi22ELi5EL9ap_q_mode0EL9ap_o_mode0EL_15857|       pointer|
|p_ZZ11network_topP13params_structP9ap_ufixedILi22ELi5EL9ap_q_mode0EL9ap_o_mode0EL_15859         |  out|   18|      ap_vld|  p_ZZ11network_topP13params_structP9ap_ufixedILi22ELi5EL9ap_q_mode0EL9ap_o_mode0EL_15859|       pointer|
|p_ZZ11network_topP13params_structP9ap_ufixedILi22ELi5EL9ap_q_mode0EL9ap_o_mode0EL_15859_ap_vld  |  out|    1|      ap_vld|  p_ZZ11network_topP13params_structP9ap_ufixedILi22ELi5EL9ap_q_mode0EL9ap_o_mode0EL_15859|       pointer|
|p_ZZ11network_topP13params_structP9ap_ufixedILi22ELi5EL9ap_q_mode0EL9ap_o_mode0EL_15860         |  out|   18|      ap_vld|  p_ZZ11network_topP13params_structP9ap_ufixedILi22ELi5EL9ap_q_mode0EL9ap_o_mode0EL_15860|       pointer|
|p_ZZ11network_topP13params_structP9ap_ufixedILi22ELi5EL9ap_q_mode0EL9ap_o_mode0EL_15860_ap_vld  |  out|    1|      ap_vld|  p_ZZ11network_topP13params_structP9ap_ufixedILi22ELi5EL9ap_q_mode0EL9ap_o_mode0EL_15860|       pointer|
|p_ZZ11network_topP13params_structP9ap_ufixedILi22ELi5EL9ap_q_mode0EL9ap_o_mode0EL_15861         |  out|   18|      ap_vld|  p_ZZ11network_topP13params_structP9ap_ufixedILi22ELi5EL9ap_q_mode0EL9ap_o_mode0EL_15861|       pointer|
|p_ZZ11network_topP13params_structP9ap_ufixedILi22ELi5EL9ap_q_mode0EL9ap_o_mode0EL_15861_ap_vld  |  out|    1|      ap_vld|  p_ZZ11network_topP13params_structP9ap_ufixedILi22ELi5EL9ap_q_mode0EL9ap_o_mode0EL_15861|       pointer|
|p_ZZ11network_topP13params_structP9ap_ufixedILi22ELi5EL9ap_q_mode0EL9ap_o_mode0EL_15862         |  out|   18|      ap_vld|  p_ZZ11network_topP13params_structP9ap_ufixedILi22ELi5EL9ap_q_mode0EL9ap_o_mode0EL_15862|       pointer|
|p_ZZ11network_topP13params_structP9ap_ufixedILi22ELi5EL9ap_q_mode0EL9ap_o_mode0EL_15862_ap_vld  |  out|    1|      ap_vld|  p_ZZ11network_topP13params_structP9ap_ufixedILi22ELi5EL9ap_q_mode0EL9ap_o_mode0EL_15862|       pointer|
|p_ZZ11network_topP13params_structP9ap_ufixedILi22ELi5EL9ap_q_mode0EL9ap_o_mode0EL_15863         |  out|   18|      ap_vld|  p_ZZ11network_topP13params_structP9ap_ufixedILi22ELi5EL9ap_q_mode0EL9ap_o_mode0EL_15863|       pointer|
|p_ZZ11network_topP13params_structP9ap_ufixedILi22ELi5EL9ap_q_mode0EL9ap_o_mode0EL_15863_ap_vld  |  out|    1|      ap_vld|  p_ZZ11network_topP13params_structP9ap_ufixedILi22ELi5EL9ap_q_mode0EL9ap_o_mode0EL_15863|       pointer|
|p_ZZ11network_topP13params_structP9ap_ufixedILi22ELi5EL9ap_q_mode0EL9ap_o_mode0EL_15865         |  out|   18|      ap_vld|  p_ZZ11network_topP13params_structP9ap_ufixedILi22ELi5EL9ap_q_mode0EL9ap_o_mode0EL_15865|       pointer|
|p_ZZ11network_topP13params_structP9ap_ufixedILi22ELi5EL9ap_q_mode0EL9ap_o_mode0EL_15865_ap_vld  |  out|    1|      ap_vld|  p_ZZ11network_topP13params_structP9ap_ufixedILi22ELi5EL9ap_q_mode0EL9ap_o_mode0EL_15865|       pointer|
|p_ZZ11network_topP13params_structP9ap_ufixedILi22ELi5EL9ap_q_mode0EL9ap_o_mode0EL_15866         |  out|   18|      ap_vld|  p_ZZ11network_topP13params_structP9ap_ufixedILi22ELi5EL9ap_q_mode0EL9ap_o_mode0EL_15866|       pointer|
|p_ZZ11network_topP13params_structP9ap_ufixedILi22ELi5EL9ap_q_mode0EL9ap_o_mode0EL_15866_ap_vld  |  out|    1|      ap_vld|  p_ZZ11network_topP13params_structP9ap_ufixedILi22ELi5EL9ap_q_mode0EL9ap_o_mode0EL_15866|       pointer|
|p_ZZ11network_topP13params_structP9ap_ufixedILi22ELi5EL9ap_q_mode0EL9ap_o_mode0EL_15867         |  out|   18|      ap_vld|  p_ZZ11network_topP13params_structP9ap_ufixedILi22ELi5EL9ap_q_mode0EL9ap_o_mode0EL_15867|       pointer|
|p_ZZ11network_topP13params_structP9ap_ufixedILi22ELi5EL9ap_q_mode0EL9ap_o_mode0EL_15867_ap_vld  |  out|    1|      ap_vld|  p_ZZ11network_topP13params_structP9ap_ufixedILi22ELi5EL9ap_q_mode0EL9ap_o_mode0EL_15867|       pointer|
|p_ZZ11network_topP13params_structP9ap_ufixedILi22ELi5EL9ap_q_mode0EL9ap_o_mode0EL_15868         |  out|   18|      ap_vld|  p_ZZ11network_topP13params_structP9ap_ufixedILi22ELi5EL9ap_q_mode0EL9ap_o_mode0EL_15868|       pointer|
|p_ZZ11network_topP13params_structP9ap_ufixedILi22ELi5EL9ap_q_mode0EL9ap_o_mode0EL_15868_ap_vld  |  out|    1|      ap_vld|  p_ZZ11network_topP13params_structP9ap_ufixedILi22ELi5EL9ap_q_mode0EL9ap_o_mode0EL_15868|       pointer|
|p_ZZ11network_topP13params_structP9ap_ufixedILi22ELi5EL9ap_q_mode0EL9ap_o_mode0EL_15870         |  out|   18|      ap_vld|  p_ZZ11network_topP13params_structP9ap_ufixedILi22ELi5EL9ap_q_mode0EL9ap_o_mode0EL_15870|       pointer|
|p_ZZ11network_topP13params_structP9ap_ufixedILi22ELi5EL9ap_q_mode0EL9ap_o_mode0EL_15870_ap_vld  |  out|    1|      ap_vld|  p_ZZ11network_topP13params_structP9ap_ufixedILi22ELi5EL9ap_q_mode0EL9ap_o_mode0EL_15870|       pointer|
|p_ZZ11network_topP13params_structP9ap_ufixedILi22ELi5EL9ap_q_mode0EL9ap_o_mode0EL_15871         |  out|   18|      ap_vld|  p_ZZ11network_topP13params_structP9ap_ufixedILi22ELi5EL9ap_q_mode0EL9ap_o_mode0EL_15871|       pointer|
|p_ZZ11network_topP13params_structP9ap_ufixedILi22ELi5EL9ap_q_mode0EL9ap_o_mode0EL_15871_ap_vld  |  out|    1|      ap_vld|  p_ZZ11network_topP13params_structP9ap_ufixedILi22ELi5EL9ap_q_mode0EL9ap_o_mode0EL_15871|       pointer|
|p_ZZ11network_topP13params_structP9ap_ufixedILi22ELi5EL9ap_q_mode0EL9ap_o_mode0EL_15872         |  out|   18|      ap_vld|  p_ZZ11network_topP13params_structP9ap_ufixedILi22ELi5EL9ap_q_mode0EL9ap_o_mode0EL_15872|       pointer|
|p_ZZ11network_topP13params_structP9ap_ufixedILi22ELi5EL9ap_q_mode0EL9ap_o_mode0EL_15872_ap_vld  |  out|    1|      ap_vld|  p_ZZ11network_topP13params_structP9ap_ufixedILi22ELi5EL9ap_q_mode0EL9ap_o_mode0EL_15872|       pointer|
|p_ZZ11network_topP13params_structP9ap_ufixedILi22ELi5EL9ap_q_mode0EL9ap_o_mode0EL_15873         |  out|   18|      ap_vld|  p_ZZ11network_topP13params_structP9ap_ufixedILi22ELi5EL9ap_q_mode0EL9ap_o_mode0EL_15873|       pointer|
|p_ZZ11network_topP13params_structP9ap_ufixedILi22ELi5EL9ap_q_mode0EL9ap_o_mode0EL_15873_ap_vld  |  out|    1|      ap_vld|  p_ZZ11network_topP13params_structP9ap_ufixedILi22ELi5EL9ap_q_mode0EL9ap_o_mode0EL_15873|       pointer|
|p_ZZ11network_topP13params_structP9ap_ufixedILi22ELi5EL9ap_q_mode0EL9ap_o_mode0EL_15874         |  out|   18|      ap_vld|  p_ZZ11network_topP13params_structP9ap_ufixedILi22ELi5EL9ap_q_mode0EL9ap_o_mode0EL_15874|       pointer|
|p_ZZ11network_topP13params_structP9ap_ufixedILi22ELi5EL9ap_q_mode0EL9ap_o_mode0EL_15874_ap_vld  |  out|    1|      ap_vld|  p_ZZ11network_topP13params_structP9ap_ufixedILi22ELi5EL9ap_q_mode0EL9ap_o_mode0EL_15874|       pointer|
|p_ZZ11network_topP13params_structP9ap_ufixedILi22ELi5EL9ap_q_mode0EL9ap_o_mode0EL_15875         |  out|   18|      ap_vld|  p_ZZ11network_topP13params_structP9ap_ufixedILi22ELi5EL9ap_q_mode0EL9ap_o_mode0EL_15875|       pointer|
|p_ZZ11network_topP13params_structP9ap_ufixedILi22ELi5EL9ap_q_mode0EL9ap_o_mode0EL_15875_ap_vld  |  out|    1|      ap_vld|  p_ZZ11network_topP13params_structP9ap_ufixedILi22ELi5EL9ap_q_mode0EL9ap_o_mode0EL_15875|       pointer|
|p_ZZ11network_topP13params_structP9ap_ufixedILi22ELi5EL9ap_q_mode0EL9ap_o_mode0EL_15877         |  out|   18|      ap_vld|  p_ZZ11network_topP13params_structP9ap_ufixedILi22ELi5EL9ap_q_mode0EL9ap_o_mode0EL_15877|       pointer|
|p_ZZ11network_topP13params_structP9ap_ufixedILi22ELi5EL9ap_q_mode0EL9ap_o_mode0EL_15877_ap_vld  |  out|    1|      ap_vld|  p_ZZ11network_topP13params_structP9ap_ufixedILi22ELi5EL9ap_q_mode0EL9ap_o_mode0EL_15877|       pointer|
|p_ZZ11network_topP13params_structP9ap_ufixedILi22ELi5EL9ap_q_mode0EL9ap_o_mode0EL_15878         |  out|   18|      ap_vld|  p_ZZ11network_topP13params_structP9ap_ufixedILi22ELi5EL9ap_q_mode0EL9ap_o_mode0EL_15878|       pointer|
|p_ZZ11network_topP13params_structP9ap_ufixedILi22ELi5EL9ap_q_mode0EL9ap_o_mode0EL_15878_ap_vld  |  out|    1|      ap_vld|  p_ZZ11network_topP13params_structP9ap_ufixedILi22ELi5EL9ap_q_mode0EL9ap_o_mode0EL_15878|       pointer|
|p_ZZ11network_topP13params_structP9ap_ufixedILi22ELi5EL9ap_q_mode0EL9ap_o_mode0EL_15879         |  out|   18|      ap_vld|  p_ZZ11network_topP13params_structP9ap_ufixedILi22ELi5EL9ap_q_mode0EL9ap_o_mode0EL_15879|       pointer|
|p_ZZ11network_topP13params_structP9ap_ufixedILi22ELi5EL9ap_q_mode0EL9ap_o_mode0EL_15879_ap_vld  |  out|    1|      ap_vld|  p_ZZ11network_topP13params_structP9ap_ufixedILi22ELi5EL9ap_q_mode0EL9ap_o_mode0EL_15879|       pointer|
|p_ZZ11network_topP13params_structP9ap_ufixedILi22ELi5EL9ap_q_mode0EL9ap_o_mode0EL_15881         |  out|   18|      ap_vld|  p_ZZ11network_topP13params_structP9ap_ufixedILi22ELi5EL9ap_q_mode0EL9ap_o_mode0EL_15881|       pointer|
|p_ZZ11network_topP13params_structP9ap_ufixedILi22ELi5EL9ap_q_mode0EL9ap_o_mode0EL_15881_ap_vld  |  out|    1|      ap_vld|  p_ZZ11network_topP13params_structP9ap_ufixedILi22ELi5EL9ap_q_mode0EL9ap_o_mode0EL_15881|       pointer|
|p_ZZ11network_topP13params_structP9ap_ufixedILi22ELi5EL9ap_q_mode0EL9ap_o_mode0EL_15882         |  out|   18|      ap_vld|  p_ZZ11network_topP13params_structP9ap_ufixedILi22ELi5EL9ap_q_mode0EL9ap_o_mode0EL_15882|       pointer|
|p_ZZ11network_topP13params_structP9ap_ufixedILi22ELi5EL9ap_q_mode0EL9ap_o_mode0EL_15882_ap_vld  |  out|    1|      ap_vld|  p_ZZ11network_topP13params_structP9ap_ufixedILi22ELi5EL9ap_q_mode0EL9ap_o_mode0EL_15882|       pointer|
|p_ZZ11network_topP13params_structP9ap_ufixedILi22ELi5EL9ap_q_mode0EL9ap_o_mode0EL_15883         |  out|   18|      ap_vld|  p_ZZ11network_topP13params_structP9ap_ufixedILi22ELi5EL9ap_q_mode0EL9ap_o_mode0EL_15883|       pointer|
|p_ZZ11network_topP13params_structP9ap_ufixedILi22ELi5EL9ap_q_mode0EL9ap_o_mode0EL_15883_ap_vld  |  out|    1|      ap_vld|  p_ZZ11network_topP13params_structP9ap_ufixedILi22ELi5EL9ap_q_mode0EL9ap_o_mode0EL_15883|       pointer|
|p_ZZ11network_topP13params_structP9ap_ufixedILi22ELi5EL9ap_q_mode0EL9ap_o_mode0EL_15884         |  out|   18|      ap_vld|  p_ZZ11network_topP13params_structP9ap_ufixedILi22ELi5EL9ap_q_mode0EL9ap_o_mode0EL_15884|       pointer|
|p_ZZ11network_topP13params_structP9ap_ufixedILi22ELi5EL9ap_q_mode0EL9ap_o_mode0EL_15884_ap_vld  |  out|    1|      ap_vld|  p_ZZ11network_topP13params_structP9ap_ufixedILi22ELi5EL9ap_q_mode0EL9ap_o_mode0EL_15884|       pointer|
|p_ZZ11network_topP13params_structP9ap_ufixedILi22ELi5EL9ap_q_mode0EL9ap_o_mode0EL_15885         |  out|   18|      ap_vld|  p_ZZ11network_topP13params_structP9ap_ufixedILi22ELi5EL9ap_q_mode0EL9ap_o_mode0EL_15885|       pointer|
|p_ZZ11network_topP13params_structP9ap_ufixedILi22ELi5EL9ap_q_mode0EL9ap_o_mode0EL_15885_ap_vld  |  out|    1|      ap_vld|  p_ZZ11network_topP13params_structP9ap_ufixedILi22ELi5EL9ap_q_mode0EL9ap_o_mode0EL_15885|       pointer|
|p_ZZ11network_topP13params_structP9ap_ufixedILi22ELi5EL9ap_q_mode0EL9ap_o_mode0EL_15886         |  out|   18|      ap_vld|  p_ZZ11network_topP13params_structP9ap_ufixedILi22ELi5EL9ap_q_mode0EL9ap_o_mode0EL_15886|       pointer|
|p_ZZ11network_topP13params_structP9ap_ufixedILi22ELi5EL9ap_q_mode0EL9ap_o_mode0EL_15886_ap_vld  |  out|    1|      ap_vld|  p_ZZ11network_topP13params_structP9ap_ufixedILi22ELi5EL9ap_q_mode0EL9ap_o_mode0EL_15886|       pointer|
|p_ZZ11network_topP13params_structP9ap_ufixedILi22ELi5EL9ap_q_mode0EL9ap_o_mode0EL_15887         |  out|   18|      ap_vld|  p_ZZ11network_topP13params_structP9ap_ufixedILi22ELi5EL9ap_q_mode0EL9ap_o_mode0EL_15887|       pointer|
|p_ZZ11network_topP13params_structP9ap_ufixedILi22ELi5EL9ap_q_mode0EL9ap_o_mode0EL_15887_ap_vld  |  out|    1|      ap_vld|  p_ZZ11network_topP13params_structP9ap_ufixedILi22ELi5EL9ap_q_mode0EL9ap_o_mode0EL_15887|       pointer|
|p_ZZ11network_topP13params_structP9ap_ufixedILi22ELi5EL9ap_q_mode0EL9ap_o_mode0EL_15889         |  out|   18|      ap_vld|  p_ZZ11network_topP13params_structP9ap_ufixedILi22ELi5EL9ap_q_mode0EL9ap_o_mode0EL_15889|       pointer|
|p_ZZ11network_topP13params_structP9ap_ufixedILi22ELi5EL9ap_q_mode0EL9ap_o_mode0EL_15889_ap_vld  |  out|    1|      ap_vld|  p_ZZ11network_topP13params_structP9ap_ufixedILi22ELi5EL9ap_q_mode0EL9ap_o_mode0EL_15889|       pointer|
|p_ZZ11network_topP13params_structP9ap_ufixedILi22ELi5EL9ap_q_mode0EL9ap_o_mode0EL_15890         |  out|   18|      ap_vld|  p_ZZ11network_topP13params_structP9ap_ufixedILi22ELi5EL9ap_q_mode0EL9ap_o_mode0EL_15890|       pointer|
|p_ZZ11network_topP13params_structP9ap_ufixedILi22ELi5EL9ap_q_mode0EL9ap_o_mode0EL_15890_ap_vld  |  out|    1|      ap_vld|  p_ZZ11network_topP13params_structP9ap_ufixedILi22ELi5EL9ap_q_mode0EL9ap_o_mode0EL_15890|       pointer|
|p_ZZ11network_topP13params_structP9ap_ufixedILi22ELi5EL9ap_q_mode0EL9ap_o_mode0EL_15892         |  out|   18|      ap_vld|  p_ZZ11network_topP13params_structP9ap_ufixedILi22ELi5EL9ap_q_mode0EL9ap_o_mode0EL_15892|       pointer|
|p_ZZ11network_topP13params_structP9ap_ufixedILi22ELi5EL9ap_q_mode0EL9ap_o_mode0EL_15892_ap_vld  |  out|    1|      ap_vld|  p_ZZ11network_topP13params_structP9ap_ufixedILi22ELi5EL9ap_q_mode0EL9ap_o_mode0EL_15892|       pointer|
|p_ZZ11network_topP13params_structP9ap_ufixedILi22ELi5EL9ap_q_mode0EL9ap_o_mode0EL_15893         |  out|   18|      ap_vld|  p_ZZ11network_topP13params_structP9ap_ufixedILi22ELi5EL9ap_q_mode0EL9ap_o_mode0EL_15893|       pointer|
|p_ZZ11network_topP13params_structP9ap_ufixedILi22ELi5EL9ap_q_mode0EL9ap_o_mode0EL_15893_ap_vld  |  out|    1|      ap_vld|  p_ZZ11network_topP13params_structP9ap_ufixedILi22ELi5EL9ap_q_mode0EL9ap_o_mode0EL_15893|       pointer|
|p_ZZ11network_topP13params_structP9ap_ufixedILi22ELi5EL9ap_q_mode0EL9ap_o_mode0EL_15894         |  out|   18|      ap_vld|  p_ZZ11network_topP13params_structP9ap_ufixedILi22ELi5EL9ap_q_mode0EL9ap_o_mode0EL_15894|       pointer|
|p_ZZ11network_topP13params_structP9ap_ufixedILi22ELi5EL9ap_q_mode0EL9ap_o_mode0EL_15894_ap_vld  |  out|    1|      ap_vld|  p_ZZ11network_topP13params_structP9ap_ufixedILi22ELi5EL9ap_q_mode0EL9ap_o_mode0EL_15894|       pointer|
|p_ZZ11network_topP13params_structP9ap_ufixedILi22ELi5EL9ap_q_mode0EL9ap_o_mode0EL_15895         |  out|   18|      ap_vld|  p_ZZ11network_topP13params_structP9ap_ufixedILi22ELi5EL9ap_q_mode0EL9ap_o_mode0EL_15895|       pointer|
|p_ZZ11network_topP13params_structP9ap_ufixedILi22ELi5EL9ap_q_mode0EL9ap_o_mode0EL_15895_ap_vld  |  out|    1|      ap_vld|  p_ZZ11network_topP13params_structP9ap_ufixedILi22ELi5EL9ap_q_mode0EL9ap_o_mode0EL_15895|       pointer|
|p_ZZ11network_topP13params_structP9ap_ufixedILi22ELi5EL9ap_q_mode0EL9ap_o_mode0EL_15896         |  out|   18|      ap_vld|  p_ZZ11network_topP13params_structP9ap_ufixedILi22ELi5EL9ap_q_mode0EL9ap_o_mode0EL_15896|       pointer|
|p_ZZ11network_topP13params_structP9ap_ufixedILi22ELi5EL9ap_q_mode0EL9ap_o_mode0EL_15896_ap_vld  |  out|    1|      ap_vld|  p_ZZ11network_topP13params_structP9ap_ufixedILi22ELi5EL9ap_q_mode0EL9ap_o_mode0EL_15896|       pointer|
|p_ZZ11network_topP13params_structP9ap_ufixedILi22ELi5EL9ap_q_mode0EL9ap_o_mode0EL_15897         |  out|   18|      ap_vld|  p_ZZ11network_topP13params_structP9ap_ufixedILi22ELi5EL9ap_q_mode0EL9ap_o_mode0EL_15897|       pointer|
|p_ZZ11network_topP13params_structP9ap_ufixedILi22ELi5EL9ap_q_mode0EL9ap_o_mode0EL_15897_ap_vld  |  out|    1|      ap_vld|  p_ZZ11network_topP13params_structP9ap_ufixedILi22ELi5EL9ap_q_mode0EL9ap_o_mode0EL_15897|       pointer|
|p_ZZ11network_topP13params_structP9ap_ufixedILi22ELi5EL9ap_q_mode0EL9ap_o_mode0EL_15898         |  out|   18|      ap_vld|  p_ZZ11network_topP13params_structP9ap_ufixedILi22ELi5EL9ap_q_mode0EL9ap_o_mode0EL_15898|       pointer|
|p_ZZ11network_topP13params_structP9ap_ufixedILi22ELi5EL9ap_q_mode0EL9ap_o_mode0EL_15898_ap_vld  |  out|    1|      ap_vld|  p_ZZ11network_topP13params_structP9ap_ufixedILi22ELi5EL9ap_q_mode0EL9ap_o_mode0EL_15898|       pointer|
|p_ZZ11network_topP13params_structP9ap_ufixedILi22ELi5EL9ap_q_mode0EL9ap_o_mode0EL_15899         |  out|   18|      ap_vld|  p_ZZ11network_topP13params_structP9ap_ufixedILi22ELi5EL9ap_q_mode0EL9ap_o_mode0EL_15899|       pointer|
|p_ZZ11network_topP13params_structP9ap_ufixedILi22ELi5EL9ap_q_mode0EL9ap_o_mode0EL_15899_ap_vld  |  out|    1|      ap_vld|  p_ZZ11network_topP13params_structP9ap_ufixedILi22ELi5EL9ap_q_mode0EL9ap_o_mode0EL_15899|       pointer|
+------------------------------------------------------------------------------------------------+-----+-----+------------+-----------------------------------------------------------------------------------------+--------------+

