

================================================================
== Vitis HLS Report for 'network_top_Pipeline_load_weight2_matrix_inner_loop52'
================================================================
* Date:           Fri Oct  6 13:57:15 2023

* Version:        2023.1 (Build 3854077 on May  4 2023)
* Project:        matrix_test2
* Solution:       solution1 (Vivado IP Flow Target)
* Product family: zynquplus
* Target device:  xczu7ev-ffvc1156-2-e


================================================================
== Performance Estimates
================================================================
+ Timing: 
    * Summary: 
    +--------+---------+----------+------------+
    |  Clock |  Target | Estimated| Uncertainty|
    +--------+---------+----------+------------+
    |ap_clk  |  0.35 us|  1.200 ns|    94.50 ns|
    +--------+---------+----------+------------+

+ Latency: 
    * Summary: 
    +---------+---------+-----------+-----------+-----+-----+---------+
    |  Latency (cycles) |   Latency (absolute)  |  Interval | Pipeline|
    |   min   |   max   |    min    |    max    | min | max |   Type  |
    +---------+---------+-----------+-----------+-----+-----+---------+
    |       82|       82|  28.700 us|  28.700 us|   82|   82|       no|
    +---------+---------+-----------+-----------+-----+-----+---------+

    + Detail: 
        * Instance: 
        N/A

        * Loop: 
        +----------------------------------+---------+---------+----------+-----------+-----------+------+----------+
        |                                  |  Latency (cycles) | Iteration|  Initiation Interval  | Trip |          |
        |             Loop Name            |   min   |   max   |  Latency |  achieved |   target  | Count| Pipelined|
        +----------------------------------+---------+---------+----------+-----------+-----------+------+----------+
        |- load_weight2_matrix_inner_loop  |       80|       80|         1|          1|          1|    80|       yes|
        +----------------------------------+---------+---------+----------+-----------+-----------+------+----------+



================================================================
== Utilization Estimates
================================================================
* Summary: 
+-----------------+---------+------+--------+--------+-----+
|       Name      | BRAM_18K|  DSP |   FF   |   LUT  | URAM|
+-----------------+---------+------+--------+--------+-----+
|DSP              |        -|     -|       -|       -|    -|
|Expression       |        -|     -|       0|      28|    -|
|FIFO             |        -|     -|       -|       -|    -|
|Instance         |        -|     -|       -|       -|    -|
|Memory           |        -|     -|       -|       -|    -|
|Multiplexer      |        -|     -|       -|      27|    -|
|Register         |        -|     -|       9|       -|    -|
+-----------------+---------+------+--------+--------+-----+
|Total            |        0|     0|       9|      55|    0|
+-----------------+---------+------+--------+--------+-----+
|Available        |      624|  1728|  460800|  230400|   96|
+-----------------+---------+------+--------+--------+-----+
|Utilization (%)  |        0|     0|      ~0|      ~0|    0|
+-----------------+---------+------+--------+--------+-----+

+ Detail: 
    * Instance: 
    N/A

    * DSP: 
    N/A

    * Memory: 
    N/A

    * FIFO: 
    N/A

    * Expression: 
    +----------------------+----------+----+---+----+------------+------------+
    |     Variable Name    | Operation| DSP| FF| LUT| Bitwidth P0| Bitwidth P1|
    +----------------------+----------+----+---+----+------------+------------+
    |add_ln199_fu_358_p2   |         +|   0|  0|  14|           7|           1|
    |icmp_ln199_fu_352_p2  |      icmp|   0|  0|  14|           7|           7|
    +----------------------+----------+----+---+----+------------+------------+
    |Total                 |          |   0|  0|  28|          14|           8|
    +----------------------+----------+----+---+----+------------+------------+

    * Multiplexer: 
    +--------------------+----+-----------+-----+-----------+
    |        Name        | LUT| Input Size| Bits| Total Bits|
    +--------------------+----+-----------+-----+-----------+
    |ap_done_int         |   9|          2|    1|          2|
    |ap_sig_allocacmp_c  |   9|          2|    7|         14|
    |c_53_fu_340         |   9|          2|    7|         14|
    +--------------------+----+-----------+-----+-----------+
    |Total               |  27|          6|   15|         30|
    +--------------------+----+-----------+-----+-----------+

    * Register: 
    +-------------+---+----+-----+-----------+
    |     Name    | FF| LUT| Bits| Const Bits|
    +-------------+---+----+-----+-----------+
    |ap_CS_fsm    |  1|   0|    1|          0|
    |ap_done_reg  |  1|   0|    1|          0|
    |c_53_fu_340  |  7|   0|    7|          0|
    +-------------+---+----+-----+-----------+
    |Total        |  9|   0|    9|          0|
    +-------------+---+----+-----+-----------+



================================================================
== Interface
================================================================
* Summary: 
+------------------------------------------------------------------------------------------------+-----+-----+------------+-----------------------------------------------------------------------------------------+--------------+
|                                            RTL Ports                                           | Dir | Bits|  Protocol  |                                      Source Object                                      |    C Type    |
+------------------------------------------------------------------------------------------------+-----+-----+------------+-----------------------------------------------------------------------------------------+--------------+
|ap_clk                                                                                          |   in|    1|  ap_ctrl_hs|                                    network_top_Pipeline_load_weight2_matrix_inner_loop52|  return value|
|ap_rst                                                                                          |   in|    1|  ap_ctrl_hs|                                    network_top_Pipeline_load_weight2_matrix_inner_loop52|  return value|
|ap_start                                                                                        |   in|    1|  ap_ctrl_hs|                                    network_top_Pipeline_load_weight2_matrix_inner_loop52|  return value|
|ap_done                                                                                         |  out|    1|  ap_ctrl_hs|                                    network_top_Pipeline_load_weight2_matrix_inner_loop52|  return value|
|ap_idle                                                                                         |  out|    1|  ap_ctrl_hs|                                    network_top_Pipeline_load_weight2_matrix_inner_loop52|  return value|
|ap_ready                                                                                        |  out|    1|  ap_ctrl_hs|                                    network_top_Pipeline_load_weight2_matrix_inner_loop52|  return value|
|p_ZZ11network_topP13params_structP9ap_ufixedILi22ELi5EL9ap_q_mode0EL9ap_o_mode0EL_13604         |  out|   18|      ap_vld|  p_ZZ11network_topP13params_structP9ap_ufixedILi22ELi5EL9ap_q_mode0EL9ap_o_mode0EL_13604|       pointer|
|p_ZZ11network_topP13params_structP9ap_ufixedILi22ELi5EL9ap_q_mode0EL9ap_o_mode0EL_13604_ap_vld  |  out|    1|      ap_vld|  p_ZZ11network_topP13params_structP9ap_ufixedILi22ELi5EL9ap_q_mode0EL9ap_o_mode0EL_13604|       pointer|
|p_ZZ11network_topP13params_structP9ap_ufixedILi22ELi5EL9ap_q_mode0EL9ap_o_mode0EL_13605         |  out|   18|      ap_vld|  p_ZZ11network_topP13params_structP9ap_ufixedILi22ELi5EL9ap_q_mode0EL9ap_o_mode0EL_13605|       pointer|
|p_ZZ11network_topP13params_structP9ap_ufixedILi22ELi5EL9ap_q_mode0EL9ap_o_mode0EL_13605_ap_vld  |  out|    1|      ap_vld|  p_ZZ11network_topP13params_structP9ap_ufixedILi22ELi5EL9ap_q_mode0EL9ap_o_mode0EL_13605|       pointer|
|p_ZZ11network_topP13params_structP9ap_ufixedILi22ELi5EL9ap_q_mode0EL9ap_o_mode0EL_13606         |  out|   18|      ap_vld|  p_ZZ11network_topP13params_structP9ap_ufixedILi22ELi5EL9ap_q_mode0EL9ap_o_mode0EL_13606|       pointer|
|p_ZZ11network_topP13params_structP9ap_ufixedILi22ELi5EL9ap_q_mode0EL9ap_o_mode0EL_13606_ap_vld  |  out|    1|      ap_vld|  p_ZZ11network_topP13params_structP9ap_ufixedILi22ELi5EL9ap_q_mode0EL9ap_o_mode0EL_13606|       pointer|
|p_ZZ11network_topP13params_structP9ap_ufixedILi22ELi5EL9ap_q_mode0EL9ap_o_mode0EL_13607         |  out|   18|      ap_vld|  p_ZZ11network_topP13params_structP9ap_ufixedILi22ELi5EL9ap_q_mode0EL9ap_o_mode0EL_13607|       pointer|
|p_ZZ11network_topP13params_structP9ap_ufixedILi22ELi5EL9ap_q_mode0EL9ap_o_mode0EL_13607_ap_vld  |  out|    1|      ap_vld|  p_ZZ11network_topP13params_structP9ap_ufixedILi22ELi5EL9ap_q_mode0EL9ap_o_mode0EL_13607|       pointer|
|p_ZZ11network_topP13params_structP9ap_ufixedILi22ELi5EL9ap_q_mode0EL9ap_o_mode0EL_13608         |  out|   18|      ap_vld|  p_ZZ11network_topP13params_structP9ap_ufixedILi22ELi5EL9ap_q_mode0EL9ap_o_mode0EL_13608|       pointer|
|p_ZZ11network_topP13params_structP9ap_ufixedILi22ELi5EL9ap_q_mode0EL9ap_o_mode0EL_13608_ap_vld  |  out|    1|      ap_vld|  p_ZZ11network_topP13params_structP9ap_ufixedILi22ELi5EL9ap_q_mode0EL9ap_o_mode0EL_13608|       pointer|
|p_ZZ11network_topP13params_structP9ap_ufixedILi22ELi5EL9ap_q_mode0EL9ap_o_mode0EL_13609         |  out|   18|      ap_vld|  p_ZZ11network_topP13params_structP9ap_ufixedILi22ELi5EL9ap_q_mode0EL9ap_o_mode0EL_13609|       pointer|
|p_ZZ11network_topP13params_structP9ap_ufixedILi22ELi5EL9ap_q_mode0EL9ap_o_mode0EL_13609_ap_vld  |  out|    1|      ap_vld|  p_ZZ11network_topP13params_structP9ap_ufixedILi22ELi5EL9ap_q_mode0EL9ap_o_mode0EL_13609|       pointer|
|p_ZZ11network_topP13params_structP9ap_ufixedILi22ELi5EL9ap_q_mode0EL9ap_o_mode0EL_13610         |  out|   18|      ap_vld|  p_ZZ11network_topP13params_structP9ap_ufixedILi22ELi5EL9ap_q_mode0EL9ap_o_mode0EL_13610|       pointer|
|p_ZZ11network_topP13params_structP9ap_ufixedILi22ELi5EL9ap_q_mode0EL9ap_o_mode0EL_13610_ap_vld  |  out|    1|      ap_vld|  p_ZZ11network_topP13params_structP9ap_ufixedILi22ELi5EL9ap_q_mode0EL9ap_o_mode0EL_13610|       pointer|
|p_ZZ11network_topP13params_structP9ap_ufixedILi22ELi5EL9ap_q_mode0EL9ap_o_mode0EL_13611         |  out|   18|      ap_vld|  p_ZZ11network_topP13params_structP9ap_ufixedILi22ELi5EL9ap_q_mode0EL9ap_o_mode0EL_13611|       pointer|
|p_ZZ11network_topP13params_structP9ap_ufixedILi22ELi5EL9ap_q_mode0EL9ap_o_mode0EL_13611_ap_vld  |  out|    1|      ap_vld|  p_ZZ11network_topP13params_structP9ap_ufixedILi22ELi5EL9ap_q_mode0EL9ap_o_mode0EL_13611|       pointer|
|p_ZZ11network_topP13params_structP9ap_ufixedILi22ELi5EL9ap_q_mode0EL9ap_o_mode0EL_13612         |  out|   18|      ap_vld|  p_ZZ11network_topP13params_structP9ap_ufixedILi22ELi5EL9ap_q_mode0EL9ap_o_mode0EL_13612|       pointer|
|p_ZZ11network_topP13params_structP9ap_ufixedILi22ELi5EL9ap_q_mode0EL9ap_o_mode0EL_13612_ap_vld  |  out|    1|      ap_vld|  p_ZZ11network_topP13params_structP9ap_ufixedILi22ELi5EL9ap_q_mode0EL9ap_o_mode0EL_13612|       pointer|
|p_ZZ11network_topP13params_structP9ap_ufixedILi22ELi5EL9ap_q_mode0EL9ap_o_mode0EL_13613         |  out|   18|      ap_vld|  p_ZZ11network_topP13params_structP9ap_ufixedILi22ELi5EL9ap_q_mode0EL9ap_o_mode0EL_13613|       pointer|
|p_ZZ11network_topP13params_structP9ap_ufixedILi22ELi5EL9ap_q_mode0EL9ap_o_mode0EL_13613_ap_vld  |  out|    1|      ap_vld|  p_ZZ11network_topP13params_structP9ap_ufixedILi22ELi5EL9ap_q_mode0EL9ap_o_mode0EL_13613|       pointer|
|network_top_params_struct_ap_ufixed_ap_ufixed_ap_int_ap_int_32_weights2_94                      |  out|   18|      ap_vld|               network_top_params_struct_ap_ufixed_ap_ufixed_ap_int_ap_int_32_weights2_94|       pointer|
|network_top_params_struct_ap_ufixed_ap_ufixed_ap_int_ap_int_32_weights2_94_ap_vld               |  out|    1|      ap_vld|               network_top_params_struct_ap_ufixed_ap_ufixed_ap_int_ap_int_32_weights2_94|       pointer|
|network_top_params_struct_ap_ufixed_ap_ufixed_ap_int_ap_int_32_weights2_95                      |  out|   18|      ap_vld|               network_top_params_struct_ap_ufixed_ap_ufixed_ap_int_ap_int_32_weights2_95|       pointer|
|network_top_params_struct_ap_ufixed_ap_ufixed_ap_int_ap_int_32_weights2_95_ap_vld               |  out|    1|      ap_vld|               network_top_params_struct_ap_ufixed_ap_ufixed_ap_int_ap_int_32_weights2_95|       pointer|
|network_top_params_struct_ap_ufixed_ap_ufixed_ap_int_ap_int_32_weights2_96                      |  out|   18|      ap_vld|               network_top_params_struct_ap_ufixed_ap_ufixed_ap_int_ap_int_32_weights2_96|       pointer|
|network_top_params_struct_ap_ufixed_ap_ufixed_ap_int_ap_int_32_weights2_96_ap_vld               |  out|    1|      ap_vld|               network_top_params_struct_ap_ufixed_ap_ufixed_ap_int_ap_int_32_weights2_96|       pointer|
|network_top_params_struct_ap_ufixed_ap_ufixed_ap_int_ap_int_32_weights2_97                      |  out|   18|      ap_vld|               network_top_params_struct_ap_ufixed_ap_ufixed_ap_int_ap_int_32_weights2_97|       pointer|
|network_top_params_struct_ap_ufixed_ap_ufixed_ap_int_ap_int_32_weights2_97_ap_vld               |  out|    1|      ap_vld|               network_top_params_struct_ap_ufixed_ap_ufixed_ap_int_ap_int_32_weights2_97|       pointer|
|network_top_params_struct_ap_ufixed_ap_ufixed_ap_int_ap_int_32_weights2_98                      |  out|   18|      ap_vld|               network_top_params_struct_ap_ufixed_ap_ufixed_ap_int_ap_int_32_weights2_98|       pointer|
|network_top_params_struct_ap_ufixed_ap_ufixed_ap_int_ap_int_32_weights2_98_ap_vld               |  out|    1|      ap_vld|               network_top_params_struct_ap_ufixed_ap_ufixed_ap_int_ap_int_32_weights2_98|       pointer|
|network_top_params_struct_ap_ufixed_ap_ufixed_ap_int_ap_int_32_weights2_99                      |  out|   18|      ap_vld|               network_top_params_struct_ap_ufixed_ap_ufixed_ap_int_ap_int_32_weights2_99|       pointer|
|network_top_params_struct_ap_ufixed_ap_ufixed_ap_int_ap_int_32_weights2_99_ap_vld               |  out|    1|      ap_vld|               network_top_params_struct_ap_ufixed_ap_ufixed_ap_int_ap_int_32_weights2_99|       pointer|
|network_top_params_struct_ap_ufixed_ap_ufixed_ap_int_ap_int_32_weights2_378                     |  out|   18|      ap_vld|              network_top_params_struct_ap_ufixed_ap_ufixed_ap_int_ap_int_32_weights2_378|       pointer|
|network_top_params_struct_ap_ufixed_ap_ufixed_ap_int_ap_int_32_weights2_378_ap_vld              |  out|    1|      ap_vld|              network_top_params_struct_ap_ufixed_ap_ufixed_ap_int_ap_int_32_weights2_378|       pointer|
|network_top_params_struct_ap_ufixed_ap_ufixed_ap_int_ap_int_32_weights2_377                     |  out|   18|      ap_vld|              network_top_params_struct_ap_ufixed_ap_ufixed_ap_int_ap_int_32_weights2_377|       pointer|
|network_top_params_struct_ap_ufixed_ap_ufixed_ap_int_ap_int_32_weights2_377_ap_vld              |  out|    1|      ap_vld|              network_top_params_struct_ap_ufixed_ap_ufixed_ap_int_ap_int_32_weights2_377|       pointer|
|network_top_params_struct_ap_ufixed_ap_ufixed_ap_int_ap_int_32_weights2_376                     |  out|   18|      ap_vld|              network_top_params_struct_ap_ufixed_ap_ufixed_ap_int_ap_int_32_weights2_376|       pointer|
|network_top_params_struct_ap_ufixed_ap_ufixed_ap_int_ap_int_32_weights2_376_ap_vld              |  out|    1|      ap_vld|              network_top_params_struct_ap_ufixed_ap_ufixed_ap_int_ap_int_32_weights2_376|       pointer|
|network_top_params_struct_ap_ufixed_ap_ufixed_ap_int_ap_int_32_weights2_375                     |  out|   18|      ap_vld|              network_top_params_struct_ap_ufixed_ap_ufixed_ap_int_ap_int_32_weights2_375|       pointer|
|network_top_params_struct_ap_ufixed_ap_ufixed_ap_int_ap_int_32_weights2_375_ap_vld              |  out|    1|      ap_vld|              network_top_params_struct_ap_ufixed_ap_ufixed_ap_int_ap_int_32_weights2_375|       pointer|
|network_top_params_struct_ap_ufixed_ap_ufixed_ap_int_ap_int_32_weights2_373                     |  out|   18|      ap_vld|              network_top_params_struct_ap_ufixed_ap_ufixed_ap_int_ap_int_32_weights2_373|       pointer|
|network_top_params_struct_ap_ufixed_ap_ufixed_ap_int_ap_int_32_weights2_373_ap_vld              |  out|    1|      ap_vld|              network_top_params_struct_ap_ufixed_ap_ufixed_ap_int_ap_int_32_weights2_373|       pointer|
|network_top_params_struct_ap_ufixed_ap_ufixed_ap_int_ap_int_32_weights2_372                     |  out|   18|      ap_vld|              network_top_params_struct_ap_ufixed_ap_ufixed_ap_int_ap_int_32_weights2_372|       pointer|
|network_top_params_struct_ap_ufixed_ap_ufixed_ap_int_ap_int_32_weights2_372_ap_vld              |  out|    1|      ap_vld|              network_top_params_struct_ap_ufixed_ap_ufixed_ap_int_ap_int_32_weights2_372|       pointer|
|network_top_params_struct_ap_ufixed_ap_ufixed_ap_int_ap_int_32_weights2_371                     |  out|   18|      ap_vld|              network_top_params_struct_ap_ufixed_ap_ufixed_ap_int_ap_int_32_weights2_371|       pointer|
|network_top_params_struct_ap_ufixed_ap_ufixed_ap_int_ap_int_32_weights2_371_ap_vld              |  out|    1|      ap_vld|              network_top_params_struct_ap_ufixed_ap_ufixed_ap_int_ap_int_32_weights2_371|       pointer|
|network_top_params_struct_ap_ufixed_ap_ufixed_ap_int_ap_int_32_weights2_370                     |  out|   18|      ap_vld|              network_top_params_struct_ap_ufixed_ap_ufixed_ap_int_ap_int_32_weights2_370|       pointer|
|network_top_params_struct_ap_ufixed_ap_ufixed_ap_int_ap_int_32_weights2_370_ap_vld              |  out|    1|      ap_vld|              network_top_params_struct_ap_ufixed_ap_ufixed_ap_int_ap_int_32_weights2_370|       pointer|
|network_top_params_struct_ap_ufixed_ap_ufixed_ap_int_ap_int_32_weights2_369                     |  out|   18|      ap_vld|              network_top_params_struct_ap_ufixed_ap_ufixed_ap_int_ap_int_32_weights2_369|       pointer|
|network_top_params_struct_ap_ufixed_ap_ufixed_ap_int_ap_int_32_weights2_369_ap_vld              |  out|    1|      ap_vld|              network_top_params_struct_ap_ufixed_ap_ufixed_ap_int_ap_int_32_weights2_369|       pointer|
|network_top_params_struct_ap_ufixed_ap_ufixed_ap_int_ap_int_32_weights2_368                     |  out|   18|      ap_vld|              network_top_params_struct_ap_ufixed_ap_ufixed_ap_int_ap_int_32_weights2_368|       pointer|
|network_top_params_struct_ap_ufixed_ap_ufixed_ap_int_ap_int_32_weights2_368_ap_vld              |  out|    1|      ap_vld|              network_top_params_struct_ap_ufixed_ap_ufixed_ap_int_ap_int_32_weights2_368|       pointer|
|network_top_params_struct_ap_ufixed_ap_ufixed_ap_int_ap_int_32_weights2_367                     |  out|   18|      ap_vld|              network_top_params_struct_ap_ufixed_ap_ufixed_ap_int_ap_int_32_weights2_367|       pointer|
|network_top_params_struct_ap_ufixed_ap_ufixed_ap_int_ap_int_32_weights2_367_ap_vld              |  out|    1|      ap_vld|              network_top_params_struct_ap_ufixed_ap_ufixed_ap_int_ap_int_32_weights2_367|       pointer|
|network_top_params_struct_ap_ufixed_ap_ufixed_ap_int_ap_int_32_weights2_366                     |  out|   18|      ap_vld|              network_top_params_struct_ap_ufixed_ap_ufixed_ap_int_ap_int_32_weights2_366|       pointer|
|network_top_params_struct_ap_ufixed_ap_ufixed_ap_int_ap_int_32_weights2_366_ap_vld              |  out|    1|      ap_vld|              network_top_params_struct_ap_ufixed_ap_ufixed_ap_int_ap_int_32_weights2_366|       pointer|
|network_top_params_struct_ap_ufixed_ap_ufixed_ap_int_ap_int_32_weights2_365                     |  out|   18|      ap_vld|              network_top_params_struct_ap_ufixed_ap_ufixed_ap_int_ap_int_32_weights2_365|       pointer|
|network_top_params_struct_ap_ufixed_ap_ufixed_ap_int_ap_int_32_weights2_365_ap_vld              |  out|    1|      ap_vld|              network_top_params_struct_ap_ufixed_ap_ufixed_ap_int_ap_int_32_weights2_365|       pointer|
|network_top_params_struct_ap_ufixed_ap_ufixed_ap_int_ap_int_32_weights2_364                     |  out|   18|      ap_vld|              network_top_params_struct_ap_ufixed_ap_ufixed_ap_int_ap_int_32_weights2_364|       pointer|
|network_top_params_struct_ap_ufixed_ap_ufixed_ap_int_ap_int_32_weights2_364_ap_vld              |  out|    1|      ap_vld|              network_top_params_struct_ap_ufixed_ap_ufixed_ap_int_ap_int_32_weights2_364|       pointer|
|network_top_params_struct_ap_ufixed_ap_ufixed_ap_int_ap_int_32_weights2_362                     |  out|   18|      ap_vld|              network_top_params_struct_ap_ufixed_ap_ufixed_ap_int_ap_int_32_weights2_362|       pointer|
|network_top_params_struct_ap_ufixed_ap_ufixed_ap_int_ap_int_32_weights2_362_ap_vld              |  out|    1|      ap_vld|              network_top_params_struct_ap_ufixed_ap_ufixed_ap_int_ap_int_32_weights2_362|       pointer|
|network_top_params_struct_ap_ufixed_ap_ufixed_ap_int_ap_int_32_weights2_361                     |  out|   18|      ap_vld|              network_top_params_struct_ap_ufixed_ap_ufixed_ap_int_ap_int_32_weights2_361|       pointer|
|network_top_params_struct_ap_ufixed_ap_ufixed_ap_int_ap_int_32_weights2_361_ap_vld              |  out|    1|      ap_vld|              network_top_params_struct_ap_ufixed_ap_ufixed_ap_int_ap_int_32_weights2_361|       pointer|
|network_top_params_struct_ap_ufixed_ap_ufixed_ap_int_ap_int_32_weights2_360                     |  out|   18|      ap_vld|              network_top_params_struct_ap_ufixed_ap_ufixed_ap_int_ap_int_32_weights2_360|       pointer|
|network_top_params_struct_ap_ufixed_ap_ufixed_ap_int_ap_int_32_weights2_360_ap_vld              |  out|    1|      ap_vld|              network_top_params_struct_ap_ufixed_ap_ufixed_ap_int_ap_int_32_weights2_360|       pointer|
|network_top_params_struct_ap_ufixed_ap_ufixed_ap_int_ap_int_32_weights2_359                     |  out|   18|      ap_vld|              network_top_params_struct_ap_ufixed_ap_ufixed_ap_int_ap_int_32_weights2_359|       pointer|
|network_top_params_struct_ap_ufixed_ap_ufixed_ap_int_ap_int_32_weights2_359_ap_vld              |  out|    1|      ap_vld|              network_top_params_struct_ap_ufixed_ap_ufixed_ap_int_ap_int_32_weights2_359|       pointer|
|network_top_params_struct_ap_ufixed_ap_ufixed_ap_int_ap_int_32_weights2_358                     |  out|   18|      ap_vld|              network_top_params_struct_ap_ufixed_ap_ufixed_ap_int_ap_int_32_weights2_358|       pointer|
|network_top_params_struct_ap_ufixed_ap_ufixed_ap_int_ap_int_32_weights2_358_ap_vld              |  out|    1|      ap_vld|              network_top_params_struct_ap_ufixed_ap_ufixed_ap_int_ap_int_32_weights2_358|       pointer|
|network_top_params_struct_ap_ufixed_ap_ufixed_ap_int_ap_int_32_weights2_357                     |  out|   18|      ap_vld|              network_top_params_struct_ap_ufixed_ap_ufixed_ap_int_ap_int_32_weights2_357|       pointer|
|network_top_params_struct_ap_ufixed_ap_ufixed_ap_int_ap_int_32_weights2_357_ap_vld              |  out|    1|      ap_vld|              network_top_params_struct_ap_ufixed_ap_ufixed_ap_int_ap_int_32_weights2_357|       pointer|
|network_top_params_struct_ap_ufixed_ap_ufixed_ap_int_ap_int_32_weights2_356                     |  out|   18|      ap_vld|              network_top_params_struct_ap_ufixed_ap_ufixed_ap_int_ap_int_32_weights2_356|       pointer|
|network_top_params_struct_ap_ufixed_ap_ufixed_ap_int_ap_int_32_weights2_356_ap_vld              |  out|    1|      ap_vld|              network_top_params_struct_ap_ufixed_ap_ufixed_ap_int_ap_int_32_weights2_356|       pointer|
|network_top_params_struct_ap_ufixed_ap_ufixed_ap_int_ap_int_32_weights2_355                     |  out|   18|      ap_vld|              network_top_params_struct_ap_ufixed_ap_ufixed_ap_int_ap_int_32_weights2_355|       pointer|
|network_top_params_struct_ap_ufixed_ap_ufixed_ap_int_ap_int_32_weights2_355_ap_vld              |  out|    1|      ap_vld|              network_top_params_struct_ap_ufixed_ap_ufixed_ap_int_ap_int_32_weights2_355|       pointer|
|network_top_params_struct_ap_ufixed_ap_ufixed_ap_int_ap_int_32_weights2_354                     |  out|   18|      ap_vld|              network_top_params_struct_ap_ufixed_ap_ufixed_ap_int_ap_int_32_weights2_354|       pointer|
|network_top_params_struct_ap_ufixed_ap_ufixed_ap_int_ap_int_32_weights2_354_ap_vld              |  out|    1|      ap_vld|              network_top_params_struct_ap_ufixed_ap_ufixed_ap_int_ap_int_32_weights2_354|       pointer|
|network_top_params_struct_ap_ufixed_ap_ufixed_ap_int_ap_int_32_weights2_353                     |  out|   18|      ap_vld|              network_top_params_struct_ap_ufixed_ap_ufixed_ap_int_ap_int_32_weights2_353|       pointer|
|network_top_params_struct_ap_ufixed_ap_ufixed_ap_int_ap_int_32_weights2_353_ap_vld              |  out|    1|      ap_vld|              network_top_params_struct_ap_ufixed_ap_ufixed_ap_int_ap_int_32_weights2_353|       pointer|
|network_top_params_struct_ap_ufixed_ap_ufixed_ap_int_ap_int_32_weights2_350                     |  out|   18|      ap_vld|              network_top_params_struct_ap_ufixed_ap_ufixed_ap_int_ap_int_32_weights2_350|       pointer|
|network_top_params_struct_ap_ufixed_ap_ufixed_ap_int_ap_int_32_weights2_350_ap_vld              |  out|    1|      ap_vld|              network_top_params_struct_ap_ufixed_ap_ufixed_ap_int_ap_int_32_weights2_350|       pointer|
|network_top_params_struct_ap_ufixed_ap_ufixed_ap_int_ap_int_32_weights2_349                     |  out|   18|      ap_vld|              network_top_params_struct_ap_ufixed_ap_ufixed_ap_int_ap_int_32_weights2_349|       pointer|
|network_top_params_struct_ap_ufixed_ap_ufixed_ap_int_ap_int_32_weights2_349_ap_vld              |  out|    1|      ap_vld|              network_top_params_struct_ap_ufixed_ap_ufixed_ap_int_ap_int_32_weights2_349|       pointer|
|network_top_params_struct_ap_ufixed_ap_ufixed_ap_int_ap_int_32_weights2_348                     |  out|   18|      ap_vld|              network_top_params_struct_ap_ufixed_ap_ufixed_ap_int_ap_int_32_weights2_348|       pointer|
|network_top_params_struct_ap_ufixed_ap_ufixed_ap_int_ap_int_32_weights2_348_ap_vld              |  out|    1|      ap_vld|              network_top_params_struct_ap_ufixed_ap_ufixed_ap_int_ap_int_32_weights2_348|       pointer|
|network_top_params_struct_ap_ufixed_ap_ufixed_ap_int_ap_int_32_weights2_347                     |  out|   18|      ap_vld|              network_top_params_struct_ap_ufixed_ap_ufixed_ap_int_ap_int_32_weights2_347|       pointer|
|network_top_params_struct_ap_ufixed_ap_ufixed_ap_int_ap_int_32_weights2_347_ap_vld              |  out|    1|      ap_vld|              network_top_params_struct_ap_ufixed_ap_ufixed_ap_int_ap_int_32_weights2_347|       pointer|
|network_top_params_struct_ap_ufixed_ap_ufixed_ap_int_ap_int_32_weights2_346                     |  out|   18|      ap_vld|              network_top_params_struct_ap_ufixed_ap_ufixed_ap_int_ap_int_32_weights2_346|       pointer|
|network_top_params_struct_ap_ufixed_ap_ufixed_ap_int_ap_int_32_weights2_346_ap_vld              |  out|    1|      ap_vld|              network_top_params_struct_ap_ufixed_ap_ufixed_ap_int_ap_int_32_weights2_346|       pointer|
|network_top_params_struct_ap_ufixed_ap_ufixed_ap_int_ap_int_32_weights2_345                     |  out|   18|      ap_vld|              network_top_params_struct_ap_ufixed_ap_ufixed_ap_int_ap_int_32_weights2_345|       pointer|
|network_top_params_struct_ap_ufixed_ap_ufixed_ap_int_ap_int_32_weights2_345_ap_vld              |  out|    1|      ap_vld|              network_top_params_struct_ap_ufixed_ap_ufixed_ap_int_ap_int_32_weights2_345|       pointer|
|network_top_params_struct_ap_ufixed_ap_ufixed_ap_int_ap_int_32_weights2_344                     |  out|   18|      ap_vld|              network_top_params_struct_ap_ufixed_ap_ufixed_ap_int_ap_int_32_weights2_344|       pointer|
|network_top_params_struct_ap_ufixed_ap_ufixed_ap_int_ap_int_32_weights2_344_ap_vld              |  out|    1|      ap_vld|              network_top_params_struct_ap_ufixed_ap_ufixed_ap_int_ap_int_32_weights2_344|       pointer|
|network_top_params_struct_ap_ufixed_ap_ufixed_ap_int_ap_int_32_weights2_343                     |  out|   18|      ap_vld|              network_top_params_struct_ap_ufixed_ap_ufixed_ap_int_ap_int_32_weights2_343|       pointer|
|network_top_params_struct_ap_ufixed_ap_ufixed_ap_int_ap_int_32_weights2_343_ap_vld              |  out|    1|      ap_vld|              network_top_params_struct_ap_ufixed_ap_ufixed_ap_int_ap_int_32_weights2_343|       pointer|
|network_top_params_struct_ap_ufixed_ap_ufixed_ap_int_ap_int_32_weights2_342                     |  out|   18|      ap_vld|              network_top_params_struct_ap_ufixed_ap_ufixed_ap_int_ap_int_32_weights2_342|       pointer|
|network_top_params_struct_ap_ufixed_ap_ufixed_ap_int_ap_int_32_weights2_342_ap_vld              |  out|    1|      ap_vld|              network_top_params_struct_ap_ufixed_ap_ufixed_ap_int_ap_int_32_weights2_342|       pointer|
|network_top_params_struct_ap_ufixed_ap_ufixed_ap_int_ap_int_32_weights2_341                     |  out|   18|      ap_vld|              network_top_params_struct_ap_ufixed_ap_ufixed_ap_int_ap_int_32_weights2_341|       pointer|
|network_top_params_struct_ap_ufixed_ap_ufixed_ap_int_ap_int_32_weights2_341_ap_vld              |  out|    1|      ap_vld|              network_top_params_struct_ap_ufixed_ap_ufixed_ap_int_ap_int_32_weights2_341|       pointer|
|network_top_params_struct_ap_ufixed_ap_ufixed_ap_int_ap_int_32_weights2_339                     |  out|   18|      ap_vld|              network_top_params_struct_ap_ufixed_ap_ufixed_ap_int_ap_int_32_weights2_339|       pointer|
|network_top_params_struct_ap_ufixed_ap_ufixed_ap_int_ap_int_32_weights2_339_ap_vld              |  out|    1|      ap_vld|              network_top_params_struct_ap_ufixed_ap_ufixed_ap_int_ap_int_32_weights2_339|       pointer|
|network_top_params_struct_ap_ufixed_ap_ufixed_ap_int_ap_int_32_weights2_338                     |  out|   18|      ap_vld|              network_top_params_struct_ap_ufixed_ap_ufixed_ap_int_ap_int_32_weights2_338|       pointer|
|network_top_params_struct_ap_ufixed_ap_ufixed_ap_int_ap_int_32_weights2_338_ap_vld              |  out|    1|      ap_vld|              network_top_params_struct_ap_ufixed_ap_ufixed_ap_int_ap_int_32_weights2_338|       pointer|
|network_top_params_struct_ap_ufixed_ap_ufixed_ap_int_ap_int_32_weights2_337                     |  out|   18|      ap_vld|              network_top_params_struct_ap_ufixed_ap_ufixed_ap_int_ap_int_32_weights2_337|       pointer|
|network_top_params_struct_ap_ufixed_ap_ufixed_ap_int_ap_int_32_weights2_337_ap_vld              |  out|    1|      ap_vld|              network_top_params_struct_ap_ufixed_ap_ufixed_ap_int_ap_int_32_weights2_337|       pointer|
|network_top_params_struct_ap_ufixed_ap_ufixed_ap_int_ap_int_32_weights2_336                     |  out|   18|      ap_vld|              network_top_params_struct_ap_ufixed_ap_ufixed_ap_int_ap_int_32_weights2_336|       pointer|
|network_top_params_struct_ap_ufixed_ap_ufixed_ap_int_ap_int_32_weights2_336_ap_vld              |  out|    1|      ap_vld|              network_top_params_struct_ap_ufixed_ap_ufixed_ap_int_ap_int_32_weights2_336|       pointer|
|network_top_params_struct_ap_ufixed_ap_ufixed_ap_int_ap_int_32_weights2_335                     |  out|   18|      ap_vld|              network_top_params_struct_ap_ufixed_ap_ufixed_ap_int_ap_int_32_weights2_335|       pointer|
|network_top_params_struct_ap_ufixed_ap_ufixed_ap_int_ap_int_32_weights2_335_ap_vld              |  out|    1|      ap_vld|              network_top_params_struct_ap_ufixed_ap_ufixed_ap_int_ap_int_32_weights2_335|       pointer|
|network_top_params_struct_ap_ufixed_ap_ufixed_ap_int_ap_int_32_weights2_334                     |  out|   18|      ap_vld|              network_top_params_struct_ap_ufixed_ap_ufixed_ap_int_ap_int_32_weights2_334|       pointer|
|network_top_params_struct_ap_ufixed_ap_ufixed_ap_int_ap_int_32_weights2_334_ap_vld              |  out|    1|      ap_vld|              network_top_params_struct_ap_ufixed_ap_ufixed_ap_int_ap_int_32_weights2_334|       pointer|
|network_top_params_struct_ap_ufixed_ap_ufixed_ap_int_ap_int_32_weights2_333                     |  out|   18|      ap_vld|              network_top_params_struct_ap_ufixed_ap_ufixed_ap_int_ap_int_32_weights2_333|       pointer|
|network_top_params_struct_ap_ufixed_ap_ufixed_ap_int_ap_int_32_weights2_333_ap_vld              |  out|    1|      ap_vld|              network_top_params_struct_ap_ufixed_ap_ufixed_ap_int_ap_int_32_weights2_333|       pointer|
|network_top_params_struct_ap_ufixed_ap_ufixed_ap_int_ap_int_32_weights2_332                     |  out|   18|      ap_vld|              network_top_params_struct_ap_ufixed_ap_ufixed_ap_int_ap_int_32_weights2_332|       pointer|
|network_top_params_struct_ap_ufixed_ap_ufixed_ap_int_ap_int_32_weights2_332_ap_vld              |  out|    1|      ap_vld|              network_top_params_struct_ap_ufixed_ap_ufixed_ap_int_ap_int_32_weights2_332|       pointer|
|network_top_params_struct_ap_ufixed_ap_ufixed_ap_int_ap_int_32_weights2_331                     |  out|   18|      ap_vld|              network_top_params_struct_ap_ufixed_ap_ufixed_ap_int_ap_int_32_weights2_331|       pointer|
|network_top_params_struct_ap_ufixed_ap_ufixed_ap_int_ap_int_32_weights2_331_ap_vld              |  out|    1|      ap_vld|              network_top_params_struct_ap_ufixed_ap_ufixed_ap_int_ap_int_32_weights2_331|       pointer|
|network_top_params_struct_ap_ufixed_ap_ufixed_ap_int_ap_int_32_weights2_330                     |  out|   18|      ap_vld|              network_top_params_struct_ap_ufixed_ap_ufixed_ap_int_ap_int_32_weights2_330|       pointer|
|network_top_params_struct_ap_ufixed_ap_ufixed_ap_int_ap_int_32_weights2_330_ap_vld              |  out|    1|      ap_vld|              network_top_params_struct_ap_ufixed_ap_ufixed_ap_int_ap_int_32_weights2_330|       pointer|
|network_top_params_struct_ap_ufixed_ap_ufixed_ap_int_ap_int_32_weights2_328                     |  out|   18|      ap_vld|              network_top_params_struct_ap_ufixed_ap_ufixed_ap_int_ap_int_32_weights2_328|       pointer|
|network_top_params_struct_ap_ufixed_ap_ufixed_ap_int_ap_int_32_weights2_328_ap_vld              |  out|    1|      ap_vld|              network_top_params_struct_ap_ufixed_ap_ufixed_ap_int_ap_int_32_weights2_328|       pointer|
|network_top_params_struct_ap_ufixed_ap_ufixed_ap_int_ap_int_32_weights2_327                     |  out|   18|      ap_vld|              network_top_params_struct_ap_ufixed_ap_ufixed_ap_int_ap_int_32_weights2_327|       pointer|
|network_top_params_struct_ap_ufixed_ap_ufixed_ap_int_ap_int_32_weights2_327_ap_vld              |  out|    1|      ap_vld|              network_top_params_struct_ap_ufixed_ap_ufixed_ap_int_ap_int_32_weights2_327|       pointer|
|network_top_params_struct_ap_ufixed_ap_ufixed_ap_int_ap_int_32_weights2_326                     |  out|   18|      ap_vld|              network_top_params_struct_ap_ufixed_ap_ufixed_ap_int_ap_int_32_weights2_326|       pointer|
|network_top_params_struct_ap_ufixed_ap_ufixed_ap_int_ap_int_32_weights2_326_ap_vld              |  out|    1|      ap_vld|              network_top_params_struct_ap_ufixed_ap_ufixed_ap_int_ap_int_32_weights2_326|       pointer|
|network_top_params_struct_ap_ufixed_ap_ufixed_ap_int_ap_int_32_weights2_325                     |  out|   18|      ap_vld|              network_top_params_struct_ap_ufixed_ap_ufixed_ap_int_ap_int_32_weights2_325|       pointer|
|network_top_params_struct_ap_ufixed_ap_ufixed_ap_int_ap_int_32_weights2_325_ap_vld              |  out|    1|      ap_vld|              network_top_params_struct_ap_ufixed_ap_ufixed_ap_int_ap_int_32_weights2_325|       pointer|
|network_top_params_struct_ap_ufixed_ap_ufixed_ap_int_ap_int_32_weights2_324                     |  out|   18|      ap_vld|              network_top_params_struct_ap_ufixed_ap_ufixed_ap_int_ap_int_32_weights2_324|       pointer|
|network_top_params_struct_ap_ufixed_ap_ufixed_ap_int_ap_int_32_weights2_324_ap_vld              |  out|    1|      ap_vld|              network_top_params_struct_ap_ufixed_ap_ufixed_ap_int_ap_int_32_weights2_324|       pointer|
|network_top_params_struct_ap_ufixed_ap_ufixed_ap_int_ap_int_32_weights2_323                     |  out|   18|      ap_vld|              network_top_params_struct_ap_ufixed_ap_ufixed_ap_int_ap_int_32_weights2_323|       pointer|
|network_top_params_struct_ap_ufixed_ap_ufixed_ap_int_ap_int_32_weights2_323_ap_vld              |  out|    1|      ap_vld|              network_top_params_struct_ap_ufixed_ap_ufixed_ap_int_ap_int_32_weights2_323|       pointer|
|network_top_params_struct_ap_ufixed_ap_ufixed_ap_int_ap_int_32_weights2_322                     |  out|   18|      ap_vld|              network_top_params_struct_ap_ufixed_ap_ufixed_ap_int_ap_int_32_weights2_322|       pointer|
|network_top_params_struct_ap_ufixed_ap_ufixed_ap_int_ap_int_32_weights2_322_ap_vld              |  out|    1|      ap_vld|              network_top_params_struct_ap_ufixed_ap_ufixed_ap_int_ap_int_32_weights2_322|       pointer|
|network_top_params_struct_ap_ufixed_ap_ufixed_ap_int_ap_int_32_weights2_321                     |  out|   18|      ap_vld|              network_top_params_struct_ap_ufixed_ap_ufixed_ap_int_ap_int_32_weights2_321|       pointer|
|network_top_params_struct_ap_ufixed_ap_ufixed_ap_int_ap_int_32_weights2_321_ap_vld              |  out|    1|      ap_vld|              network_top_params_struct_ap_ufixed_ap_ufixed_ap_int_ap_int_32_weights2_321|       pointer|
|network_top_params_struct_ap_ufixed_ap_ufixed_ap_int_ap_int_32_weights2_320                     |  out|   18|      ap_vld|              network_top_params_struct_ap_ufixed_ap_ufixed_ap_int_ap_int_32_weights2_320|       pointer|
|network_top_params_struct_ap_ufixed_ap_ufixed_ap_int_ap_int_32_weights2_320_ap_vld              |  out|    1|      ap_vld|              network_top_params_struct_ap_ufixed_ap_ufixed_ap_int_ap_int_32_weights2_320|       pointer|
|network_top_params_struct_ap_ufixed_ap_ufixed_ap_int_ap_int_32_weights2_319                     |  out|   18|      ap_vld|              network_top_params_struct_ap_ufixed_ap_ufixed_ap_int_ap_int_32_weights2_319|       pointer|
|network_top_params_struct_ap_ufixed_ap_ufixed_ap_int_ap_int_32_weights2_319_ap_vld              |  out|    1|      ap_vld|              network_top_params_struct_ap_ufixed_ap_ufixed_ap_int_ap_int_32_weights2_319|       pointer|
|network_top_params_struct_ap_ufixed_ap_ufixed_ap_int_ap_int_32_weights2_317                     |  out|   18|      ap_vld|              network_top_params_struct_ap_ufixed_ap_ufixed_ap_int_ap_int_32_weights2_317|       pointer|
|network_top_params_struct_ap_ufixed_ap_ufixed_ap_int_ap_int_32_weights2_317_ap_vld              |  out|    1|      ap_vld|              network_top_params_struct_ap_ufixed_ap_ufixed_ap_int_ap_int_32_weights2_317|       pointer|
|network_top_params_struct_ap_ufixed_ap_ufixed_ap_int_ap_int_32_weights2_316                     |  out|   18|      ap_vld|              network_top_params_struct_ap_ufixed_ap_ufixed_ap_int_ap_int_32_weights2_316|       pointer|
|network_top_params_struct_ap_ufixed_ap_ufixed_ap_int_ap_int_32_weights2_316_ap_vld              |  out|    1|      ap_vld|              network_top_params_struct_ap_ufixed_ap_ufixed_ap_int_ap_int_32_weights2_316|       pointer|
|network_top_params_struct_ap_ufixed_ap_ufixed_ap_int_ap_int_32_weights2_315                     |  out|   18|      ap_vld|              network_top_params_struct_ap_ufixed_ap_ufixed_ap_int_ap_int_32_weights2_315|       pointer|
|network_top_params_struct_ap_ufixed_ap_ufixed_ap_int_ap_int_32_weights2_315_ap_vld              |  out|    1|      ap_vld|              network_top_params_struct_ap_ufixed_ap_ufixed_ap_int_ap_int_32_weights2_315|       pointer|
|network_top_params_struct_ap_ufixed_ap_ufixed_ap_int_ap_int_32_weights2_314                     |  out|   18|      ap_vld|              network_top_params_struct_ap_ufixed_ap_ufixed_ap_int_ap_int_32_weights2_314|       pointer|
|network_top_params_struct_ap_ufixed_ap_ufixed_ap_int_ap_int_32_weights2_314_ap_vld              |  out|    1|      ap_vld|              network_top_params_struct_ap_ufixed_ap_ufixed_ap_int_ap_int_32_weights2_314|       pointer|
|network_top_params_struct_ap_ufixed_ap_ufixed_ap_int_ap_int_32_weights2_313                     |  out|   18|      ap_vld|              network_top_params_struct_ap_ufixed_ap_ufixed_ap_int_ap_int_32_weights2_313|       pointer|
|network_top_params_struct_ap_ufixed_ap_ufixed_ap_int_ap_int_32_weights2_313_ap_vld              |  out|    1|      ap_vld|              network_top_params_struct_ap_ufixed_ap_ufixed_ap_int_ap_int_32_weights2_313|       pointer|
|network_top_params_struct_ap_ufixed_ap_ufixed_ap_int_ap_int_32_weights2_312                     |  out|   18|      ap_vld|              network_top_params_struct_ap_ufixed_ap_ufixed_ap_int_ap_int_32_weights2_312|       pointer|
|network_top_params_struct_ap_ufixed_ap_ufixed_ap_int_ap_int_32_weights2_312_ap_vld              |  out|    1|      ap_vld|              network_top_params_struct_ap_ufixed_ap_ufixed_ap_int_ap_int_32_weights2_312|       pointer|
|network_top_params_struct_ap_ufixed_ap_ufixed_ap_int_ap_int_32_weights2_311                     |  out|   18|      ap_vld|              network_top_params_struct_ap_ufixed_ap_ufixed_ap_int_ap_int_32_weights2_311|       pointer|
|network_top_params_struct_ap_ufixed_ap_ufixed_ap_int_ap_int_32_weights2_311_ap_vld              |  out|    1|      ap_vld|              network_top_params_struct_ap_ufixed_ap_ufixed_ap_int_ap_int_32_weights2_311|       pointer|
|network_top_params_struct_ap_ufixed_ap_ufixed_ap_int_ap_int_32_weights2_310                     |  out|   18|      ap_vld|              network_top_params_struct_ap_ufixed_ap_ufixed_ap_int_ap_int_32_weights2_310|       pointer|
|network_top_params_struct_ap_ufixed_ap_ufixed_ap_int_ap_int_32_weights2_310_ap_vld              |  out|    1|      ap_vld|              network_top_params_struct_ap_ufixed_ap_ufixed_ap_int_ap_int_32_weights2_310|       pointer|
|network_top_params_struct_ap_ufixed_ap_ufixed_ap_int_ap_int_32_weights2_309                     |  out|   18|      ap_vld|              network_top_params_struct_ap_ufixed_ap_ufixed_ap_int_ap_int_32_weights2_309|       pointer|
|network_top_params_struct_ap_ufixed_ap_ufixed_ap_int_ap_int_32_weights2_309_ap_vld              |  out|    1|      ap_vld|              network_top_params_struct_ap_ufixed_ap_ufixed_ap_int_ap_int_32_weights2_309|       pointer|
|network_top_params_struct_ap_ufixed_ap_ufixed_ap_int_ap_int_32_weights2_308                     |  out|   18|      ap_vld|              network_top_params_struct_ap_ufixed_ap_ufixed_ap_int_ap_int_32_weights2_308|       pointer|
|network_top_params_struct_ap_ufixed_ap_ufixed_ap_int_ap_int_32_weights2_308_ap_vld              |  out|    1|      ap_vld|              network_top_params_struct_ap_ufixed_ap_ufixed_ap_int_ap_int_32_weights2_308|       pointer|
+------------------------------------------------------------------------------------------------+-----+-----+------------+-----------------------------------------------------------------------------------------+--------------+

