

================================================================
== Vitis HLS Report for 'network_top_Pipeline_load_weight2_matrix_inner_loop75'
================================================================
* Date:           Fri Oct  6 13:57:19 2023

* Version:        2023.1 (Build 3854077 on May  4 2023)
* Project:        matrix_test2
* Solution:       solution1 (Vivado IP Flow Target)
* Product family: zynquplus
* Target device:  xczu7ev-ffvc1156-2-e


================================================================
== Performance Estimates
================================================================
+ Timing: 
    * Summary: 
    +--------+---------+----------+------------+
    |  Clock |  Target | Estimated| Uncertainty|
    +--------+---------+----------+------------+
    |ap_clk  |  0.35 us|  1.200 ns|    94.50 ns|
    +--------+---------+----------+------------+

+ Latency: 
    * Summary: 
    +---------+---------+-----------+-----------+-----+-----+---------+
    |  Latency (cycles) |   Latency (absolute)  |  Interval | Pipeline|
    |   min   |   max   |    min    |    max    | min | max |   Type  |
    +---------+---------+-----------+-----------+-----+-----+---------+
    |       82|       82|  28.700 us|  28.700 us|   82|   82|       no|
    +---------+---------+-----------+-----------+-----+-----+---------+

    + Detail: 
        * Instance: 
        N/A

        * Loop: 
        +----------------------------------+---------+---------+----------+-----------+-----------+------+----------+
        |                                  |  Latency (cycles) | Iteration|  Initiation Interval  | Trip |          |
        |             Loop Name            |   min   |   max   |  Latency |  achieved |   target  | Count| Pipelined|
        +----------------------------------+---------+---------+----------+-----------+-----------+------+----------+
        |- load_weight2_matrix_inner_loop  |       80|       80|         1|          1|          1|    80|       yes|
        +----------------------------------+---------+---------+----------+-----------+-----------+------+----------+



================================================================
== Utilization Estimates
================================================================
* Summary: 
+-----------------+---------+------+--------+--------+-----+
|       Name      | BRAM_18K|  DSP |   FF   |   LUT  | URAM|
+-----------------+---------+------+--------+--------+-----+
|DSP              |        -|     -|       -|       -|    -|
|Expression       |        -|     -|       0|      28|    -|
|FIFO             |        -|     -|       -|       -|    -|
|Instance         |        -|     -|       -|       -|    -|
|Memory           |        -|     -|       -|       -|    -|
|Multiplexer      |        -|     -|       -|      27|    -|
|Register         |        -|     -|       9|       -|    -|
+-----------------+---------+------+--------+--------+-----+
|Total            |        0|     0|       9|      55|    0|
+-----------------+---------+------+--------+--------+-----+
|Available        |      624|  1728|  460800|  230400|   96|
+-----------------+---------+------+--------+--------+-----+
|Utilization (%)  |        0|     0|      ~0|      ~0|    0|
+-----------------+---------+------+--------+--------+-----+

+ Detail: 
    * Instance: 
    N/A

    * DSP: 
    N/A

    * Memory: 
    N/A

    * FIFO: 
    N/A

    * Expression: 
    +----------------------+----------+----+---+----+------------+------------+
    |     Variable Name    | Operation| DSP| FF| LUT| Bitwidth P0| Bitwidth P1|
    +----------------------+----------+----+---+----+------------+------------+
    |add_ln199_fu_358_p2   |         +|   0|  0|  14|           7|           1|
    |icmp_ln199_fu_352_p2  |      icmp|   0|  0|  14|           7|           7|
    +----------------------+----------+----+---+----+------------+------------+
    |Total                 |          |   0|  0|  28|          14|           8|
    +----------------------+----------+----+---+----+------------+------------+

    * Multiplexer: 
    +-----------------------+----+-----------+-----+-----------+
    |          Name         | LUT| Input Size| Bits| Total Bits|
    +-----------------------+----+-----------+-----+-----------+
    |ap_done_int            |   9|          2|    1|          2|
    |ap_sig_allocacmp_c_44  |   9|          2|    7|         14|
    |c_fu_340               |   9|          2|    7|         14|
    +-----------------------+----+-----------+-----+-----------+
    |Total                  |  27|          6|   15|         30|
    +-----------------------+----+-----------+-----+-----------+

    * Register: 
    +-------------+---+----+-----+-----------+
    |     Name    | FF| LUT| Bits| Const Bits|
    +-------------+---+----+-----+-----------+
    |ap_CS_fsm    |  1|   0|    1|          0|
    |ap_done_reg  |  1|   0|    1|          0|
    |c_fu_340     |  7|   0|    7|          0|
    +-------------+---+----+-----+-----------+
    |Total        |  9|   0|    9|          0|
    +-------------+---+----+-----+-----------+



================================================================
== Interface
================================================================
* Summary: 
+------------------------------------------------------------------------------------------------+-----+-----+------------+-----------------------------------------------------------------------------------------+--------------+
|                                            RTL Ports                                           | Dir | Bits|  Protocol  |                                      Source Object                                      |    C Type    |
+------------------------------------------------------------------------------------------------+-----+-----+------------+-----------------------------------------------------------------------------------------+--------------+
|ap_clk                                                                                          |   in|    1|  ap_ctrl_hs|                                    network_top_Pipeline_load_weight2_matrix_inner_loop75|  return value|
|ap_rst                                                                                          |   in|    1|  ap_ctrl_hs|                                    network_top_Pipeline_load_weight2_matrix_inner_loop75|  return value|
|ap_start                                                                                        |   in|    1|  ap_ctrl_hs|                                    network_top_Pipeline_load_weight2_matrix_inner_loop75|  return value|
|ap_done                                                                                         |  out|    1|  ap_ctrl_hs|                                    network_top_Pipeline_load_weight2_matrix_inner_loop75|  return value|
|ap_idle                                                                                         |  out|    1|  ap_ctrl_hs|                                    network_top_Pipeline_load_weight2_matrix_inner_loop75|  return value|
|ap_ready                                                                                        |  out|    1|  ap_ctrl_hs|                                    network_top_Pipeline_load_weight2_matrix_inner_loop75|  return value|
|p_ZZ11network_topP13params_structP9ap_ufixedILi22ELi5EL9ap_q_mode0EL9ap_o_mode0EL_15551         |  out|   18|      ap_vld|  p_ZZ11network_topP13params_structP9ap_ufixedILi22ELi5EL9ap_q_mode0EL9ap_o_mode0EL_15551|       pointer|
|p_ZZ11network_topP13params_structP9ap_ufixedILi22ELi5EL9ap_q_mode0EL9ap_o_mode0EL_15551_ap_vld  |  out|    1|      ap_vld|  p_ZZ11network_topP13params_structP9ap_ufixedILi22ELi5EL9ap_q_mode0EL9ap_o_mode0EL_15551|       pointer|
|p_ZZ11network_topP13params_structP9ap_ufixedILi22ELi5EL9ap_q_mode0EL9ap_o_mode0EL_15552         |  out|   18|      ap_vld|  p_ZZ11network_topP13params_structP9ap_ufixedILi22ELi5EL9ap_q_mode0EL9ap_o_mode0EL_15552|       pointer|
|p_ZZ11network_topP13params_structP9ap_ufixedILi22ELi5EL9ap_q_mode0EL9ap_o_mode0EL_15552_ap_vld  |  out|    1|      ap_vld|  p_ZZ11network_topP13params_structP9ap_ufixedILi22ELi5EL9ap_q_mode0EL9ap_o_mode0EL_15552|       pointer|
|p_ZZ11network_topP13params_structP9ap_ufixedILi22ELi5EL9ap_q_mode0EL9ap_o_mode0EL_15564         |  out|   18|      ap_vld|  p_ZZ11network_topP13params_structP9ap_ufixedILi22ELi5EL9ap_q_mode0EL9ap_o_mode0EL_15564|       pointer|
|p_ZZ11network_topP13params_structP9ap_ufixedILi22ELi5EL9ap_q_mode0EL9ap_o_mode0EL_15564_ap_vld  |  out|    1|      ap_vld|  p_ZZ11network_topP13params_structP9ap_ufixedILi22ELi5EL9ap_q_mode0EL9ap_o_mode0EL_15564|       pointer|
|p_ZZ11network_topP13params_structP9ap_ufixedILi22ELi5EL9ap_q_mode0EL9ap_o_mode0EL_15576         |  out|   18|      ap_vld|  p_ZZ11network_topP13params_structP9ap_ufixedILi22ELi5EL9ap_q_mode0EL9ap_o_mode0EL_15576|       pointer|
|p_ZZ11network_topP13params_structP9ap_ufixedILi22ELi5EL9ap_q_mode0EL9ap_o_mode0EL_15576_ap_vld  |  out|    1|      ap_vld|  p_ZZ11network_topP13params_structP9ap_ufixedILi22ELi5EL9ap_q_mode0EL9ap_o_mode0EL_15576|       pointer|
|p_ZZ11network_topP13params_structP9ap_ufixedILi22ELi5EL9ap_q_mode0EL9ap_o_mode0EL_15588         |  out|   18|      ap_vld|  p_ZZ11network_topP13params_structP9ap_ufixedILi22ELi5EL9ap_q_mode0EL9ap_o_mode0EL_15588|       pointer|
|p_ZZ11network_topP13params_structP9ap_ufixedILi22ELi5EL9ap_q_mode0EL9ap_o_mode0EL_15588_ap_vld  |  out|    1|      ap_vld|  p_ZZ11network_topP13params_structP9ap_ufixedILi22ELi5EL9ap_q_mode0EL9ap_o_mode0EL_15588|       pointer|
|p_ZZ11network_topP13params_structP9ap_ufixedILi22ELi5EL9ap_q_mode0EL9ap_o_mode0EL_15600         |  out|   18|      ap_vld|  p_ZZ11network_topP13params_structP9ap_ufixedILi22ELi5EL9ap_q_mode0EL9ap_o_mode0EL_15600|       pointer|
|p_ZZ11network_topP13params_structP9ap_ufixedILi22ELi5EL9ap_q_mode0EL9ap_o_mode0EL_15600_ap_vld  |  out|    1|      ap_vld|  p_ZZ11network_topP13params_structP9ap_ufixedILi22ELi5EL9ap_q_mode0EL9ap_o_mode0EL_15600|       pointer|
|p_ZZ11network_topP13params_structP9ap_ufixedILi22ELi5EL9ap_q_mode0EL9ap_o_mode0EL_15612         |  out|   18|      ap_vld|  p_ZZ11network_topP13params_structP9ap_ufixedILi22ELi5EL9ap_q_mode0EL9ap_o_mode0EL_15612|       pointer|
|p_ZZ11network_topP13params_structP9ap_ufixedILi22ELi5EL9ap_q_mode0EL9ap_o_mode0EL_15612_ap_vld  |  out|    1|      ap_vld|  p_ZZ11network_topP13params_structP9ap_ufixedILi22ELi5EL9ap_q_mode0EL9ap_o_mode0EL_15612|       pointer|
|p_ZZ11network_topP13params_structP9ap_ufixedILi22ELi5EL9ap_q_mode0EL9ap_o_mode0EL_15624         |  out|   18|      ap_vld|  p_ZZ11network_topP13params_structP9ap_ufixedILi22ELi5EL9ap_q_mode0EL9ap_o_mode0EL_15624|       pointer|
|p_ZZ11network_topP13params_structP9ap_ufixedILi22ELi5EL9ap_q_mode0EL9ap_o_mode0EL_15624_ap_vld  |  out|    1|      ap_vld|  p_ZZ11network_topP13params_structP9ap_ufixedILi22ELi5EL9ap_q_mode0EL9ap_o_mode0EL_15624|       pointer|
|p_ZZ11network_topP13params_structP9ap_ufixedILi22ELi5EL9ap_q_mode0EL9ap_o_mode0EL_15636         |  out|   18|      ap_vld|  p_ZZ11network_topP13params_structP9ap_ufixedILi22ELi5EL9ap_q_mode0EL9ap_o_mode0EL_15636|       pointer|
|p_ZZ11network_topP13params_structP9ap_ufixedILi22ELi5EL9ap_q_mode0EL9ap_o_mode0EL_15636_ap_vld  |  out|    1|      ap_vld|  p_ZZ11network_topP13params_structP9ap_ufixedILi22ELi5EL9ap_q_mode0EL9ap_o_mode0EL_15636|       pointer|
|p_ZZ11network_topP13params_structP9ap_ufixedILi22ELi5EL9ap_q_mode0EL9ap_o_mode0EL_15637         |  out|   18|      ap_vld|  p_ZZ11network_topP13params_structP9ap_ufixedILi22ELi5EL9ap_q_mode0EL9ap_o_mode0EL_15637|       pointer|
|p_ZZ11network_topP13params_structP9ap_ufixedILi22ELi5EL9ap_q_mode0EL9ap_o_mode0EL_15637_ap_vld  |  out|    1|      ap_vld|  p_ZZ11network_topP13params_structP9ap_ufixedILi22ELi5EL9ap_q_mode0EL9ap_o_mode0EL_15637|       pointer|
|p_ZZ11network_topP13params_structP9ap_ufixedILi22ELi5EL9ap_q_mode0EL9ap_o_mode0EL_15553         |  out|   18|      ap_vld|  p_ZZ11network_topP13params_structP9ap_ufixedILi22ELi5EL9ap_q_mode0EL9ap_o_mode0EL_15553|       pointer|
|p_ZZ11network_topP13params_structP9ap_ufixedILi22ELi5EL9ap_q_mode0EL9ap_o_mode0EL_15553_ap_vld  |  out|    1|      ap_vld|  p_ZZ11network_topP13params_structP9ap_ufixedILi22ELi5EL9ap_q_mode0EL9ap_o_mode0EL_15553|       pointer|
|p_ZZ11network_topP13params_structP9ap_ufixedILi22ELi5EL9ap_q_mode0EL9ap_o_mode0EL_15554         |  out|   18|      ap_vld|  p_ZZ11network_topP13params_structP9ap_ufixedILi22ELi5EL9ap_q_mode0EL9ap_o_mode0EL_15554|       pointer|
|p_ZZ11network_topP13params_structP9ap_ufixedILi22ELi5EL9ap_q_mode0EL9ap_o_mode0EL_15554_ap_vld  |  out|    1|      ap_vld|  p_ZZ11network_topP13params_structP9ap_ufixedILi22ELi5EL9ap_q_mode0EL9ap_o_mode0EL_15554|       pointer|
|p_ZZ11network_topP13params_structP9ap_ufixedILi22ELi5EL9ap_q_mode0EL9ap_o_mode0EL_15555         |  out|   18|      ap_vld|  p_ZZ11network_topP13params_structP9ap_ufixedILi22ELi5EL9ap_q_mode0EL9ap_o_mode0EL_15555|       pointer|
|p_ZZ11network_topP13params_structP9ap_ufixedILi22ELi5EL9ap_q_mode0EL9ap_o_mode0EL_15555_ap_vld  |  out|    1|      ap_vld|  p_ZZ11network_topP13params_structP9ap_ufixedILi22ELi5EL9ap_q_mode0EL9ap_o_mode0EL_15555|       pointer|
|p_ZZ11network_topP13params_structP9ap_ufixedILi22ELi5EL9ap_q_mode0EL9ap_o_mode0EL_15556         |  out|   18|      ap_vld|  p_ZZ11network_topP13params_structP9ap_ufixedILi22ELi5EL9ap_q_mode0EL9ap_o_mode0EL_15556|       pointer|
|p_ZZ11network_topP13params_structP9ap_ufixedILi22ELi5EL9ap_q_mode0EL9ap_o_mode0EL_15556_ap_vld  |  out|    1|      ap_vld|  p_ZZ11network_topP13params_structP9ap_ufixedILi22ELi5EL9ap_q_mode0EL9ap_o_mode0EL_15556|       pointer|
|p_ZZ11network_topP13params_structP9ap_ufixedILi22ELi5EL9ap_q_mode0EL9ap_o_mode0EL_15557         |  out|   18|      ap_vld|  p_ZZ11network_topP13params_structP9ap_ufixedILi22ELi5EL9ap_q_mode0EL9ap_o_mode0EL_15557|       pointer|
|p_ZZ11network_topP13params_structP9ap_ufixedILi22ELi5EL9ap_q_mode0EL9ap_o_mode0EL_15557_ap_vld  |  out|    1|      ap_vld|  p_ZZ11network_topP13params_structP9ap_ufixedILi22ELi5EL9ap_q_mode0EL9ap_o_mode0EL_15557|       pointer|
|p_ZZ11network_topP13params_structP9ap_ufixedILi22ELi5EL9ap_q_mode0EL9ap_o_mode0EL_15558         |  out|   18|      ap_vld|  p_ZZ11network_topP13params_structP9ap_ufixedILi22ELi5EL9ap_q_mode0EL9ap_o_mode0EL_15558|       pointer|
|p_ZZ11network_topP13params_structP9ap_ufixedILi22ELi5EL9ap_q_mode0EL9ap_o_mode0EL_15558_ap_vld  |  out|    1|      ap_vld|  p_ZZ11network_topP13params_structP9ap_ufixedILi22ELi5EL9ap_q_mode0EL9ap_o_mode0EL_15558|       pointer|
|p_ZZ11network_topP13params_structP9ap_ufixedILi22ELi5EL9ap_q_mode0EL9ap_o_mode0EL_15559         |  out|   18|      ap_vld|  p_ZZ11network_topP13params_structP9ap_ufixedILi22ELi5EL9ap_q_mode0EL9ap_o_mode0EL_15559|       pointer|
|p_ZZ11network_topP13params_structP9ap_ufixedILi22ELi5EL9ap_q_mode0EL9ap_o_mode0EL_15559_ap_vld  |  out|    1|      ap_vld|  p_ZZ11network_topP13params_structP9ap_ufixedILi22ELi5EL9ap_q_mode0EL9ap_o_mode0EL_15559|       pointer|
|p_ZZ11network_topP13params_structP9ap_ufixedILi22ELi5EL9ap_q_mode0EL9ap_o_mode0EL_15560         |  out|   18|      ap_vld|  p_ZZ11network_topP13params_structP9ap_ufixedILi22ELi5EL9ap_q_mode0EL9ap_o_mode0EL_15560|       pointer|
|p_ZZ11network_topP13params_structP9ap_ufixedILi22ELi5EL9ap_q_mode0EL9ap_o_mode0EL_15560_ap_vld  |  out|    1|      ap_vld|  p_ZZ11network_topP13params_structP9ap_ufixedILi22ELi5EL9ap_q_mode0EL9ap_o_mode0EL_15560|       pointer|
|p_ZZ11network_topP13params_structP9ap_ufixedILi22ELi5EL9ap_q_mode0EL9ap_o_mode0EL_15562         |  out|   18|      ap_vld|  p_ZZ11network_topP13params_structP9ap_ufixedILi22ELi5EL9ap_q_mode0EL9ap_o_mode0EL_15562|       pointer|
|p_ZZ11network_topP13params_structP9ap_ufixedILi22ELi5EL9ap_q_mode0EL9ap_o_mode0EL_15562_ap_vld  |  out|    1|      ap_vld|  p_ZZ11network_topP13params_structP9ap_ufixedILi22ELi5EL9ap_q_mode0EL9ap_o_mode0EL_15562|       pointer|
|p_ZZ11network_topP13params_structP9ap_ufixedILi22ELi5EL9ap_q_mode0EL9ap_o_mode0EL_15563         |  out|   18|      ap_vld|  p_ZZ11network_topP13params_structP9ap_ufixedILi22ELi5EL9ap_q_mode0EL9ap_o_mode0EL_15563|       pointer|
|p_ZZ11network_topP13params_structP9ap_ufixedILi22ELi5EL9ap_q_mode0EL9ap_o_mode0EL_15563_ap_vld  |  out|    1|      ap_vld|  p_ZZ11network_topP13params_structP9ap_ufixedILi22ELi5EL9ap_q_mode0EL9ap_o_mode0EL_15563|       pointer|
|p_ZZ11network_topP13params_structP9ap_ufixedILi22ELi5EL9ap_q_mode0EL9ap_o_mode0EL_15565         |  out|   18|      ap_vld|  p_ZZ11network_topP13params_structP9ap_ufixedILi22ELi5EL9ap_q_mode0EL9ap_o_mode0EL_15565|       pointer|
|p_ZZ11network_topP13params_structP9ap_ufixedILi22ELi5EL9ap_q_mode0EL9ap_o_mode0EL_15565_ap_vld  |  out|    1|      ap_vld|  p_ZZ11network_topP13params_structP9ap_ufixedILi22ELi5EL9ap_q_mode0EL9ap_o_mode0EL_15565|       pointer|
|p_ZZ11network_topP13params_structP9ap_ufixedILi22ELi5EL9ap_q_mode0EL9ap_o_mode0EL_15566         |  out|   18|      ap_vld|  p_ZZ11network_topP13params_structP9ap_ufixedILi22ELi5EL9ap_q_mode0EL9ap_o_mode0EL_15566|       pointer|
|p_ZZ11network_topP13params_structP9ap_ufixedILi22ELi5EL9ap_q_mode0EL9ap_o_mode0EL_15566_ap_vld  |  out|    1|      ap_vld|  p_ZZ11network_topP13params_structP9ap_ufixedILi22ELi5EL9ap_q_mode0EL9ap_o_mode0EL_15566|       pointer|
|p_ZZ11network_topP13params_structP9ap_ufixedILi22ELi5EL9ap_q_mode0EL9ap_o_mode0EL_15567         |  out|   18|      ap_vld|  p_ZZ11network_topP13params_structP9ap_ufixedILi22ELi5EL9ap_q_mode0EL9ap_o_mode0EL_15567|       pointer|
|p_ZZ11network_topP13params_structP9ap_ufixedILi22ELi5EL9ap_q_mode0EL9ap_o_mode0EL_15567_ap_vld  |  out|    1|      ap_vld|  p_ZZ11network_topP13params_structP9ap_ufixedILi22ELi5EL9ap_q_mode0EL9ap_o_mode0EL_15567|       pointer|
|p_ZZ11network_topP13params_structP9ap_ufixedILi22ELi5EL9ap_q_mode0EL9ap_o_mode0EL_15568         |  out|   18|      ap_vld|  p_ZZ11network_topP13params_structP9ap_ufixedILi22ELi5EL9ap_q_mode0EL9ap_o_mode0EL_15568|       pointer|
|p_ZZ11network_topP13params_structP9ap_ufixedILi22ELi5EL9ap_q_mode0EL9ap_o_mode0EL_15568_ap_vld  |  out|    1|      ap_vld|  p_ZZ11network_topP13params_structP9ap_ufixedILi22ELi5EL9ap_q_mode0EL9ap_o_mode0EL_15568|       pointer|
|p_ZZ11network_topP13params_structP9ap_ufixedILi22ELi5EL9ap_q_mode0EL9ap_o_mode0EL_15569         |  out|   18|      ap_vld|  p_ZZ11network_topP13params_structP9ap_ufixedILi22ELi5EL9ap_q_mode0EL9ap_o_mode0EL_15569|       pointer|
|p_ZZ11network_topP13params_structP9ap_ufixedILi22ELi5EL9ap_q_mode0EL9ap_o_mode0EL_15569_ap_vld  |  out|    1|      ap_vld|  p_ZZ11network_topP13params_structP9ap_ufixedILi22ELi5EL9ap_q_mode0EL9ap_o_mode0EL_15569|       pointer|
|p_ZZ11network_topP13params_structP9ap_ufixedILi22ELi5EL9ap_q_mode0EL9ap_o_mode0EL_15570         |  out|   18|      ap_vld|  p_ZZ11network_topP13params_structP9ap_ufixedILi22ELi5EL9ap_q_mode0EL9ap_o_mode0EL_15570|       pointer|
|p_ZZ11network_topP13params_structP9ap_ufixedILi22ELi5EL9ap_q_mode0EL9ap_o_mode0EL_15570_ap_vld  |  out|    1|      ap_vld|  p_ZZ11network_topP13params_structP9ap_ufixedILi22ELi5EL9ap_q_mode0EL9ap_o_mode0EL_15570|       pointer|
|p_ZZ11network_topP13params_structP9ap_ufixedILi22ELi5EL9ap_q_mode0EL9ap_o_mode0EL_15571         |  out|   18|      ap_vld|  p_ZZ11network_topP13params_structP9ap_ufixedILi22ELi5EL9ap_q_mode0EL9ap_o_mode0EL_15571|       pointer|
|p_ZZ11network_topP13params_structP9ap_ufixedILi22ELi5EL9ap_q_mode0EL9ap_o_mode0EL_15571_ap_vld  |  out|    1|      ap_vld|  p_ZZ11network_topP13params_structP9ap_ufixedILi22ELi5EL9ap_q_mode0EL9ap_o_mode0EL_15571|       pointer|
|p_ZZ11network_topP13params_structP9ap_ufixedILi22ELi5EL9ap_q_mode0EL9ap_o_mode0EL_15573         |  out|   18|      ap_vld|  p_ZZ11network_topP13params_structP9ap_ufixedILi22ELi5EL9ap_q_mode0EL9ap_o_mode0EL_15573|       pointer|
|p_ZZ11network_topP13params_structP9ap_ufixedILi22ELi5EL9ap_q_mode0EL9ap_o_mode0EL_15573_ap_vld  |  out|    1|      ap_vld|  p_ZZ11network_topP13params_structP9ap_ufixedILi22ELi5EL9ap_q_mode0EL9ap_o_mode0EL_15573|       pointer|
|p_ZZ11network_topP13params_structP9ap_ufixedILi22ELi5EL9ap_q_mode0EL9ap_o_mode0EL_15574         |  out|   18|      ap_vld|  p_ZZ11network_topP13params_structP9ap_ufixedILi22ELi5EL9ap_q_mode0EL9ap_o_mode0EL_15574|       pointer|
|p_ZZ11network_topP13params_structP9ap_ufixedILi22ELi5EL9ap_q_mode0EL9ap_o_mode0EL_15574_ap_vld  |  out|    1|      ap_vld|  p_ZZ11network_topP13params_structP9ap_ufixedILi22ELi5EL9ap_q_mode0EL9ap_o_mode0EL_15574|       pointer|
|p_ZZ11network_topP13params_structP9ap_ufixedILi22ELi5EL9ap_q_mode0EL9ap_o_mode0EL_15575         |  out|   18|      ap_vld|  p_ZZ11network_topP13params_structP9ap_ufixedILi22ELi5EL9ap_q_mode0EL9ap_o_mode0EL_15575|       pointer|
|p_ZZ11network_topP13params_structP9ap_ufixedILi22ELi5EL9ap_q_mode0EL9ap_o_mode0EL_15575_ap_vld  |  out|    1|      ap_vld|  p_ZZ11network_topP13params_structP9ap_ufixedILi22ELi5EL9ap_q_mode0EL9ap_o_mode0EL_15575|       pointer|
|p_ZZ11network_topP13params_structP9ap_ufixedILi22ELi5EL9ap_q_mode0EL9ap_o_mode0EL_15577         |  out|   18|      ap_vld|  p_ZZ11network_topP13params_structP9ap_ufixedILi22ELi5EL9ap_q_mode0EL9ap_o_mode0EL_15577|       pointer|
|p_ZZ11network_topP13params_structP9ap_ufixedILi22ELi5EL9ap_q_mode0EL9ap_o_mode0EL_15577_ap_vld  |  out|    1|      ap_vld|  p_ZZ11network_topP13params_structP9ap_ufixedILi22ELi5EL9ap_q_mode0EL9ap_o_mode0EL_15577|       pointer|
|p_ZZ11network_topP13params_structP9ap_ufixedILi22ELi5EL9ap_q_mode0EL9ap_o_mode0EL_15578         |  out|   18|      ap_vld|  p_ZZ11network_topP13params_structP9ap_ufixedILi22ELi5EL9ap_q_mode0EL9ap_o_mode0EL_15578|       pointer|
|p_ZZ11network_topP13params_structP9ap_ufixedILi22ELi5EL9ap_q_mode0EL9ap_o_mode0EL_15578_ap_vld  |  out|    1|      ap_vld|  p_ZZ11network_topP13params_structP9ap_ufixedILi22ELi5EL9ap_q_mode0EL9ap_o_mode0EL_15578|       pointer|
|p_ZZ11network_topP13params_structP9ap_ufixedILi22ELi5EL9ap_q_mode0EL9ap_o_mode0EL_15579         |  out|   18|      ap_vld|  p_ZZ11network_topP13params_structP9ap_ufixedILi22ELi5EL9ap_q_mode0EL9ap_o_mode0EL_15579|       pointer|
|p_ZZ11network_topP13params_structP9ap_ufixedILi22ELi5EL9ap_q_mode0EL9ap_o_mode0EL_15579_ap_vld  |  out|    1|      ap_vld|  p_ZZ11network_topP13params_structP9ap_ufixedILi22ELi5EL9ap_q_mode0EL9ap_o_mode0EL_15579|       pointer|
|p_ZZ11network_topP13params_structP9ap_ufixedILi22ELi5EL9ap_q_mode0EL9ap_o_mode0EL_15580         |  out|   18|      ap_vld|  p_ZZ11network_topP13params_structP9ap_ufixedILi22ELi5EL9ap_q_mode0EL9ap_o_mode0EL_15580|       pointer|
|p_ZZ11network_topP13params_structP9ap_ufixedILi22ELi5EL9ap_q_mode0EL9ap_o_mode0EL_15580_ap_vld  |  out|    1|      ap_vld|  p_ZZ11network_topP13params_structP9ap_ufixedILi22ELi5EL9ap_q_mode0EL9ap_o_mode0EL_15580|       pointer|
|p_ZZ11network_topP13params_structP9ap_ufixedILi22ELi5EL9ap_q_mode0EL9ap_o_mode0EL_15581         |  out|   18|      ap_vld|  p_ZZ11network_topP13params_structP9ap_ufixedILi22ELi5EL9ap_q_mode0EL9ap_o_mode0EL_15581|       pointer|
|p_ZZ11network_topP13params_structP9ap_ufixedILi22ELi5EL9ap_q_mode0EL9ap_o_mode0EL_15581_ap_vld  |  out|    1|      ap_vld|  p_ZZ11network_topP13params_structP9ap_ufixedILi22ELi5EL9ap_q_mode0EL9ap_o_mode0EL_15581|       pointer|
|p_ZZ11network_topP13params_structP9ap_ufixedILi22ELi5EL9ap_q_mode0EL9ap_o_mode0EL_15582         |  out|   18|      ap_vld|  p_ZZ11network_topP13params_structP9ap_ufixedILi22ELi5EL9ap_q_mode0EL9ap_o_mode0EL_15582|       pointer|
|p_ZZ11network_topP13params_structP9ap_ufixedILi22ELi5EL9ap_q_mode0EL9ap_o_mode0EL_15582_ap_vld  |  out|    1|      ap_vld|  p_ZZ11network_topP13params_structP9ap_ufixedILi22ELi5EL9ap_q_mode0EL9ap_o_mode0EL_15582|       pointer|
|p_ZZ11network_topP13params_structP9ap_ufixedILi22ELi5EL9ap_q_mode0EL9ap_o_mode0EL_15584         |  out|   18|      ap_vld|  p_ZZ11network_topP13params_structP9ap_ufixedILi22ELi5EL9ap_q_mode0EL9ap_o_mode0EL_15584|       pointer|
|p_ZZ11network_topP13params_structP9ap_ufixedILi22ELi5EL9ap_q_mode0EL9ap_o_mode0EL_15584_ap_vld  |  out|    1|      ap_vld|  p_ZZ11network_topP13params_structP9ap_ufixedILi22ELi5EL9ap_q_mode0EL9ap_o_mode0EL_15584|       pointer|
|p_ZZ11network_topP13params_structP9ap_ufixedILi22ELi5EL9ap_q_mode0EL9ap_o_mode0EL_15585         |  out|   18|      ap_vld|  p_ZZ11network_topP13params_structP9ap_ufixedILi22ELi5EL9ap_q_mode0EL9ap_o_mode0EL_15585|       pointer|
|p_ZZ11network_topP13params_structP9ap_ufixedILi22ELi5EL9ap_q_mode0EL9ap_o_mode0EL_15585_ap_vld  |  out|    1|      ap_vld|  p_ZZ11network_topP13params_structP9ap_ufixedILi22ELi5EL9ap_q_mode0EL9ap_o_mode0EL_15585|       pointer|
|p_ZZ11network_topP13params_structP9ap_ufixedILi22ELi5EL9ap_q_mode0EL9ap_o_mode0EL_15586         |  out|   18|      ap_vld|  p_ZZ11network_topP13params_structP9ap_ufixedILi22ELi5EL9ap_q_mode0EL9ap_o_mode0EL_15586|       pointer|
|p_ZZ11network_topP13params_structP9ap_ufixedILi22ELi5EL9ap_q_mode0EL9ap_o_mode0EL_15586_ap_vld  |  out|    1|      ap_vld|  p_ZZ11network_topP13params_structP9ap_ufixedILi22ELi5EL9ap_q_mode0EL9ap_o_mode0EL_15586|       pointer|
|p_ZZ11network_topP13params_structP9ap_ufixedILi22ELi5EL9ap_q_mode0EL9ap_o_mode0EL_15587         |  out|   18|      ap_vld|  p_ZZ11network_topP13params_structP9ap_ufixedILi22ELi5EL9ap_q_mode0EL9ap_o_mode0EL_15587|       pointer|
|p_ZZ11network_topP13params_structP9ap_ufixedILi22ELi5EL9ap_q_mode0EL9ap_o_mode0EL_15587_ap_vld  |  out|    1|      ap_vld|  p_ZZ11network_topP13params_structP9ap_ufixedILi22ELi5EL9ap_q_mode0EL9ap_o_mode0EL_15587|       pointer|
|p_ZZ11network_topP13params_structP9ap_ufixedILi22ELi5EL9ap_q_mode0EL9ap_o_mode0EL_15589         |  out|   18|      ap_vld|  p_ZZ11network_topP13params_structP9ap_ufixedILi22ELi5EL9ap_q_mode0EL9ap_o_mode0EL_15589|       pointer|
|p_ZZ11network_topP13params_structP9ap_ufixedILi22ELi5EL9ap_q_mode0EL9ap_o_mode0EL_15589_ap_vld  |  out|    1|      ap_vld|  p_ZZ11network_topP13params_structP9ap_ufixedILi22ELi5EL9ap_q_mode0EL9ap_o_mode0EL_15589|       pointer|
|p_ZZ11network_topP13params_structP9ap_ufixedILi22ELi5EL9ap_q_mode0EL9ap_o_mode0EL_15590         |  out|   18|      ap_vld|  p_ZZ11network_topP13params_structP9ap_ufixedILi22ELi5EL9ap_q_mode0EL9ap_o_mode0EL_15590|       pointer|
|p_ZZ11network_topP13params_structP9ap_ufixedILi22ELi5EL9ap_q_mode0EL9ap_o_mode0EL_15590_ap_vld  |  out|    1|      ap_vld|  p_ZZ11network_topP13params_structP9ap_ufixedILi22ELi5EL9ap_q_mode0EL9ap_o_mode0EL_15590|       pointer|
|p_ZZ11network_topP13params_structP9ap_ufixedILi22ELi5EL9ap_q_mode0EL9ap_o_mode0EL_15591         |  out|   18|      ap_vld|  p_ZZ11network_topP13params_structP9ap_ufixedILi22ELi5EL9ap_q_mode0EL9ap_o_mode0EL_15591|       pointer|
|p_ZZ11network_topP13params_structP9ap_ufixedILi22ELi5EL9ap_q_mode0EL9ap_o_mode0EL_15591_ap_vld  |  out|    1|      ap_vld|  p_ZZ11network_topP13params_structP9ap_ufixedILi22ELi5EL9ap_q_mode0EL9ap_o_mode0EL_15591|       pointer|
|p_ZZ11network_topP13params_structP9ap_ufixedILi22ELi5EL9ap_q_mode0EL9ap_o_mode0EL_15592         |  out|   18|      ap_vld|  p_ZZ11network_topP13params_structP9ap_ufixedILi22ELi5EL9ap_q_mode0EL9ap_o_mode0EL_15592|       pointer|
|p_ZZ11network_topP13params_structP9ap_ufixedILi22ELi5EL9ap_q_mode0EL9ap_o_mode0EL_15592_ap_vld  |  out|    1|      ap_vld|  p_ZZ11network_topP13params_structP9ap_ufixedILi22ELi5EL9ap_q_mode0EL9ap_o_mode0EL_15592|       pointer|
|p_ZZ11network_topP13params_structP9ap_ufixedILi22ELi5EL9ap_q_mode0EL9ap_o_mode0EL_15593         |  out|   18|      ap_vld|  p_ZZ11network_topP13params_structP9ap_ufixedILi22ELi5EL9ap_q_mode0EL9ap_o_mode0EL_15593|       pointer|
|p_ZZ11network_topP13params_structP9ap_ufixedILi22ELi5EL9ap_q_mode0EL9ap_o_mode0EL_15593_ap_vld  |  out|    1|      ap_vld|  p_ZZ11network_topP13params_structP9ap_ufixedILi22ELi5EL9ap_q_mode0EL9ap_o_mode0EL_15593|       pointer|
|p_ZZ11network_topP13params_structP9ap_ufixedILi22ELi5EL9ap_q_mode0EL9ap_o_mode0EL_15595         |  out|   18|      ap_vld|  p_ZZ11network_topP13params_structP9ap_ufixedILi22ELi5EL9ap_q_mode0EL9ap_o_mode0EL_15595|       pointer|
|p_ZZ11network_topP13params_structP9ap_ufixedILi22ELi5EL9ap_q_mode0EL9ap_o_mode0EL_15595_ap_vld  |  out|    1|      ap_vld|  p_ZZ11network_topP13params_structP9ap_ufixedILi22ELi5EL9ap_q_mode0EL9ap_o_mode0EL_15595|       pointer|
|p_ZZ11network_topP13params_structP9ap_ufixedILi22ELi5EL9ap_q_mode0EL9ap_o_mode0EL_15596         |  out|   18|      ap_vld|  p_ZZ11network_topP13params_structP9ap_ufixedILi22ELi5EL9ap_q_mode0EL9ap_o_mode0EL_15596|       pointer|
|p_ZZ11network_topP13params_structP9ap_ufixedILi22ELi5EL9ap_q_mode0EL9ap_o_mode0EL_15596_ap_vld  |  out|    1|      ap_vld|  p_ZZ11network_topP13params_structP9ap_ufixedILi22ELi5EL9ap_q_mode0EL9ap_o_mode0EL_15596|       pointer|
|p_ZZ11network_topP13params_structP9ap_ufixedILi22ELi5EL9ap_q_mode0EL9ap_o_mode0EL_15597         |  out|   18|      ap_vld|  p_ZZ11network_topP13params_structP9ap_ufixedILi22ELi5EL9ap_q_mode0EL9ap_o_mode0EL_15597|       pointer|
|p_ZZ11network_topP13params_structP9ap_ufixedILi22ELi5EL9ap_q_mode0EL9ap_o_mode0EL_15597_ap_vld  |  out|    1|      ap_vld|  p_ZZ11network_topP13params_structP9ap_ufixedILi22ELi5EL9ap_q_mode0EL9ap_o_mode0EL_15597|       pointer|
|p_ZZ11network_topP13params_structP9ap_ufixedILi22ELi5EL9ap_q_mode0EL9ap_o_mode0EL_15598         |  out|   18|      ap_vld|  p_ZZ11network_topP13params_structP9ap_ufixedILi22ELi5EL9ap_q_mode0EL9ap_o_mode0EL_15598|       pointer|
|p_ZZ11network_topP13params_structP9ap_ufixedILi22ELi5EL9ap_q_mode0EL9ap_o_mode0EL_15598_ap_vld  |  out|    1|      ap_vld|  p_ZZ11network_topP13params_structP9ap_ufixedILi22ELi5EL9ap_q_mode0EL9ap_o_mode0EL_15598|       pointer|
|p_ZZ11network_topP13params_structP9ap_ufixedILi22ELi5EL9ap_q_mode0EL9ap_o_mode0EL_15599         |  out|   18|      ap_vld|  p_ZZ11network_topP13params_structP9ap_ufixedILi22ELi5EL9ap_q_mode0EL9ap_o_mode0EL_15599|       pointer|
|p_ZZ11network_topP13params_structP9ap_ufixedILi22ELi5EL9ap_q_mode0EL9ap_o_mode0EL_15599_ap_vld  |  out|    1|      ap_vld|  p_ZZ11network_topP13params_structP9ap_ufixedILi22ELi5EL9ap_q_mode0EL9ap_o_mode0EL_15599|       pointer|
|p_ZZ11network_topP13params_structP9ap_ufixedILi22ELi5EL9ap_q_mode0EL9ap_o_mode0EL_15601         |  out|   18|      ap_vld|  p_ZZ11network_topP13params_structP9ap_ufixedILi22ELi5EL9ap_q_mode0EL9ap_o_mode0EL_15601|       pointer|
|p_ZZ11network_topP13params_structP9ap_ufixedILi22ELi5EL9ap_q_mode0EL9ap_o_mode0EL_15601_ap_vld  |  out|    1|      ap_vld|  p_ZZ11network_topP13params_structP9ap_ufixedILi22ELi5EL9ap_q_mode0EL9ap_o_mode0EL_15601|       pointer|
|p_ZZ11network_topP13params_structP9ap_ufixedILi22ELi5EL9ap_q_mode0EL9ap_o_mode0EL_15602         |  out|   18|      ap_vld|  p_ZZ11network_topP13params_structP9ap_ufixedILi22ELi5EL9ap_q_mode0EL9ap_o_mode0EL_15602|       pointer|
|p_ZZ11network_topP13params_structP9ap_ufixedILi22ELi5EL9ap_q_mode0EL9ap_o_mode0EL_15602_ap_vld  |  out|    1|      ap_vld|  p_ZZ11network_topP13params_structP9ap_ufixedILi22ELi5EL9ap_q_mode0EL9ap_o_mode0EL_15602|       pointer|
|p_ZZ11network_topP13params_structP9ap_ufixedILi22ELi5EL9ap_q_mode0EL9ap_o_mode0EL_15603         |  out|   18|      ap_vld|  p_ZZ11network_topP13params_structP9ap_ufixedILi22ELi5EL9ap_q_mode0EL9ap_o_mode0EL_15603|       pointer|
|p_ZZ11network_topP13params_structP9ap_ufixedILi22ELi5EL9ap_q_mode0EL9ap_o_mode0EL_15603_ap_vld  |  out|    1|      ap_vld|  p_ZZ11network_topP13params_structP9ap_ufixedILi22ELi5EL9ap_q_mode0EL9ap_o_mode0EL_15603|       pointer|
|p_ZZ11network_topP13params_structP9ap_ufixedILi22ELi5EL9ap_q_mode0EL9ap_o_mode0EL_15604         |  out|   18|      ap_vld|  p_ZZ11network_topP13params_structP9ap_ufixedILi22ELi5EL9ap_q_mode0EL9ap_o_mode0EL_15604|       pointer|
|p_ZZ11network_topP13params_structP9ap_ufixedILi22ELi5EL9ap_q_mode0EL9ap_o_mode0EL_15604_ap_vld  |  out|    1|      ap_vld|  p_ZZ11network_topP13params_structP9ap_ufixedILi22ELi5EL9ap_q_mode0EL9ap_o_mode0EL_15604|       pointer|
|p_ZZ11network_topP13params_structP9ap_ufixedILi22ELi5EL9ap_q_mode0EL9ap_o_mode0EL_15606         |  out|   18|      ap_vld|  p_ZZ11network_topP13params_structP9ap_ufixedILi22ELi5EL9ap_q_mode0EL9ap_o_mode0EL_15606|       pointer|
|p_ZZ11network_topP13params_structP9ap_ufixedILi22ELi5EL9ap_q_mode0EL9ap_o_mode0EL_15606_ap_vld  |  out|    1|      ap_vld|  p_ZZ11network_topP13params_structP9ap_ufixedILi22ELi5EL9ap_q_mode0EL9ap_o_mode0EL_15606|       pointer|
|p_ZZ11network_topP13params_structP9ap_ufixedILi22ELi5EL9ap_q_mode0EL9ap_o_mode0EL_15607         |  out|   18|      ap_vld|  p_ZZ11network_topP13params_structP9ap_ufixedILi22ELi5EL9ap_q_mode0EL9ap_o_mode0EL_15607|       pointer|
|p_ZZ11network_topP13params_structP9ap_ufixedILi22ELi5EL9ap_q_mode0EL9ap_o_mode0EL_15607_ap_vld  |  out|    1|      ap_vld|  p_ZZ11network_topP13params_structP9ap_ufixedILi22ELi5EL9ap_q_mode0EL9ap_o_mode0EL_15607|       pointer|
|p_ZZ11network_topP13params_structP9ap_ufixedILi22ELi5EL9ap_q_mode0EL9ap_o_mode0EL_15608         |  out|   18|      ap_vld|  p_ZZ11network_topP13params_structP9ap_ufixedILi22ELi5EL9ap_q_mode0EL9ap_o_mode0EL_15608|       pointer|
|p_ZZ11network_topP13params_structP9ap_ufixedILi22ELi5EL9ap_q_mode0EL9ap_o_mode0EL_15608_ap_vld  |  out|    1|      ap_vld|  p_ZZ11network_topP13params_structP9ap_ufixedILi22ELi5EL9ap_q_mode0EL9ap_o_mode0EL_15608|       pointer|
|p_ZZ11network_topP13params_structP9ap_ufixedILi22ELi5EL9ap_q_mode0EL9ap_o_mode0EL_15609         |  out|   18|      ap_vld|  p_ZZ11network_topP13params_structP9ap_ufixedILi22ELi5EL9ap_q_mode0EL9ap_o_mode0EL_15609|       pointer|
|p_ZZ11network_topP13params_structP9ap_ufixedILi22ELi5EL9ap_q_mode0EL9ap_o_mode0EL_15609_ap_vld  |  out|    1|      ap_vld|  p_ZZ11network_topP13params_structP9ap_ufixedILi22ELi5EL9ap_q_mode0EL9ap_o_mode0EL_15609|       pointer|
|p_ZZ11network_topP13params_structP9ap_ufixedILi22ELi5EL9ap_q_mode0EL9ap_o_mode0EL_15610         |  out|   18|      ap_vld|  p_ZZ11network_topP13params_structP9ap_ufixedILi22ELi5EL9ap_q_mode0EL9ap_o_mode0EL_15610|       pointer|
|p_ZZ11network_topP13params_structP9ap_ufixedILi22ELi5EL9ap_q_mode0EL9ap_o_mode0EL_15610_ap_vld  |  out|    1|      ap_vld|  p_ZZ11network_topP13params_structP9ap_ufixedILi22ELi5EL9ap_q_mode0EL9ap_o_mode0EL_15610|       pointer|
|p_ZZ11network_topP13params_structP9ap_ufixedILi22ELi5EL9ap_q_mode0EL9ap_o_mode0EL_15611         |  out|   18|      ap_vld|  p_ZZ11network_topP13params_structP9ap_ufixedILi22ELi5EL9ap_q_mode0EL9ap_o_mode0EL_15611|       pointer|
|p_ZZ11network_topP13params_structP9ap_ufixedILi22ELi5EL9ap_q_mode0EL9ap_o_mode0EL_15611_ap_vld  |  out|    1|      ap_vld|  p_ZZ11network_topP13params_structP9ap_ufixedILi22ELi5EL9ap_q_mode0EL9ap_o_mode0EL_15611|       pointer|
|p_ZZ11network_topP13params_structP9ap_ufixedILi22ELi5EL9ap_q_mode0EL9ap_o_mode0EL_15613         |  out|   18|      ap_vld|  p_ZZ11network_topP13params_structP9ap_ufixedILi22ELi5EL9ap_q_mode0EL9ap_o_mode0EL_15613|       pointer|
|p_ZZ11network_topP13params_structP9ap_ufixedILi22ELi5EL9ap_q_mode0EL9ap_o_mode0EL_15613_ap_vld  |  out|    1|      ap_vld|  p_ZZ11network_topP13params_structP9ap_ufixedILi22ELi5EL9ap_q_mode0EL9ap_o_mode0EL_15613|       pointer|
|p_ZZ11network_topP13params_structP9ap_ufixedILi22ELi5EL9ap_q_mode0EL9ap_o_mode0EL_15614         |  out|   18|      ap_vld|  p_ZZ11network_topP13params_structP9ap_ufixedILi22ELi5EL9ap_q_mode0EL9ap_o_mode0EL_15614|       pointer|
|p_ZZ11network_topP13params_structP9ap_ufixedILi22ELi5EL9ap_q_mode0EL9ap_o_mode0EL_15614_ap_vld  |  out|    1|      ap_vld|  p_ZZ11network_topP13params_structP9ap_ufixedILi22ELi5EL9ap_q_mode0EL9ap_o_mode0EL_15614|       pointer|
|p_ZZ11network_topP13params_structP9ap_ufixedILi22ELi5EL9ap_q_mode0EL9ap_o_mode0EL_15615         |  out|   18|      ap_vld|  p_ZZ11network_topP13params_structP9ap_ufixedILi22ELi5EL9ap_q_mode0EL9ap_o_mode0EL_15615|       pointer|
|p_ZZ11network_topP13params_structP9ap_ufixedILi22ELi5EL9ap_q_mode0EL9ap_o_mode0EL_15615_ap_vld  |  out|    1|      ap_vld|  p_ZZ11network_topP13params_structP9ap_ufixedILi22ELi5EL9ap_q_mode0EL9ap_o_mode0EL_15615|       pointer|
|p_ZZ11network_topP13params_structP9ap_ufixedILi22ELi5EL9ap_q_mode0EL9ap_o_mode0EL_15617         |  out|   18|      ap_vld|  p_ZZ11network_topP13params_structP9ap_ufixedILi22ELi5EL9ap_q_mode0EL9ap_o_mode0EL_15617|       pointer|
|p_ZZ11network_topP13params_structP9ap_ufixedILi22ELi5EL9ap_q_mode0EL9ap_o_mode0EL_15617_ap_vld  |  out|    1|      ap_vld|  p_ZZ11network_topP13params_structP9ap_ufixedILi22ELi5EL9ap_q_mode0EL9ap_o_mode0EL_15617|       pointer|
|p_ZZ11network_topP13params_structP9ap_ufixedILi22ELi5EL9ap_q_mode0EL9ap_o_mode0EL_15618         |  out|   18|      ap_vld|  p_ZZ11network_topP13params_structP9ap_ufixedILi22ELi5EL9ap_q_mode0EL9ap_o_mode0EL_15618|       pointer|
|p_ZZ11network_topP13params_structP9ap_ufixedILi22ELi5EL9ap_q_mode0EL9ap_o_mode0EL_15618_ap_vld  |  out|    1|      ap_vld|  p_ZZ11network_topP13params_structP9ap_ufixedILi22ELi5EL9ap_q_mode0EL9ap_o_mode0EL_15618|       pointer|
|p_ZZ11network_topP13params_structP9ap_ufixedILi22ELi5EL9ap_q_mode0EL9ap_o_mode0EL_15619         |  out|   18|      ap_vld|  p_ZZ11network_topP13params_structP9ap_ufixedILi22ELi5EL9ap_q_mode0EL9ap_o_mode0EL_15619|       pointer|
|p_ZZ11network_topP13params_structP9ap_ufixedILi22ELi5EL9ap_q_mode0EL9ap_o_mode0EL_15619_ap_vld  |  out|    1|      ap_vld|  p_ZZ11network_topP13params_structP9ap_ufixedILi22ELi5EL9ap_q_mode0EL9ap_o_mode0EL_15619|       pointer|
|p_ZZ11network_topP13params_structP9ap_ufixedILi22ELi5EL9ap_q_mode0EL9ap_o_mode0EL_15620         |  out|   18|      ap_vld|  p_ZZ11network_topP13params_structP9ap_ufixedILi22ELi5EL9ap_q_mode0EL9ap_o_mode0EL_15620|       pointer|
|p_ZZ11network_topP13params_structP9ap_ufixedILi22ELi5EL9ap_q_mode0EL9ap_o_mode0EL_15620_ap_vld  |  out|    1|      ap_vld|  p_ZZ11network_topP13params_structP9ap_ufixedILi22ELi5EL9ap_q_mode0EL9ap_o_mode0EL_15620|       pointer|
|p_ZZ11network_topP13params_structP9ap_ufixedILi22ELi5EL9ap_q_mode0EL9ap_o_mode0EL_15621         |  out|   18|      ap_vld|  p_ZZ11network_topP13params_structP9ap_ufixedILi22ELi5EL9ap_q_mode0EL9ap_o_mode0EL_15621|       pointer|
|p_ZZ11network_topP13params_structP9ap_ufixedILi22ELi5EL9ap_q_mode0EL9ap_o_mode0EL_15621_ap_vld  |  out|    1|      ap_vld|  p_ZZ11network_topP13params_structP9ap_ufixedILi22ELi5EL9ap_q_mode0EL9ap_o_mode0EL_15621|       pointer|
|p_ZZ11network_topP13params_structP9ap_ufixedILi22ELi5EL9ap_q_mode0EL9ap_o_mode0EL_15622         |  out|   18|      ap_vld|  p_ZZ11network_topP13params_structP9ap_ufixedILi22ELi5EL9ap_q_mode0EL9ap_o_mode0EL_15622|       pointer|
|p_ZZ11network_topP13params_structP9ap_ufixedILi22ELi5EL9ap_q_mode0EL9ap_o_mode0EL_15622_ap_vld  |  out|    1|      ap_vld|  p_ZZ11network_topP13params_structP9ap_ufixedILi22ELi5EL9ap_q_mode0EL9ap_o_mode0EL_15622|       pointer|
|p_ZZ11network_topP13params_structP9ap_ufixedILi22ELi5EL9ap_q_mode0EL9ap_o_mode0EL_15623         |  out|   18|      ap_vld|  p_ZZ11network_topP13params_structP9ap_ufixedILi22ELi5EL9ap_q_mode0EL9ap_o_mode0EL_15623|       pointer|
|p_ZZ11network_topP13params_structP9ap_ufixedILi22ELi5EL9ap_q_mode0EL9ap_o_mode0EL_15623_ap_vld  |  out|    1|      ap_vld|  p_ZZ11network_topP13params_structP9ap_ufixedILi22ELi5EL9ap_q_mode0EL9ap_o_mode0EL_15623|       pointer|
|p_ZZ11network_topP13params_structP9ap_ufixedILi22ELi5EL9ap_q_mode0EL9ap_o_mode0EL_15625         |  out|   18|      ap_vld|  p_ZZ11network_topP13params_structP9ap_ufixedILi22ELi5EL9ap_q_mode0EL9ap_o_mode0EL_15625|       pointer|
|p_ZZ11network_topP13params_structP9ap_ufixedILi22ELi5EL9ap_q_mode0EL9ap_o_mode0EL_15625_ap_vld  |  out|    1|      ap_vld|  p_ZZ11network_topP13params_structP9ap_ufixedILi22ELi5EL9ap_q_mode0EL9ap_o_mode0EL_15625|       pointer|
|p_ZZ11network_topP13params_structP9ap_ufixedILi22ELi5EL9ap_q_mode0EL9ap_o_mode0EL_15626         |  out|   18|      ap_vld|  p_ZZ11network_topP13params_structP9ap_ufixedILi22ELi5EL9ap_q_mode0EL9ap_o_mode0EL_15626|       pointer|
|p_ZZ11network_topP13params_structP9ap_ufixedILi22ELi5EL9ap_q_mode0EL9ap_o_mode0EL_15626_ap_vld  |  out|    1|      ap_vld|  p_ZZ11network_topP13params_structP9ap_ufixedILi22ELi5EL9ap_q_mode0EL9ap_o_mode0EL_15626|       pointer|
|p_ZZ11network_topP13params_structP9ap_ufixedILi22ELi5EL9ap_q_mode0EL9ap_o_mode0EL_15628         |  out|   18|      ap_vld|  p_ZZ11network_topP13params_structP9ap_ufixedILi22ELi5EL9ap_q_mode0EL9ap_o_mode0EL_15628|       pointer|
|p_ZZ11network_topP13params_structP9ap_ufixedILi22ELi5EL9ap_q_mode0EL9ap_o_mode0EL_15628_ap_vld  |  out|    1|      ap_vld|  p_ZZ11network_topP13params_structP9ap_ufixedILi22ELi5EL9ap_q_mode0EL9ap_o_mode0EL_15628|       pointer|
|p_ZZ11network_topP13params_structP9ap_ufixedILi22ELi5EL9ap_q_mode0EL9ap_o_mode0EL_15629         |  out|   18|      ap_vld|  p_ZZ11network_topP13params_structP9ap_ufixedILi22ELi5EL9ap_q_mode0EL9ap_o_mode0EL_15629|       pointer|
|p_ZZ11network_topP13params_structP9ap_ufixedILi22ELi5EL9ap_q_mode0EL9ap_o_mode0EL_15629_ap_vld  |  out|    1|      ap_vld|  p_ZZ11network_topP13params_structP9ap_ufixedILi22ELi5EL9ap_q_mode0EL9ap_o_mode0EL_15629|       pointer|
|p_ZZ11network_topP13params_structP9ap_ufixedILi22ELi5EL9ap_q_mode0EL9ap_o_mode0EL_15630         |  out|   18|      ap_vld|  p_ZZ11network_topP13params_structP9ap_ufixedILi22ELi5EL9ap_q_mode0EL9ap_o_mode0EL_15630|       pointer|
|p_ZZ11network_topP13params_structP9ap_ufixedILi22ELi5EL9ap_q_mode0EL9ap_o_mode0EL_15630_ap_vld  |  out|    1|      ap_vld|  p_ZZ11network_topP13params_structP9ap_ufixedILi22ELi5EL9ap_q_mode0EL9ap_o_mode0EL_15630|       pointer|
|p_ZZ11network_topP13params_structP9ap_ufixedILi22ELi5EL9ap_q_mode0EL9ap_o_mode0EL_15631         |  out|   18|      ap_vld|  p_ZZ11network_topP13params_structP9ap_ufixedILi22ELi5EL9ap_q_mode0EL9ap_o_mode0EL_15631|       pointer|
|p_ZZ11network_topP13params_structP9ap_ufixedILi22ELi5EL9ap_q_mode0EL9ap_o_mode0EL_15631_ap_vld  |  out|    1|      ap_vld|  p_ZZ11network_topP13params_structP9ap_ufixedILi22ELi5EL9ap_q_mode0EL9ap_o_mode0EL_15631|       pointer|
|p_ZZ11network_topP13params_structP9ap_ufixedILi22ELi5EL9ap_q_mode0EL9ap_o_mode0EL_15632         |  out|   18|      ap_vld|  p_ZZ11network_topP13params_structP9ap_ufixedILi22ELi5EL9ap_q_mode0EL9ap_o_mode0EL_15632|       pointer|
|p_ZZ11network_topP13params_structP9ap_ufixedILi22ELi5EL9ap_q_mode0EL9ap_o_mode0EL_15632_ap_vld  |  out|    1|      ap_vld|  p_ZZ11network_topP13params_structP9ap_ufixedILi22ELi5EL9ap_q_mode0EL9ap_o_mode0EL_15632|       pointer|
|p_ZZ11network_topP13params_structP9ap_ufixedILi22ELi5EL9ap_q_mode0EL9ap_o_mode0EL_15633         |  out|   18|      ap_vld|  p_ZZ11network_topP13params_structP9ap_ufixedILi22ELi5EL9ap_q_mode0EL9ap_o_mode0EL_15633|       pointer|
|p_ZZ11network_topP13params_structP9ap_ufixedILi22ELi5EL9ap_q_mode0EL9ap_o_mode0EL_15633_ap_vld  |  out|    1|      ap_vld|  p_ZZ11network_topP13params_structP9ap_ufixedILi22ELi5EL9ap_q_mode0EL9ap_o_mode0EL_15633|       pointer|
|p_ZZ11network_topP13params_structP9ap_ufixedILi22ELi5EL9ap_q_mode0EL9ap_o_mode0EL_15634         |  out|   18|      ap_vld|  p_ZZ11network_topP13params_structP9ap_ufixedILi22ELi5EL9ap_q_mode0EL9ap_o_mode0EL_15634|       pointer|
|p_ZZ11network_topP13params_structP9ap_ufixedILi22ELi5EL9ap_q_mode0EL9ap_o_mode0EL_15634_ap_vld  |  out|    1|      ap_vld|  p_ZZ11network_topP13params_structP9ap_ufixedILi22ELi5EL9ap_q_mode0EL9ap_o_mode0EL_15634|       pointer|
|p_ZZ11network_topP13params_structP9ap_ufixedILi22ELi5EL9ap_q_mode0EL9ap_o_mode0EL_15635         |  out|   18|      ap_vld|  p_ZZ11network_topP13params_structP9ap_ufixedILi22ELi5EL9ap_q_mode0EL9ap_o_mode0EL_15635|       pointer|
|p_ZZ11network_topP13params_structP9ap_ufixedILi22ELi5EL9ap_q_mode0EL9ap_o_mode0EL_15635_ap_vld  |  out|    1|      ap_vld|  p_ZZ11network_topP13params_structP9ap_ufixedILi22ELi5EL9ap_q_mode0EL9ap_o_mode0EL_15635|       pointer|
+------------------------------------------------------------------------------------------------+-----+-----+------------+-----------------------------------------------------------------------------------------+--------------+

